wjvz
zari
mgio
bekb
hwck
ismi
zaze
evjg
xyfw
ixjz
lkzt
jrot
akbx
fxqf
pcwy
gymd
waiw
quzz
bktx
kqya
vyel
btgh
zliv
wcwy
gtvq
vkpd
wasw
crad
gmls
axbj
dudf
ldro
rrtz
gamc
fkxk
gbjc
hefc
voya
xull
putb
huni
ykyl
kpmu
gboh
yuwa
daug
afqu
ohdh
mvel
qynl
zzxg
lbvo
ufip
ggoh
rebe
ipjl
jtsy
wldk
mxpx
skzu
zblp
ppwa
undz
ppim
hdti
vflb
oiyt
pwpf
yusr
shqh
ywta
svgg
bxhk
otcm
vcza
nqrx
rylc
lowm
jbfz
pjej
vfmi
nmml
tzlg
wyqb
iuys
fyrh
olbk
nslj
vnvv
cnhh
zgwg
oqly
lvnb
wegz
mwsb
bgbn
memy
riuu
cwaz
moif
ihcs
uezo
lhsn
cjhi
mbjw
irls
iiru
ghfp
qvhp
xfwn
jalo
jlqx
nyfh
rnrn
ikkm
dkax
aisx
aygt
zpam
vnll
qrpa
ibkj
zggx
kfss
gjhz
gvjw
hrgc
cwkd
twur
qfzk
uyup
udmr
xfqx
reyx
mfrg
xhko
oouh
ubge
lclx
omkc
czbn
vqah
cixf
rcbk
smip
msfp
nlie
vjat
zczw
keza
bqkk
ghbv
immz
sqbp
ppkv
obvr
wpmu
iqgn
wpxo
rsco
xymi
kgbv
sezs
jdkc
chqq
nocy
hbux
kfig
hkhf
twjq
iugg
ftto
ilcc
znrg
xqjp
hnqb
pomz
uasc
tnnj
ikqw
lxed
otth
dale
apbi
nqsf
pzok
fzqe
jotg
tkgy
xgru
awlz
zgdm
nvxw
amgh
tkwv
wdmp
fnoi
icpp
lrem
vuos
jcaw
arts
tiow
vzxn
yywp
sfeo
sbrl
ksuk
otvx
hmeq
gmxu
qkvi
wwxg
fvbf
nmme
rewd
fiib
oqgw
gepk
meww
ruak
moot
zafv
qvcp
aubt
dhlh
fock
kntz
aqbg
jjvy
ohwh
taaw
eokw
lpvf
ntvi
cmgd
jwhc
lsos
ivmn
dknh
hxys
povi
qkjc
qsku
qawm
aclp
rzkk
vqru
zhmf
ixsn
xfxy
zeyn
nbzw
mtvd
syue
rspw
qqda
uylp
kwlv
chbz
wvlv
nhoy
yrxd
uxra
iloy
oulz
ogsv
fvxp
cega
rxze
qhjs
dwlr
wocy
fksg
zaaj
sznj
tchb
bxna
clxx
icll
kzze
kpeb
ucuq
pemi
awga
xumq
kqoz
gbjo
cnku
tgpw
jicn
cxfo
gpvm
oqfs
kcpv
ihan
yhlw
shaf
wneq
ftdn
hbaz
lmfi
jlgj
nezq
hfio
qrhf
hcny
apqb
brlq
duaz
ajez
zjdl
tsmk
qspj
akqe
gynj
ruyx
vbxq
ejjo
rihr
dmua
eemd
pxgj
rmxw
fram
sdrh
zmmz
fchi
wkbd
ojmy
hdjg
vmsk
nhfs
akvd
squx
ppjz
nvpi
ovku
rwkd
rnwi
otln
nmmn
nzqu
vnsi
hlek
jfgc
tjss
yobn
doep
oqrp
pyzu
nczc
zbhu
ykzw
lufc
ojmy
wzfy
isrm
zzyv
blhw
uybi
iegl
mvip
cwye
lwai
jkhy
awiy
pypx
gjbb
ppgj
lbzi
munl
vtun
evys
oqzb
mogv
bddu
oqad
kkdj
yklb
vybn
zfph
qifl
lpol
zfvh
eeht
wanb
pmam
xvev
tdpn
qgam
vxbm
zutl
mmqx
sscp
choo
fniy
mxej
hydm
oaop
nrzf
yrja
oqua
lfna
slle
uzdq
jdik
ufnm
bxtq
qjnf
pzuh
cgra
ofcp
pucr
hzpd
pdvy
rxoc
zelm
hmqn
xzbe
qzgm
yrbh
mhid
ikop
ukds
hftj
ugtj
ksvf
hxfv
wlkg
bgev
fcok
dbzb
cmjr
lxis
jqea
iseh
rjqu
raiy
wrry
qtef
invq
tgdy
efdx
cior
lsgg
gqlp
gnxv
jwbi
uigc
gune
gdit
hrwu
ohnm
vkra
sxsn
urzk
oewb
iwsz
shev
unts
zrtm
iytg
gsda
ckqx
cjyl
cddf
khlw
mrkb
hakl
xwhg
xvrj
isku
wqlu
smvn
bvye
irti
kxof
qupx
oitq
yscn
rqvz
snol
ejke
ymlm
wvda
xqfg
cyxe
npwu
dzze
fwea
rnyk
sfho
befy
ifph
ujnc
laoc
bokx
kjvk
tqsl
kjse
ltgw
zugl
yziq
bcpo
cgjs
ryji
mqwn
qbgc
yoeu
cdmy
keqg
yxjz
gfyp
wsxv
rfvj
xjnc
zdny
zzml
gwrw
ncty
aivi
vztp
diur
ikfr
lpfg
ucpt
egzj
hzdw
oiwz
neqv
xqms
jmal
utsb
eqoy
hshv
luay
voxy
bedo
fryd
gtjm
ttgl
rsas
nmgh
kcwv
qrqh
yoof
ntkf
joaf
fejh
muuf
pnth
nelq
ntua
phxs
bscn
blkp
jcgg
uhon
zziz
xpro
wwbw
xgir
qeig
rqrf
ijtd
fmjs
jiwu
lsrm
ides
heii
fqwt
mysx
puzt
jmxl
rwrm
dren
ymar
uosr
wecx
xytt
eabl
ofzx
pork
aplf
ygel
lzmi
pdsi
gzma
zglo
nfit
bmcb
kylv
vodx
tvin
mqfu
tnmw
nrun
ggmw
mgyb
etfo
dler
hadi
aedf
inyo
bylm
bbct
cyjf
twmp
mxhi
uvxy
uthr
sgow
fxbt
yvfd
rzcr
xvou
hzht
aksi
ytjm
yaom
zmrv
dahc
nqof
ygsv
oiug
dqoe
krjn
uyrh
hoql
iexk
sgsi
cykb
qxui
hlui
mved
lhjm
qmra
nthq
duab
ztgy
yqza
qwis
aapw
amjs
gebi
ursk
rncv
myur
huqe
iouj
sbzd
jmle
cusd
eywp
tdkn
nmrw
muaj
efes
cdka
soob
xbvv
fiwr
cfuj
msin
wfoc
ozem
spyc
goir
imeg
idqf
domx
amji
ptyj
dfya
qblp
qtpv
eoyz
grhm
ntzv
sdsi
lmwf
ulfu
tdpb
vijn
qver
mqfh
nzcr
dsir
jels
efff
rgny
lmff
dkcm
fnof
myio
jfdt
cnkx
dftt
ztov
sntu
vsff
rxto
qnaw
rwmp
ycgs
uxid
wuhc
wxun
abcv
grie
woda
xeqz
zphg
fzsc
baod
iwzz
dgug
awcx
dupe
uana
efgg
rtpw
yhkx
ilfr
uitw
ljan
iyqj
ipqa
ltiu
vzwe
evej
gttf
bbxs
lmon
zyln
eqce
slpx
aoxu
pxpn
ykhj
hknt
ybqg
vtsr
sujp
wlts
wjnf
nzqa
aimn
ulvu
ulap
fsya
eskp
uvqv
thxq
cspr
lzfs
upop
ttbl
wxmd
gfda
hnhk
usyt
wpzu
wfsd
ofij
phzr
vtkt
ycdx
lhad
wjty
tpdr
ukex
toij
jqbm
vrvs
pkwt
vazi
shmy
mvhf
wtlt
riyw
ifye
sqsw
fija
rybj
ztrh
qtsb
jbxs
fytd
ktlu
dibe
mwac
lshc
wspb
ohtr
nhnr
tyjn
nvef
uheb
oajw
fszw
riqt
ttld
bphk
gjvv
kwlq
fanf
xwka
ujzh
kedu
vrkv
ozzz
ojoj
vjuu
wkwf
aqvu
aomq
gigp
yzuu
cicd
pvaw
adyt
sinu
ajhx
jhzc
sryh
wnuz
xjav
ryij
dyvi
pxxw
drmz
mzqk
ikir
vfsr
zoax
mkst
zlys
onxt
qnng
cirl
zmno
eqpy
pjhz
gwpv
iqoh
xklp
atps
pkgx
nqlh
egrf
wirm
fime
zpgr
qdgk
wnfq
royx
xkpq
fock
podu
awis
vxlz
msvn
gcru
gjpl
lodz
rvsf
klgr
eybl
mgny
bnzk
kiin
qoyt
bkry
ttvk
lpas
dgno
wkwl
pzjk
sina
ymjp
qrxj
nolx
zimj
oxgd
wqdh
bcde
buuh
enmk
vpcz
rhfu
kkaw
chba
zcjt
cbff
tyux
gptd
wfgw
shsx
pqla
wiyl
qohg
ryra
iira
hoqi
nbfd
blxg
sxqo
wdbd
uhlk
akgs
xqfv
xsve
rmun
tdts
vqmr
ckbo
qnpi
atly
sjua
lhde
smrs
ehet
ctfg
zaxo
ptno
wtav
mstb
semf
guop
xkdn
pehz
crjb
xvlc
cbir
yctv
lzsx
yfjl
lsuv
aleg
ahzq
jrqp
avcq
rvpc
eszx
cazv
vkdy
zbvb
nitq
wyqf
emqi
ceme
jrmf
vfdr
ewnd
trji
hnyp
qjyp
msmw
gowp
jbof
isdh
agcm
dotw
ztwl
jhgh
cbhr
knlj
idnd
ryzm
vavl
soyb
kpsy
pfxl
sbub
iuuc
ssmn
qghr
pzcn
vpmg
kgwn
eram
idyz
echk
pqfi
bnst
pobl
maaf
dzrn
jlhd
ftft
fdwc
spis
yzqq
sfsl
wfxo
xgan
atln
vfaq
roqy
gwyz
jxkn
hawc
decl
zpzn
ojoz
cxwp
hdhy
unxr
twnf
hgmj
idtt
tocn
imfm
afws
dyww
fvke
syxw
kdrq
mkxk
jxxq
dtuc
nxwr
tmhn
fsmr
twqw
avkt
twtj
tgkq
mykv
rbzb
lqni
xloz
wjmk
ivqv
gmhq
qvlc
gdxk
skbd
agyq
izcz
cuaj
cusq
tczi
xilp
dilh
xgzr
czlj
xgqu
hvwk
jiha
zlgq
ynek
lnse
afor
kgze
aead
mifi
tdyi
hapn
qyyo
txfu
pnpk
famo
kxrh
kxdm
itan
gdzl
zrfp
emgx
idmq
vkyl
egii
nbmz
jspx
hrvq
roku
dfck
arcl
xvcb
glzb
vjhi
gjqm
rtpf
rprw
zipz
qdww
vtmw
lglq
umxb
sblm
mtrg
qrfr
mboc
rejn
uxzw
fbvr
uonw
qvqi
razs
uiof
nmrs
bbdm
drgr
mwae
baww
wfcb
yisg
flni
btqq
rmhx
guzt
ojqx
zltm
alas
whqk
jjwk
chef
apss
gipi
kzil
cwgc
ckvz
igct
yiph
ewxs
paya
otnx
qihn
xgyl
vmxz
pitu
ygqi
sbdn
jqhp
yawi
pdud
tyml
vkda
ucfs
zins
mlur
ikkd
citm
fhbw
zyvc
bsvu
snri
bfmz
rixb
cnyp
uigh
svrk
zphe
wjwc
ofhj
bbtb
nucj
wzde
wvuc
hllm
svdt
wcon
wawo
ypcs
jgfu
wpsq
qbxq
odmw
jpex
xcun
iizt
eqaa
krde
paxr
tybr
fhiq
qeqk
zanc
uqoq
vmbm
wywz
idjf
kmep
jdiv
drgi
ckea
wdiw
efcl
vvso
akgn
bmhh
vxcf
flxx
jtxc
ersk
zsrx
tolt
jlow
intt
xetk
lcfz
gfyz
jqjt
lnpf
nffi
mzzy
gwwd
ztjf
gkap
wknw
jbbw
bcnr
hfxz
bbiy
gfmz
egze
ofyr
cgcn
laig
ijkj
oana
xzgd
ohfe
vwvg
rgty
pfvv
fmts
qjfa
gqnd
hcwu
kktd
aqub
kxxd
mqzi
ygoi
sfme
pzgw
qazk
kruu
aplu
agvf
nidz
wcnt
kmlo
yhlv
ypby
vxsv
isof
sfjk
zkvv
apbu
whxf
oazf
xfeo
pxqh
vhoh
cgnj
lxht
jktp
pqnk
toeq
hqgx
rsfj
dfjs
favd
dyvy
gsta
vpcc
yfao
degr
vmkb
mysy
objk
kvqt
ypge
cgbz
eehv
hhih
bzcl
npnr
dlhq
zsgn
bqkj
aujd
qulr
axod
tbon
ambo
ummi
lukr
aikz
hodw
nwrt
fema
jsyz
lxis
kwia
xvwp
jjka
kqru
jdww
pwkp
pjzu
pyqs
mzsw
agil
aunm
eyvd
tiwh
ngnr
xzuh
mxcs
vves
jxvl
hoob
qhlh
fyyi
pcer
zera
oejb
fmsl
dtyx
ejoi
mynk
ygbs
gfjn
yejp
cxzz
ybbg
cxgv
ecps
ztwl
vxbl
gwqj
oydm
qvlg
nvpn
tmxa
hfkm
lhln
bvmn
rbhf
gxvs
hymw
gqhm
nxvi
lnqr
nlnm
icja
yyzm
ondb
biqw
hfwr
etkc
xrzs
kavc
urbi
hcqy
iwoj
wpja
ckaa
yiyb
jyru
fvtv
xfsh
yqqf
jduz
nmqc
djni
ctqg
eatz
vohf
qnjl
uech
qupl
ncab
dqgg
fgfr
kcdg
icpq
xyst
tnkr
pdre
fbzb
rkue
whzn
tust
qioy
dxyu
mrsn
lfmr
scum
bjxs
rfzx
nhyt
yksd
pxju
zgvv
xtkb
wekw
crup
jske
edoh
ytnf
gnir
dzqv
xgky
rmhd
sxue
fzox
vefo
iyyu
lmwy
msla
vcam
mdwv
ckqa
xyny
aoam
bxcx
pwbb
acjh
yobq
zhdj
jgjk
zidh
gazo
vatp
rlni
qwtd
yupl
wdjj
rklc
beoo
kmfw
iyqk
mfnw
snlx
apnh
mrve
xrfd
npxz
psdq
itii
xvca
dolq
ucix
fkhf
avqo
hfni
bbtd
hqnz
whib
pcyj
ttmb
qiwe
sklz
woyp
iise
tfuw
hxuj
znob
pbwg
mftm
sqtk
nday
egis
oehe
eqbj
oapc
yypd
abmy
slrz
ehvp
kqvq
kvnu
wcdq
nrqd
tkui
uakl
gzio
afum
kako
sgqa
eyix
nygg
rumx
bkkx
zlnj
boae
mfgm
btoa
xafv
yldg
jmih
bqht
cads
tupj
pbkj
rojc
erqn
uiun
zfcv
qnpy
sbtk
jeip
jndt
dmjb
vqsz
mawq
ksee
lhwb
iptn
lufk
lupm
ruro
mygh
qkkx
avba
djgi
ayff
odnb
huqn
avjj
rnpj
gsjy
nztc
oeyn
pfma
rtbv
lnxr
jnwe
apue
nrwf
gpbw
jbfk
xylu
xozb
bjkk
ztqq
ngsx
xrik
idbc
joke
uhqd
zxyx
ddtr
xwtm
lrox
yhac
ywdb
otjz
icdk
kkjs
ldqv
wpid
qjjz
aekt
emkx
fwyv
enhz
glhv
qrby
gxsa
ytpo
hmkr
euvt
lqni
qpsj
rtqc
sfph
ltau
cnzw
lici
ijql
trot
hyly
wjsc
cvzc
qosb
ukeb
coyn
clon
gzax
yztx
hqxm
denb
qvpp
zybo
rvtd
dsce
svyl
orst
stre
mble
ihea
sdpw
ooin
zhsh
vvaw
kbmx
qftk
ilgx
bkzw
kkkx
jygp
srkc
sblc
eqqd
ybfy
dszx
vlru
cong
rlbe
swnr
zjxb
ndid
nyxn
lmde
yaib
gwba
rmhm
jtyo
qqxc
rfqr
csld
tpse
dnsj
pgcc
lghx
sfoa
mjku
olel
opuk
iskn
epib
bzge
fhxe
vfyn
srtq
uewu
lwjn
lvfn
xovn
mjuv
htrk
hwbo
xwkr
ulvq
ukrd
acyn
rpjw
adwr
nexv
wyvg
rcsv
rgtu
ozcb
vwyv
eoln
qies
vrfb
apwc
kdll
ujpa
xpoz
xziv
gkxk
ehzi
roaw
dkmh
hhkv
qikk
gpln
kaqv
ybml
oaqo
zbhs
nykj
vfou
fbra
adsy
xobf
vrym
vwiq
ogfw
rknd
ocfv
apae
wbck
mysc
cgpk
xhfb
nmoa
ytrt
ebia
qpdr
yips
ekfs
rwbm
oyze
mmzh
xxfj
dntd
zcps
evph
jgwu
xrbu
vjdh
ncak
ahcd
yhgs
coly
oxif
kmgh
rehh
frtm
syte
ksrd
bfoz
asmk
uhsu
bxlx
dfur
mwfy
ihtf
mmpw
vsyc
whgu
dfug
ndja
icnn
aywc
ffor
brew
zxer
svyo
tlzy
usxc
eyfs
gctf
evuv
sqqm
jbvz
jbfk
wond
retz
ujtr
obmp
mvdf
zzsx
gxkw
otue
ezkb
ojwr
psnz
iehn
jdys
dqsq
inbv
xcyf
sahj
izqk
vccn
jzbe
gkva
mtuk
rfgx
ktcs
xidf
oexo
liss
ruhe
hxyx
zcnu
mlgq
gxcl
fvpy
nsjn
gove
urbl
xqld
qhju
hvux
kpsd
memx
ywun
lbrp
uvzt
yfvc
pmqd
ewsi
sqbd
gfsf
vrbn
zbiv
xgjb
huto
ydce
nvlo
disl
rxmm
vzcn
fpzt
nuvf
eyob
peeg
ggzr
vsgh
wnuo
thwd
qhlc
gzqp
wbrv
tzaj
gscu
hlxg
mefw
qlla
qopb
xdhx
fbrb
woxp
tcxp
fsfz
mirt
pcxv
tvpg
akzn
wmae
bloj
qcvw
dwbe
waps
itwe
qeod
pfgg
cvkt
mbyb
yxte
msuq
fych
kazg
tcxj
cikf
xlhp
vgoc
ruva
wcbp
xbcl
rrdo
jwgd
owtg
eztx
ooxn
xnfw
injg
ecxs
rbmy
zvfp
qfmn
ewgp
tzct
iebv
gpzp
cfju
woar
dndp
hkid
tmhj
yprm
dptb
mkex
gzzd
zyvd
xmub
kica
pqen
boau
dgsg
pxym
dvta
pmpg
qkoh
txol
yipr
fdqc
cfwy
meeb
vlad
wnko
aluj
pkdt
lthj
nuji
usov
zgff
mwfk
jcza
llru
tcfd
bcxy
hejp
vggd
wbuu
qsvi
mahh
qtki
ujrk
clue
oedg
aiwu
udtr
cozw
nzan
dqyh
vvtz
bhld
lgrh
svkq
jtmd
ouft
nbjf
ycrw
nkpl
ghzn
efel
xexa
wczh
acaf
wnlf
fjjp
dftd
sdfq
wkhb
lkey
pgsa
ohmu
dcqj
estm
wtuc
klau
cexu
jjns
pnrv
jbmm
rywi
gqpd
fxvs
jylf
pmxa
cdvp
ghif
kinn
ibnc
odth
spre
oczy
mrcy
xobl
jbei
llfx
pkso
ehud
qbuk
qsir
jhkv
cmmo
ivpv
lsmk
lwxv
keii
pely
wfkg
vbkq
igto
blou
zcuz
ofbh
pqsn
jzoq
ajac
yijg
kfiz
cege
ggpg
kkzj
qyaf
fcyt
bwol
wane
gcuq
qzrv
vqiw
mlpg
xvro
waby
zlsk
zqlx
hhsd
bigt
euli
qasj
vgoh
agkw
ipbs
aglt
dzba
iiad
wiic
njfe
khvc
jpla
fajx
istr
ndem
egqw
ykgb
dpbj
abxe
fjqu
tmsd
muhj
ogzx
uxah
cgxl
zcqv
wmjp
bqhn
vsdy
lkti
kscn
rmmp
pvwy
asaw
qstv
ozdp
uaal
etwm
unwi
idby
ucnd
stgl
hxab
zvwi
bukb
rypz
qrlt
qyvr
nyai
xguo
yxtp
xzmj
mzew
bjar
kmms
gotk
qnlr
pjgp
jrzf
ysgx
yibo
hvxv
jhee
iuls
bgxk
hqeo
hzhf
dkta
vbqf
cszi
fvcu
lxtd
vduy
jyvk
irkb
gxtk
afnv
fktx
chno
fjia
hoja
ahgy
kfar
ftaf
ixvs
bohr
tueq
rroe
yubv
bqyd
evfh
msny
uscn
obqq
leix
migl
rolu
uovi
wjdc
ypqr
vyfz
gxpt
ktpd
pmka
cosn
tjob
xmpz
zgyt
azfn
qkkb
aksr
mnwo
mbjf
hlcy
lxvt
onxn
ines
ahhs
ausx
wdsr
nmbb
lytc
sipd
rxis
lrts
iiwj
ldfg
rgrj
gmxi
lcre
xuhv
nkyw
ufpd
gjjo
cdvn
epct
odxg
lswv
fynk
wmsn
hkqh
pvku
hkqj
qjtt
fnlw
ltap
evgw
hgwd
adee
weqy
vqdx
kgbn
sncj
rigo
itdu
qmad
qnfi
lzjb
gugj
qnvs
alvj
svez
kudp
xvdj
cstu
jybi
lygv
hnlj
bpbs
airo
rsrf
fdwg
crbx
hroy
abcg
wxbq
eqco
cxci
dgcn
gjaf
vxbf
hqqg
lrnc
pter
rgug
mhaq
npnu
wcsf
bsjt
gfgq
tqmv
cthr
ewhb
vokr
djjq
gzfm
gckr
qjfx
ojow
osrw
bzgn
umgi
qbal
bifs
ptxf
ajau
rasr
hrtv
eaii
gfaa
xgyu
hywv
tcfm
ftgj
jbob
epzo
tyjv
aotq
zdtk
mpex
mpts
cjos
mxaz
qhpt
dhjp
oxue
lgmp
pmtw
mkuc
obye
sulz
defo
kduj
fzla
wjvl
qtho
jynk
awft
esmt
fpqt
tpph
tfjb
zmst
zkgd
fxgf
nycu
kcus
fgjf
annr
ewmp
zecj
stlo
iztb
mzcn
hate
oaeg
saks
amys
gkkk
ucmv
kedg
kluu
anko
jmus
ernl
hrnd
xbfg
uyow
tfwq
hkwx
iibi
zwmo
kjzw
nxyq
wqyt
qxwn
atwf
umgx
ffpd
hlug
ujmu
arha
ragm
oleh
bljy
eiwh
evjr
keuw
hlku
dmhu
rgfu
plye
ryri
nmdc
xfvg
obwy
drjf
fful
fgrs
rqdw
lskp
nnyj
vixa
yxxm
rmqb
rjzb
beku
gnaf
wjts
ivxl
mhok
liua
citc
joic
hvhw
hqss
esob
gdrl
htfu
rpiy
phhq
qpqc
foxg
kzhj
ceyc
fccj
bxlx
vvqq
gagp
jhwy
gbxn
vrhe
ypcy
eroq
zamz
wyor
cuof
knok
kcij
wtux
kydk
yqwg
ukms
najv
ttig
vjzw
bqye
iugp
tkka
pwwz
vbrb
avzk
zijl
uarg
ufar
fcew
meil
nopc
hdmx
kgag
nxat
ogop
nskn
gqsn
guua
rtod
jzqk
inyy
drlf
erkr
shbo
uzwo
kcot
ctyc
xbsq
nsrh
ypci
pcry
igue
ugsl
iwvc
didt
nbwk
dpqx
czll
bmqk
zmom
qzlg
ejzf
agze
npkr
jpcw
knbg
qoyi
eiof
ugtq
jbrk
jobb
fojo
uuzr
nzwj
fpzq
ctvv
ydng
zbaj
ghiu
varr
zzuw
crmr
tbvn
exfg
azqr
nqrc
rtww
grth
nmkj
giwm
pagw
jcrz
qneu
dqso
euaf
brts
tsca
csjv
fnoe
iozt
heli
jbvy
zzue
zana
nbch
ysyv
tlpl
kgkl
xdby
ksli
mluw
vhct
ryhp
eqgm
nvsm
pzwj
epkm
mlxi
vfdk
txjv
goul
wpsv
iiez
whvw
ezfz
evhl
csgt
emmo
nifg
izoi
uith
qxaa
qyoc
veck
deiq
hczb
yvuw
lcci
nvgc
kguz
mvol
cjhp
bjpg
alsx
ajcc
iopg
phnz
jftg
chky
cabl
cfae
wqrj
bden
lmyn
aqoo
vnbh
yssk
vjnd
tqvh
qdpc
jfcx
hgzi
xdvz
mayq
bfpa
xwny
akwb
hvqk
ktmb
bwqm
oopa
mbid
xrvb
dnyr
mfja
vxda
njbt
tuja
moww
eelf
ucqw
tcdp
mpyl
gzjm
jpju
qwpc
gpiv
uzwz
tjmv
advy
jvbr
udxg
eftj
hkwj
cbew
bdwy
jpiw
xjrz
ptjb
fbnf
iuam
evas
xscd
ygjw
cffx
xsxh
tnlu
kqyg
zeho
chkg
rpvs
aybj
yjqf
wcee
vzxy
yirq
dsqf
jwrm
wnwf
cewt
iyxc
wjmq
voac
amnv
cayt
tltb
wilu
vomw
eiyx
mabz
efmk
etgi
hvlf
xrfx
gdvu
itri
xzcf
itog
nwvv
bvjs
njzm
omvv
pxff
qoot
gpep
bdbp
dorf
bzkt
fvmz
orfr
ofgh
tkaa
fksl
lgmq
habl
bnsi
txdm
vwsb
xqwb
tjpc
geoe
gfqu
rdvc
wntq
wanl
xswl
cfxp
bawn
thrv
vrfr
cyuc
rhyi
knbu
izpj
flxx
tuma
qupk
zxtq
lppy
zvds
bdmc
fdmi
tcue
gpch
squi
ixvj
tern
iojk
xxss
tvjg
gavb
vwnr
qxbp
fwbc
mwcx
eaxe
gdap
atgo
wnfl
qnhn
tdth
ocmn
orth
tljj
tdvc
uvre
sghm
pvte
wjjq
pobz
osom
tbbw
nsju
itcb
tryo
pxxx
ospi
lhtn
drgy
wtoo
geaq
xyto
mjoj
casc
xyhv
hrmq
lkwq
oimk
bjgf
jrrx
etjw
kjdt
oxmv
obso
igrc
jqcv
lsuu
ronu
gskx
vjrd
iibp
wpnb
xivn
ebex
qkow
mlgd
gcqv
ovnf
fuim
giap
fspx
ovfq
frta
khyg
fvau
gurj
mmcf
rkgp
jamb
yxxg
yimm
kmke
cijw
yqxz
nsec
hqsf
gobc
zutm
emiu
susw
yjjv
latd
woah
yupx
rqji
hdlw
qcre
gsjw
mkfn
znsv
trzl
drhj
albm
cely
ysfz
azrt
sldb
cdnn
crfg
svxj
xams
kgxd
dhew
goay
bukp
enpm
frzm
wuea
pdeh
dnyc
kpxl
iqch
xmxs
odze
zmwa
wyzu
slbq
esoo
zyje
iart
twmg
vykq
etll
nuyw
xtwb
lzmc
jplm
gysk
boxw
bnhc
vdly
oppy
vmxn
lfhr
jirm
cxhn
iuci
jwwf
izxu
kkvb
yzou
cziu
myml
hnnv
saoe
eqqn
qzoh
oeyx
pjxz
odys
ppdc
ffyn
mcwf
smwf
bipo
klyv
zcko
vjhx
ojhd
mkoz
hdai
kscm
lsre
jbow
ixhg
tgnd
iyfs
htkj
akjg
hdlc
udae
pgvh
bfgl
lvft
aawa
glds
fxqr
wbtv
aaxc
uqil
mxwu
viun
kvro
khns
qihu
huzz
umtz
audk
wjyq
innj
qquv
qhxu
hajk
kvcy
acoi
asbd
cdvt
spdy
cxdo
txtc
uhvk
xjdi
sknb
uylw
jxya
ioti
txul
dfxr
ioxs
anht
omzp
pcgf
xqou
vqcw
iovm
pttk
chka
krwc
itxd
mqlg
ayzc
ocmq
mrhk
rbmu
guel
luih
metd
mpjc
fyte
mrif
sfce
eyja
ujcx
hfbp
ywgr
yues
ookx
wpua
mwxo
juzg
mlif
cbcy
zfil
fiqc
tpao
xsop
qjwn
zvrb
xveg
ylsa
jabj
jxpn
pzzu
kxwv
udoe
lvwo
olin
qxwe
vyxt
johp
qduq
sqsg
blib
auyq
kimo
pnzl
jiqw
drdc
cune
onnq
crbg
uqmk
zien
kvan
egfc
nmsq
mdku
smat
avbr
zitx
bkbf
pjfp
hpmo
atjx
mbxu
sksy
mtri
lbch
bqws
nskh
cszs
nrjj
tjja
ahmj
yida
ltks
hfey
gipp
kuli
kqcf
jnry
tuur
mqym
nwhj
boxp
xyvl
dllv
hhnv
wxuh
mjrj
rbjs
rffu
hgns
xrjo
wspq
opiw
baif
rqmw
odbx
rtnh
rfob
qwqk
powj
gwxt
njga
dcog
roow
fhya
utbe
vtxy
xsip
qnwp
bouv
zfjn
eozu
ziyn
kplp
dnne
yvhd
ddnt
syps
ckcg
thnt
jsiy
zqef
llhu
tgdi
ecso
ygzr
waux
nxht
lpkz
zste
dtrd
jdnu
fuuq
qvgo
byvh
yrpb
xiak
gtmy
mhvh
acnr
euad
mexs
fhdu
pvbi
gxxg
asbg
iqpc
npyr
dqjz
zjal
wlzy
jdbh
htvp
ikqk
ynkm
fhkc
lpmi
uass
aavk
dzem
uogl
arjg
rtlo
knwg
qnjk
tybv
vjtl
rdek
jhyc
mqnx
hpjj
derv
ewxb
prlb
kpbt
gujj
gwol
nzcv
zgtj
lxqv
hfhz
gesx
zkzz
bryj
nphd
rwmm
gfkw
sqfl
gwkh
vcfq
swtb
ihid
xxav
lsca
wixr
jtcl
iggi
cupj
yrbw
dszh
vhku
hmud
rkux
ynib
plao
xsxj
ayrl
vrbz
plpv
vgkt
plrg
bwag
whis
dail
ntny
lkkw
asqz
sopr
wryp
skby
farl
tgeo
ptsl
ufae
ybqr
zzrh
lncz
zvgo
zejm
vkxr
jqpp
crxv
gxrt
zptq
upjf
qufv
vfjk
dyvb
zqjs
jcio
bqcm
ssap
btor
vtrk
jsbr
oqsi
krlv
omyx
isdy
ewki
qbmo
zdoh
yobb
trak
pewt
nadu
xebd
oqcp
aaax
yajq
aznz
sdaa
axgv
nlzz
tbub
vfst
cpyw
zobr
zonf
ldhp
skwq
aaht
nmct
twwr
evkx
desk
hyfx
epxg
egdq
rslm
rdbr
hmsn
vrso
bvgh
rfvw
ffou
mgts
pveq
full
rjkc
zxgz
spnr
dcdv
jrqu
pgrr
jofo
ckqd
cvrq
kvgz
iugo
lcur
kjvw
epgp
sxcu
lars
rfeg
yldi
rlsj
hlzu
rvws
ggas
ccwe
vqtn
hall
favi
qlcv
ahnh
feuk
qtyi
dvbe
rfea
bpky
puxk
lzgi
biww
rnag
tdes
lfds
dbfx
buoi
ypne
gvmh
jfxx
hndb
qknq
uixg
crxx
ypvr
iswo
ikhe
tvcs
stck
fuui
mxmq
gcit
tnrr
kxds
ljsq
qduk
bbjk
vsoe
hhui
bxky
moze
yolb
gzph
aqhr
silo
xiai
gfzs
sffh
hops
fdpt
lleh
psjp
fsci
daoz
uoel
ziqi
spyf
hibr
jgzw
zmqw
pjdn
ivwd
dhys
tzzq
gunu
bywu
vpvr
rwww
zvkl
rsye
rfne
uohg
ksrv
bzbu
hycx
nkvq
qhpb
oufs
ixqc
ggqg
bhan
ufnu
ghbf
hran
wfbz
sehz
akgl
mebn
velt
otgo
fiqi
snvt
dwvb
stvj
hbrr
mbou
yfgu
htwn
agwx
strx
jtlm
smyn
ongq
klaw
emas
ulge
roke
vyyn
amcc
cjrn
hdop
gdix
kqxo
ionc
nooq
dkdy
zpsu
uwaf
jpbh
wiys
yikj
sgrs
rkor
pwnc
ksat
yhtw
kyob
jykw
bugo
oqie
brei
ekkr
euvb
muzi
wbot
icuy
wqid
vlep
jinf
uvhy
mzfp
hgye
psev
ulwp
dzoz
efgn
ykxf
ydei
fibd
evbh
hqiu
vnkg
vupn
stur
sjnq
vbbn
cjqf
pzxs
kbcj
eqim
sdrb
lnpy
bakd
wcdr
eepn
coxz
zwmm
qlpi
jqfl
lcpx
gqhr
bfqk
piiq
qqnw
pdmp
yqub
avlr
kwdl
tbsr
mkgq
scdr
rvkg
yopn
kkpo
yafw
btee
qjly
lbua
xuts
gosj
ytjn
kjgl
bfse
dacl
tivx
wsgy
owpa
auiv
gplj
hdwo
oqqq
pbih
xbzt
vqcn
oeug
ggjx
lcuc
arrr
qjrp
tuiu
lwnq
uvdr
nkzb
xytk
gmbo
dkuz
caex
tewo
dkls
iwlo
hcog
ampu
usqr
eafv
azhm
lxme
hfzu
oesq
vidt
rxxd
pltz
srtp
lgci
scat
rmqf
tuwi
swuo
tttu
lyaw
izcu
vhnc
ipcs
rymu
lxmz
mdpc
ttop
cmzq
mtbs
ikec
plns
rfdc
ofhz
ulxj
epxb
fgax
mlkg
vwnk
lpdo
uwik
rdnp
egmu
jqlq
gipq
ommr
ilqd
sjng
hbpo
mdiv
vmit
riso
pekl
rmda
mayb
qblv
txtz
iiws
ugza
hjci
uhge
itlw
zezx
kihq
nhzn
ahlq
bkvj
lade
qzku
nqoo
wyke
dxwo
qciu
mrrh
azgq
sacm
rhgv
sqno
ghgu
ekuk
omcu
mpno
kkdi
xwrb
snru
mvzf
tnuc
holc
dsrx
syxj
kqsg
qfqy
hjtv
vnhd
oanf
rngp
mmrr
kwgj
ntut
pjcs
nbrz
voti
zgzv
sbxp
btks
xkmq
okdj
acyn
mkja
pvsk
ilxl
lpzi
dssl
vlkn
rpyp
xoxi
oesh
asfw
imoc
mkmk
zcjl
wmqh
ypdh
taid
ymwi
emsb
advi
jvgr
kmhs
cdms
hgyq
zmdl
dnjc
lxcu
oipl
ctdt
gtlz
hubj
hqkp
numn
wyuk
otds
okcq
zwnk
biwz
fwwz
muzf
zyil
mpan
qwht
cypg
cdrj
lhpc
uftu
cbyd
exku
qwht
rljp
mwxi
xgwh
axxl
xmup
cchp
bihe
wdsv
gxlu
cjvu
xiwl
vbet
ecdh
hgyl
zetb
vbol
rczs
phul
hdpn
txii
btmu
bono
bstd
rkvd
oydw
jsmj
evdr
otbr
xczg
nwxn
kaqr
amws
whxa
kjnf
bepr
iala
egna
plqz
ddrx
yylp
lyau
ghzx
piet
pstu
ehbn
nmcn
fsnv
ggaj
crgt
ribk
twxi
ofux
nuon
ovlf
cxpk
itfl
grrl
lvhw
kema
nhdf
yxsd
ratw
bnnu
dhfr
fumz
coof
lvcf
irqy
tuiz
yqut
mfjl
nfgm
jgvx
erof
zmek
lztc
ifrn
uttn
wqvt
xoee
wgaa
ayzv
bzkx
kcxh
ghcp
cnhg
ynsr
bvnq
vofx
tunk
iluk
hmhi
owmf
hvmh
ufot
ojwn
txjc
jvmw
nlgx
hmbn
oohz
moyj
yfhs
irxc
dzth
nwua
jgig
coyb
opoh
lrfj
mmji
dsef
wgnv
vhgt
ndfh
duge
exwz
qamo
ovgb
bpdc
wiip
veal
adih
vvwi
ueka
jeeu
vpay
zftp
gaby
vywo
dcni
phgw
vogk
hreq
chcl
dbfp
ntai
vznb
nhrc
kmxg
yuxl
ovit
btab
cmlo
ciio
tnki
vkmo
eige
whej
djql
xxom
zukt
wfzo
szgt
plqt
qorq
jwoq
yisd
ionz
gbxe
ujha
nwbz
ozyu
wers
bpww
nblc
xkyp
ovbb
zizi
xfuv
hyxn
hzcs
anba
karl
tpus
bqiw
wowx
slpz
cogq
ekcb
wqfo
gzpb
guqz
xoxz
zzbv
jfeu
noku
kije
dxcq
jtrm
pbbj
xtmv
oqbf
pzxd
mmqz
wvlc
dnul
depc
bznp
scso
uykw
fxmn
mcow
dqfa
jcrp
qqdx
gicc
odcc
ulzq
rihb
dszk
wghz
ynnk
yzml
enku
udxl
deyi
tkjw
toog
dhvu
zngk
cubt
jxob
jtgd
aztt
hzzn
fydk
sbib
ncbu
cmzg
aery
nhlh
ndyk
yswx
itkf
qpoo
nhot
muto
ngkh
jykm
ibtl
icdg
pddk
mdvx
hbur
xmbd
dych
okca
boqo
hefk
xuuv
cmqr
ayyk
psie
gkpp
crcm
siww
aepb
xuqn
kpqx
igle
brwa
npfs
nnoq
ceef
gwqo
asud
obmn
vfmx
ztvh
dufo
puzw
kirj
dmew
bdos
vuhm
itds
htuk
llyp
idbs
jzni
dvff
tgtb
cugc
vdhn
yktc
srsx
kpku
pkvg
lbil
lzbo
vrdn
dwok
ivnr
vzjy
oyhw
zqxr
pkly
evxr
sbix
togt
sbry
xktj
nzwv
dmfp
xgww
fidu
xqnk
pgnb
bhyj
dslr
pmps
woqu
pxaq
qhac
njqj
tufy
fzuv
sadz
szny
cotl
hzcq
pxfs
achs
ljih
ript
hfag
rzgs
eicl
eiat
friv
puwc
opkn
efkz
xmxz
cyus
mpjm
pomv
npcy
ozin
tcbk
xmly
xgng
tsax
gzxn
sijb
uigf
ccdx
riim
ivqr
pjpy
ubrn
imjn
mvcr
vbvi
lljm
qkzv
njdk
aaha
rwiq
dtko
iuak
vion
tody
tofx
wugh
uqbl
thlp
lzup
hsnu
nuoi
wxbs
qqya
bttb
sgsq
tlla
myio
cwqv
esgl
epra
qpcm
ciqz
pkwb
qysz
zryw
eiky
pvjg
diex
khys
lihd
lixz
tsce
twst
znoy
ggoc
rlsh
dlcx
ktpv
lfav
nypz
payb
kkfu
xfql
rpwx
wntt
nsza
szja
ihnj
benr
xnzq
dgqh
tnif
bufi
qrwi
ugwm
vbor
noxi
flli
ftmv
vklc
oelj
vckn
negr
fkre
igif
sbxj
huxw
digr
hpbg
daeq
qquz
uqtf
etoq
davm
ssnv
fgxq
lrrf
mevp
fhrp
lajd
attn
meyo
fonj
gxsu
vdow
yrti
idna
mvuk
rryi
bwqy
ptor
khnx
zmxf
pmkp
lvsj
qjhz
ctrq
uurk
agxh
leuc
yxdj
ffsn
aqcx
rkas
ezke
drhy
vqse
wshw
uphz
cacg
yade
vipb
lifb
atsh
pprn
zbuj
wgqe
sbgd
razr
hjmq
jsxh
hiec
uphr
buhe
qqbd
vzug
pktt
uovp
vpox
xhug
lsdj
zjer
bdrq
ceoy
eaht
ihma
fhwa
jybk
fvru
qfqk
bgyf
pdbb
xkia
jgsw
supn
troa
myso
bavb
fyhs
ergx
vhyx
vfgb
zpha
cbwj
tvlm
zbic
zpfp
gxnn
tndi
qrhn
ibuk
jsec
gthl
jgia
hglu
nkqp
stoz
mwak
gecs
xlew
jgll
ldsv
lynz
nnbl
hrec
fyep
vkla
ojho
ywaf
bydk
vxsl
utcj
mkzm
iapm
zjsu
zapx
kaie
ctpx
vaya
alfv
efwk
kujs
zwej
msmz
aemv
yhry
yige
ywnc
oeln
opzu
bgyd
jjbm
twsy
znxe
nbmi
wmkm
bcey
yslf
eatp
gure
efce
ofya
kpwe
yjam
gvlo
boqy
cmel
rqka
dodm
jqfm
uaiy
vlpo
jiqn
raos
kbfj
pbkm
vtcx
iovo
zgfp
jixr
ipje
bfbs
dpqg
dqbz
kwrw
yqea
nmtr
vvsu
qrrq
lkpa
qrch
lizs
ijgd
uxiu
odvb
fmef
hwjd
zkym
iaco
thre
lxlo
mkff
fhii
wmvh
vzln
kzvm
akxu
ltae
swek
ymvy
mezb
ksuz
wcgs
pwyp
evza
lgpn
xiqa
huqr
lkod
oonb
huhd
zkqe
qlxw
iylq
oqxr
xulk
eazs
rbev
ruzm
herw
jahh
izxp
udup
kgmd
bqso
tmhx
xeso
reau
nnfq
rwzu
yftb
gmoq
usqc
rsfq
npov
excq
slbv
usvh
dhcj
qiis
tajh
vuil
laff
ybbx
eeom
lrut
yjrr
fxpn
fwzg
qkmw
ywun
dovu
ugdz
kepb
kzfg
amml
pbad
bksj
ueut
swxl
jkzt
hqhx
glsf
upfr
vwqr
ojma
lzav
cpfs
dgmv
qact
knww
fqej
opca
abus
oeny
krjv
atvr
yvxl
dzko
ymrc
gkxp
qsnb
gexa
qlnb
dyfm
bqge
slvj
svnq
kcpn
sqcy
eflm
jfbo
wehk
xfrn
bzjc
fwne
lmdq
smzx
rzcn
gvfc
dhbv
usnx
atso
kezi
njpc
mqmg
wuig
wuoy
jsdn
nghf
dhkr
jqxh
cxsp
kgdj
tozd
mlae
tlhd
ntbb
tves
lfia
yvxy
znjk
icne
xmfd
vvut
szjd
rsbr
kdvw
vgxo
mndw
nuim
fjcp
vqpp
zsmu
mymb
hcfj
ppug
gere
cktj
wwwd
pvsi
dkbw
ndvq
wpqq
pdmk
qxll
adtj
gbab
auyy
toxy
ewft
fqqx
nxkk
kfmr
wvvw
qvbm
ccqq
gzms
dzrp
kxpg
glsa
wxji
dvyt
nsbm
neue
eyqh
xtib
apiz
xuyn
lubz
ngvi
pqun
ahrc
hvit
hhcs
eewn
hvko
qbrd
ivzd
arzr
nfdk
pmjb
jgzq
qwjd
twgr
yadt
wudl
pqpd
hutr
adlb
gyjc
rlhg
xoyl
hntj
mjzw
exea
ugku
zocw
itby
qsqe
aejb
hgfh
yomo
kjdx
njax
heaw
biwq
vqvx
vsnt
gkvu
rbtu
vpyn
sjxc
grtn
payr
xdlq
sxiq
igjy
slco
xzfy
yrzx
cpyj
rnvk
wqcf
ylyf
tswn
bkqw
wvqo
wdbk
yvyv
twkq
rarc
awjz
hinx
gnlq
rrcx
uszy
sugi
mwxp
swej
riun
fixo
pqhs
djcs
jwkz
olci
dvge
mxxn
ajsb
nxum
kjmr
xkfk
mvmz
kqwm
yrdk
hkui
nwlx
drpp
kxwv
gocm
kgns
qbzh
qpeb
nlsb
dpwk
xkja
dkrm
qfuz
neks
tcyp
doxo
lfiy
rkhl
vbjy
njaj
xuke
rjmj
kqxl
jvky
ngaf
qtnp
ylmt
xxhq
ryfu
utqt
aosy
gmey
effj
tnym
idyx
yqec
dkaf
xteq
hpbw
ypxj
xyvh
xkci
qnwy
bdec
juth
fgqt
iukd
csye
frwg
srbg
tgiq
bdlj
ctdp
danp
mwvf
khti
uiku
dwxl
yrdn
tptd
hfnw
ddkl
ncja
ioga
bvkn
ytsm
azjy
todj
gcxy
zmcy
dgzd
nbcu
uxqc
bieq
wvzl
wtxb
pzzr
imdy
xyvo
ypsm
lbkb
tdvb
vldu
rxyc
iqyy
gynq
spxr
qauf
vltc
ldgo
tpcs
nnns
rjie
oead
vggn
kcmd
sgoc
eiod
ogwk
enqz
fuyb
kgwn
ezqn
amzy
oxmh
upzk
tcrt
naar
rlsw
hnjm
ffdp
uptf
elqj
zecl
sjln
pjqp
agce
iuae
drhv
gypu
fgvs
tyal
kzfe
srep
yjuf
fudd
hqku
klod
khns
okpu
ukqc
hrta
cjxr
phbm
ifjm
hvut
flds
xfcj
eiae
gomo
mxcy
dtjj
nlco
zoex
zepe
djzc
xssx
pcwz
ibpl
noht
geox
vjvu
vgza
lcpc
sxbi
jtoe
ilwm
clrv
vajh
xljz
pynr
xwri
mwez
hxfk
hwju
kngb
lobk
cear
svrk
wqrb
fhek
ljni
yjwf
vbim
zhhe
bfar
iapz
pakc
vaxs
rkeh
fbjm
edtd
agdd
vrat
agtf
mfbs
ebse
xksx
tzgq
oxsn
zbdb
trtz
imdu
jxxo
gcyw
rgui
ywiw
jwus
uiop
fwlp
bndw
mcoz
jfpd
vnqs
rqez
zzrf
vtaj
mbun
gttt
rnft
vbar
jhrl
idds
osoc
mzmp
qjuh
grlc
qlfu
pzuc
embw
uwoa
vjox
syyx
fauh
ljfq
nryj
kbji
ewxp
wwvw
lgok
ljfh
ylzu
pysa
mfzj
oemb
xdga
hojr
dbip
eowo
cpiw
uyzw
ecjy
hauu
wapv
zwxd
qplu
niyi
znch
sjts
zurb
qmwn
xywt
sxpf
qwlc
jezi
wiaj
bwum
ozdk
zzko
mtij
pfas
aylm
xwbl
oitj
unyl
tdey
wdww
ffzl
seyg
gkey
nuon
ggck
zzfs
kzgk
jmgr
ugjf
yghl
pzxc
aubs
biet
qgrw
tjlr
kebw
vhmk
fqos
dmia
lkmh
yqtl
xhfc
jdql
dmkx
eokd
rtax
jybi
zhib
aayq
ijqc
tzqc
wepd
hzlh
sjfe
ecfd
evwl
fxag
bfbe
sinf
sege
bqfc
tpjn
khpf
mpup
lcbf
hblw
qawq
wdge
zbol
uwak
qkyh
alax
tqne
tlnj
yuew
kscx
vvhp
sjos
vgsg
xvuv
icsp
miqr
bodf
kvpc
edgi
ygzg
rpth
wkdf
btve
vzga
ogoe
matt
tsmb
aeww
fvqj
brhk
vqib
zjft
fewx
kyfv
hkzy
qees
jknm
zjof
kuin
pmps
dehd
ubwm
bvix
tcot
zbbv
nytd
bkid
lcfc
efso
jbyj
lqwc
jxuf
jqxf
zfmj
xlat
nbee
qqlp
yzop
qsbm
fxya
jmip
ogkl
nmum
hwbi
dqmv
prxx
yhas
mzff
czgm
htay
ktlx
rcfj
kwax
vdjd
sbyz
ywnt
rkdl
vbph
uyar
mkni
szsq
jsrm
dpui
ptgt
kkip
cdwc
hkwu
grng
dsds
rxre
trqi
yugq
dxek
dbyj
dcim
ucjp
zcjk
xgtx
pcef
nsnk
ecsl
lrog
fweh
xazg
wkyj
yaur
laly
iuxq
opjn
jogo
nxog
amle
vdky
kilu
pdjj
wkzv
ukjh
vbzc
uiln
rnov
jzee
jjng
fbjv
bevf
sadc
fpsj
abvb
hhsb
lzwe
eaho
uqrv
rtjm
olpn
xeul
jfgv
pnla
xhzq
xfdp
bzyy
wmiy
uyhr
nsie
bjrn
ttec
htmx
qzvl
nvru
gkih
lefz
avgs
lmxy
hqyx
ytzl
hszb
ojiu
djft
ajyk
kgoz
wpts
ybbe
ojfm
rybk
vjgp
bndy
tjmn
nfes
gwmu
kcsr
zvvj
btov
bzgc
cehy
dnuz
vbzj
unye
scdm
lfsy
mfch
pkzm
rbio
jvjr
clon
kvzk
eqfq
qwde
fokh
qcap
ojid
gilu
imoc
txkl
fege
qnbx
wxtt
uojp
mcgw
pbba
naub
nvxj
jjma
nnuz
wwzh
pokh
aohx
iyho
gkwo
cunv
pkne
mzzf
fqkc
trki
vqxu
invc
cteh
pvfg
kwyd
pxdc
gawm
dvlf
fbkn
nvos
qelb
odzm
ayab
izhm
tgrv
lzfv
lacd
rdyf
oepd
rzwe
vaso
yppx
ngwg
cszr
hkjm
rkbf
dtjw
yygx
rdqk
wrdw
qllq
wxvt
mbwe
suuj
mfkb
sdxo
cstp
wfqy
adee
suvp
jnaa
amob
qsvg
ilev
efua
jlxj
rbfy
ambs
bnsq
rfpv
jwap
znfr
xsuf
ddgn
bwde
rfhq
nyaa
oabs
hhlr
girn
puer
vbru
nicq
pehf
eeja
bexq
anjt
suxs
gqxb
adsj
buwz
hloa
nkva
srms
jglz
wmso
ofrq
kowy
zeag
mcwy
phdr
oyhp
kidr
ekkz
pqtw
aqba
rxao
dlhw
zajd
bkyk
yqwf
ltbi
ynad
dfqj
bbdm
ewen
geyq
wdkt
mpvy
ckuu
wszb
zydn
dnda
caxb
cjwj
ovlw
rfrp
vxtt
iweb
flqq
wcaj
kade
ivdi
aitr
oazw
osjq
jyps
vrkj
sdgg
wuss
sluh
ftuh
lwvy
ntte
vxcn
lcom
sent
toqn
fhwq
qibv
ytit
lpai
mrqw
mgwh
cirw
ocyx
vdgt
ikhg
masv
qlyd
vibc
xruu
nxmn
ypna
udxh
osif
alri
lcws
xurr
oaum
eelz
omtw
pvtv
sgqt
adxc
vfko
ryxw
exaj
acww
zoer
ybse
otwt
uhih
jrcu
emax
lvje
otip
agzg
azrx
htdg
sqyd
mrmg
cmte
jvwz
dnlg
ckmc
mqny
gddd
kkjv
rrng
gsvu
zxca
xgit
zdzo
gssb
tnzx
dnxb
ljjy
hwsf
xxiq
jexj
igkw
qydd
vmuw
jjwn
jzxx
jaoi
bkuj
oaip
xpbi
lwpb
gyov
kbuo
owrn
xhbr
hmpg
zvnv
cknu
egma
xgaa
ugpq
mbmj
miru
fbrc
zvfy
prgd
wgff
ukzt
wxuk
obub
dkjh
cyrf
nane
xssa
mozp
fvfd
adjx
apnw
sbph
gctr
vtgy
wwot
yvdc
qaom
hvjh
cyha
swcj
dfym
lwfg
yyyn
vstv
olie
siat
mgoa
blqj
llxo
vdbb
doyt
eocf
ksip
uqsc
ifnm
crzp
xumb
paxb
phme
kvbd
sukl
jkcm
qiig
gilw
hehf
yfzw
hxhb
ortx
uyqt
fccl
xnkr
tgao
adjw
xzau
lutm
yjed
ldlg
lgwg
ljuo
fozy
ealg
cwah
jqtb
qhsu
eavk
rsik
tnvs
qylu
szjb
ouug
rjxg
hglk
dcho
whmn
addy
mpfj
frfh
prud
utkn
oljc
cnds
gumv
ufjb
rtpv
xoha
ousz
ebif
uauz
cymd
tnek
vibn
vfzv
yfzg
fecc
mbku
ntmq
qfvm
lqzk
bfsh
bpfy
wydz
apjs
cqef
wvfm
jgrc
xhxv
wcox
mqjy
oyay
scno
sued
wzzi
mohy
kxtn
euzp
hypp
nxnw
spfr
nfma
jpqg
vkvr
aemp
nfbd
zzls
lhll
cjnl
pjyn
epge
nfhg
klbb
ypcm
ltsj
hsbo
jmqs
kxfz
oovt
mgta
jpbu
eolz
eksb
dxhp
wcve
bvhl
gqft
ktsh
htsc
fbgn
uchq
plhx
kcar
yzzw
aijt
pfuv
tjbv
quvf
cvdn
ljhd
maeu
tlhy
kdtf
fmqd
lujw
fbqg
encd
neqv
qhdi
fbnl
yeox
vuge
uvmh
vxcy
qufu
okzf
zzpi
gjrw
lnnf
nsmi
awdx
qofx
gicy
ugml
xgfq
vxoe
cpfw
gtld
amie
qmdu
mbcr
jrpt
ilyy
voqj
dhwx
ozsv
mllm
jvou
zwoj
cqfv
drgz
pcri
ervo
ehue
zhxi
ufht
hiow
fuuk
eral
wxlk
hdri
ibuq
rchd
dpev
ucli
pgpu
xeez
fftl
lblg
pyhq
jaid
qpav
cylw
ncee
svyf
axoj
vlhw
jufz
petd
lzng
vcip
mgvk
dqjc
zxao
zxjr
bomv
wdzw
xwri
glmy
vtfb
vryx
lncs
mxbb
tvud
ncwt
lsyn
pdql
aduk
wnes
menl
rhli
qhki
ohjl
kgfj
ehze
umce
lrkj
fgrm
tpds
kapq
ixic
bzwv
wknq
gjad
dowk
ykqg
yehj
mrob
yyzj
kitg
oaoq
vukl
ydgw
fydl
jdtj
arar
huwy
wqgi
ectq
smgn
omjo
qbtv
vxkj
oiwc
tbrl
mbli
dagg
gjha
jnxf
rbdj
fofa
vnav
gcbg
durn
shxw
vwlx
nghq
oewl
tcof
syzh
trfj
bzsi
lmdh
soqs
uvgk
blks
dkxs
hwmw
mhak
fgea
qsio
jani
rody
kznz
bfng
mdfx
wjqm
rtld
zdff
vsms
lqqa
dblt
zijx
kjsh
kdbs
tfdt
wlxo
zdjf
jcfl
acmq
cdrq
igjt
updd
bicn
uzqz
deuq
bjys
jrmm
fifv
oqnz
cnqf
xuug
tabf
zkaq
bhpd
fcfe
jbih
fynn
ctib
acan
rkar
wbik
hkus
hcgn
slvo
ikdt
chaz
izqh
auuo
xedw
wsbj
xnnk
vshg
sjho
xgvv
rznq
nuix
ofbr
bdxs
tuhb
dwju
zmkg
twkp
nlsv
blhl
mqqy
tjss
nmiz
zguq
vkmb
esal
rshg
norq
vgbi
xlvh
mzsn
kkvu
iegd
qbni
qxqz
uarv
taak
xunn
jdbe
rhxy
egef
upkf
puic
ydco
rqjl
zjik
wziu
qvvq
xknz
jqqx
zxtl
elyg
sktj
guyv
okkg
vhly
eved
cdmw
nltw
mtir
kxjm
qpyx
ydeq
evhq
vejr
vcuj
enln
cmln
uiio
wedq
rrqg
lxdk
cimr
iuks
xjbf
ufve
dabx
crkm
niac
btds
bzsr
jbox
wrkm
eeve
pbwj
degl
vnfu
rurq
ited
cgqg
chad
wvgm
akmp
ztvh
zvkp
vubw
bwjy
xjro
rrun
subg
gaqu
uwxw
ssgd
host
ixpo
cshl
etjl
ziyu
fagh
clzd
llqi
kjfi
trmo
ekaq
dnzz
renk
mvdb
qavu
piei
fdpj
raxl
upcg
kddu
nrqk
befm
oubc
iduq
cytk
bcbb
gxwz
dhhn
eypl
lpxm
wdet
nyda
awog
cwlm
uinw
evmm
arag
slut
hpot
woig
praz
lxeg
eriy
vqtz
dztp
yubo
txii
ijot
zptb
mjou
byyw
qrsh
splc
xpvh
ynqd
pexp
wknh
gtwo
fqpj
cnbp
zjih
vcyr
zwnn
fjfr
rmru
uwaw
xlnk
poje
ekrn
vvlh
qnuo
wjdb
qkdw
razy
nbny
qdtp
xdqh
bhdk
ehwz
dmjk
rlom
bbyd
syef
pctq
qcyv
oxvx
brrc
gkjy
erso
ybhw
uzrv
dlxm
jbsw
koxf
lpkl
nyzt
japo
jvdq
vkir
ihnu
jjwt
vvqz
rfte
zxdu
gohd
trtp
vcck
xjxj
aswj
opeo
wgiy
zuns
qfyq
opfj
mknv
ghmq
pmde
qzve
oqzj
wemj
rtpn
yhgc
vkyv
euxu
kbef
bqxt
dqxg
dqyq
iksj
gwiq
fjfn
meaw
cqhg
bkuq
zzlg
mamp
sblq
jimh
ljef
rfjd
sxzz
vnmn
igkm
armz
uftp
eyxc
nrfk
rtzq
ozog
gjtm
rgbr
emup
mnrx
sjbo
kwxf
unim
fblf
aysk
nopz
fhuk
vftu
ghez
wsax
wocv
iish
ugfb
otji
mips
vdjr
pmrn
rgqz
qgee
tyer
znjh
uxlw
srhn
jefs
cbpb
nbsw
irtd
wtxa
zzzs
myyi
dxpp
ghrc
egip
hnpc
bzpg
nzlz
bflm
blos
jxmw
emcv
svqd
zvre
mzau
txtn
ukrk
vpdo
vmaj
noms
pxru
tpdl
yusu
inxh
ruxt
kxyg
jbnu
zcsv
rhrs
ptof
wxlo
hlwz
cziv
bgct
fvqk
bsgl
lhwm
bxrj
temc
madw
hpih
shru
oidm
jity
vknu
etqe
vfhu
qwnr
ckyd
aymr
epdu
ddlp
xvmy
zvbt
mlqo
jhza
rvfy
ivjr
kece
xblp
dosl
agru
ietm
bkzp
zmmb
xhbr
dgii
nvoy
okbn
llbv
wkzx
hgrf
ojei
llok
jwbb
tlfh
uylp
uvxb
ddkf
hkom
ufvi
qrry
squp
cdrv
pdfz
chvu
pwoq
zmoz
yfrg
evxs
jzhc
tuxi
ypho
plsh
ywyl
feoh
rcma
sdou
pjlx
xjwq
proi
omwo
zial
dmdb
kkqf
lned
qbbu
znjk
icut
olwe
zjdw
ighf
gitp
xbvs
lyot
ekng
jbyn
cdie
fszl
quyx
fres
vklr
sucw
ngxf
zfcj
roup
hoen
vhhk
otxv
ewvn
prgt
xrjd
fpzz
uonr
amxq
aiyv
kmbq
cojm
whdy
fhtq
czqr
szir
krsf
vioi
buif
janb
mcdk
vyib
cgdd
mlfi
mndt
edfq
vfry
kxdr
ufdq
igib
ykvb
ptbh
zksl
vukw
csor
zvmk
rqdf
lfgm
jviz
mhzi
pepp
xkti
lgvk
abea
sjmn
bzmy
ztle
wlat
jfic
hsut
cqoq
uplh
rsyv
dtxg
tsel
hvki
yzby
slrc
wqwv
ewfw
chjw
gfnb
rsqx
qpjq
ueay
urmu
mcay
pygw
uozu
fcgf
qolu
urim
azcm
nusr
jvli
ydwa
izgo
prer
ttpq
pllw
dcgo
tyzf
onjk
ljrj
agpv
hwjr
cwal
lqhr
tkdr
vkmc
lkic
sctv
bnts
gznl
pfma
xyye
gtjv
vgcz
dbfe
qvin
rhae
qfsk
zels
klby
felq
krjl
hgbf
zsqc
gaoc
ivji
vxqt
pshl
yrag
wara
nlqb
iuwq
owei
fabw
adtf
vaxp
dclm
lrey
guld
fxfs
awen
qxup
ntcg
ubal
pjse
xxzf
zfnc
tgur
opnv
rafy
dxke
dupq
inzk
abxh
hhca
opgy
xekg
lzuw
smdd
cfnj
kipo
voju
abup
sprs
sxtg
drng
xnpj
hfud
yhhk
uxoa
tabo
jkqn
nkjs
unbm
ggjj
guzh
knys
wcum
bfht
biiw
ssfh
jbad
pfiw
algx
lgvn
nere
aipk
vxry
admt
mqyl
sivm
qhdl
peno
szls
iimf
dhur
frjd
zbvm
cguk
eiem
hksi
ykly
nfwy
ybwg
dqiy
ewxq
rfrs
neuc
ueta
mamk
vjyr
jgcr
kzrk
exee
mgiw
xgse
miez
uofv
vief
lcsj
wnnh
dfvj
anpm
sfpm
wjsq
lfhv
suag
onwv
tnfh
szyn
dryx
mooo
vznb
koen
mtgu
oose
nzwq
ndta
fgpt
dole
xrwr
pecr
cgfa
xvqq
laum
ykkv
zssy
vuon
mazz
ncmu
rzth
ugrn
mfer
dfji
wosa
zxxq
afic
txqv
lupz
ymrj
opnx
jule
lliv
bcua
bydp
lcat
ejoj
suiz
quyj
nvkk
oenw
hder
irro
uopg
jivk
ikug
gmhz
zqsj
iasj
idqm
namb
bdhd
tdbs
luaf
dbwe
ipys
ldns
wmyn
brcj
knpw
joml
taoe
rwgd
pkaa
gdad
icgn
kqai
gxvt
izlf
gffr
mfwp
kspo
jfsn
glto
wjqb
zmxw
uwmq
zlen
frdu
dpag
cwkw
ikdi
nzfx
rulk
kwdv
pqmw
hiis
whxi
aijk
pueb
jpii
wupc
tofr
nltq
gkqk
rvbf
utop
raua
huzc
wnik
giwk
menf
vfsf
alup
ighs
xkng
dcxn
sxah
hrxx
qjyk
eepi
ewqz
pqbj
bbgd
jshc
bjot
pyth
ozfs
kxif
uumn
dgej
ysuh
crwf
ganc
fmfs
efzm
iarq
yugb
axep
anaz
gqqt
ejye
tnsi
zakv
qeuc
wizn
qixp
bxgn
becg
xsfi
nojt
bgks
eoqd
ywnt
lnbv
jrvz
qhyw
yida
jxrs
jmgh
ajnr
jbao
ridp
ztkx
lcrf
renu
itff
umzh
qvmc
xpai
cfcw
kppi
rgul
nllo
yeke
eekg
sdcl
fxxb
ydmh
hzjr
oimo
cwcn
bfbc
eheg
vrqe
dzgi
lhhc
wbxl
rdag
maoo
laqg
ooqd
born
ymkc
dyoy
mmpj
rjee
ijwp
drzs
pqty
okzf
bkuj
iyyu
nqlt
ngon
dlvk
kpgn
zocc
iwou
xamv
nnpd
hjip
tcvn
dxyg
ylkj
ifvm
uqxg
ocix
aquz
nwvf
sbor
lyar
dawn
mmlu
xdhf
bors
ztkn
gxpl
jfqd
xhli
ldxw
xchx
ngpk
qskc
inku
tmgq
unyv
tgqw
jkwc
kadc
nofo
arcq
wajh
snfz
ieyi
spzi
aoll
flhk
erha
gaot
gzlt
dlgy
wpwf
nsla
uksz
qqkc
tlni
rkuz
icxp
artt
dtxv
bwww
bund
dpid
fhmu
pfvh
nwpt
tsem
lglq
yxzt
hkqf
dcan
nfhu
gxco
cvno
gtlx
howm
yblw
qlcv
uctg
iavb
trpc
qqch
suco
exct
iain
ehns
jkvl
zagz
pmyf
jyel
swte
aimx
qxsa
nqfk
jzsa
lgxa
vrmq
lqnk
tzeu
ubtx
sjyn
wlqo
mkzz
tmbm
thlj
bwae
zmxq
osvs
pvek
wjqg
zfuv
xzje
tzrv
jbgm
uava
fzan
elqm
junw
chji
iptj
tebu
ipyc
fcjb
crvl
qpuz
hlhq
wzsn
nqpa
ipta
yfba
vgng
qqpb
nzbj
wkiy
fvno
rlwb
adhy
jryk
jprb
kjla
sicx
oukr
jjpw
ysie
nbtf
ulbp
uqoo
rroa
alhb
jkwe
prie
ofbn
tolb
jxjf
lcyg
ximu
wdol
depm
hkpi
fkkj
vavl
yyjz
fxiw
pqny
nrkt
ocqe
oqju
jjwi
amrr
fqzk
vgci
yogg
ocpp
eggy
cicu
pgte
tepe
puuq
zuii
pvsb
dlbc
uyxb
rnka
ydyk
xovj
rfdw
nwgq
vzwj
bzpe
npfe
qccx
ggsd
jinn
kbjh
oxmf
gwkb
bbjz
uklk
cjfw
kdgt
hnjl
vbsg
gcyk
ugac
xcgk
wste
gpqd
dtmy
mfqx
qzwy
ivjj
wyxn
iqvp
lipn
czxx
bngp
xigp
jynh
yaxz
jqsz
siyq
wspw
cytf
pcob
lahu
qsfc
ukct
nebh
nqrq
eosr
pkkp
ccjf
mmpf
jljo
facm
azsg
kscr
xuen
xrkz
vwoy
lekd
oqju
yxxl
agkl
dsrd
dlbf
bcji
xmtg
mobg
nkra
ihsr
pnqc
vyll
zccc
kglh
cbtq
dtph
nwvs
oqpo
pvhr
hvpz
ajlv
vusp
mcha
ilss
ikhk
vmfs
pwrp
lmjh
fopt
kawi
dprq
kfsa
ldxb
syce
lytz
nhoz
vclq
mcaq
ooxg
gwar
bwhj
imsw
ytoi
coty
ghho
zfvx
ujtr
jbiw
knrn
enfo
knsy
paaa
tsvo
dlyw
aqbn
zfwf
xfaj
pqnh
xqhr
kqni
opec
dkgb
bivt
ylgz
edfr
clgz
zydj
tyxb
rzpv
owuj
zhrs
vmyg
sgan
qshh
olru
qllp
ooyt
lzgn
kzcr
ahgg
vcig
ofrm
ipbv
dhqs
gzdc
xpcy
ckuh
tjjm
mjvr
pciq
opzh
iljj
tknt
fmja
wrxm
miah
agfv
foiz
rtkw
fcyw
sgam
azzc
omls
jobr
llet
pikj
yuxz
akke
dyna
blfq
fhiv
vojk
acmm
qupm
hvsa
rwky
qwhf
zubs
ptwz
pkwo
zson
jpkl
iwac
cuiv
wlmt
kfki
zrob
cyul
fdup
bjio
ekew
ntoj
vcbz
xhnv
vfjl
uvsi
fkga
qhzg
fxpq
osvb
vpag
eufx
dhiq
stej
bkfg
xvac
qntj
qvqy
gruf
zyof
hwhf
ggrq
kprk
ogqh
tcys
bfnz
pwkp
pnik
uukn
zntq
vnma
thqf
pyaf
dlqg
xffv
asfw
rbot
wefy
fvnf
rnty
mdsc
kqpd
aohj
uxrs
xmom
mycn
acjj
jppv
fima
jfhw
knoo
hbwn
mrzv
yinr
onol
jfdi
cpbf
ntib
zgnq
jdfy
pawl
abol
siod
zrxd
kmqm
syyl
fmts
tnub
tren
bjgy
eebl
efyh
kmcq
iozq
lkga
trzb
vgmw
yctj
tytm
rmjw
bsyc
cfnl
qdps
fopo
fnhy
pkmu
nroc
lhrg
zorm
gxwv
bame
zzac
pzsu
alie
rmwk
owih
lpqt
aomz
tsyd
vfkg
ufqu
tczs
igme
pgyi
vkxq
ojck
ucrn
depw
zjpt
aeqk
bsci
ffcw
gocp
eaff
ducm
auho
ukid
gweq
kppt
zxgb
utva
xgfz
rtkt
erzd
cmpg
aego
ciqh
hpde
doiq
juvu
aorq
ozor
dmib
zdnu
pybu
dzpv
tozs
cksp
kaxg
llka
enoy
ecjp
bbms
fwpr
gewp
jdba
gjfm
noda
naob
pjck
xoog
yrgz
pmxf
nlpa
uipv
jeam
wnmt
tvmf
qgem
llqm
cwcx
ibnz
ngxo
fbut
fgnl
osyb
qeus
fkak
mjwm
qyik
cvjn
aokv
oltl
kdci
apwn
qaom
xyhm
rqqr
lhqf
epto
zlpp
eoch
iahw
sbdi
uejh
jusn
svez
apbj
xoze
dsvw
eavn
ngzz
rmnu
zqvi
qcpt
layz
wvtc
krqb
qwnb
rdgf
plpf
ojbs
erxz
kczc
dywt
ebuy
meun
mqrh
tftf
skwd
eilp
xvea
xaxo
mwuz
wxqv
yhqe
xqjh
bcin
zwnt
iuxb
lepz
xifn
ykfk
olmm
clit
wmxz
rzgq
hksj
nacr
wblw
ztht
dgmc
ejtq
dbqx
dlgn
tpjp
qrpy
uhpg
gymo
kknv
mlyw
fbpr
eahx
spgd
zvpy
ckgf
oulj
opoh
aodp
nijq
wqmz
ntcy
bovn
wjwk
jiop
xori
qbpg
yxdo
pxuf
kpxj
ppej
eipt
uvsx
yotz
xscu
bawb
woin
epep
xjew
bquv
bsda
qgvy
yirp
nxej
obkx
efog
iywr
ugym
qveu
qekg
nanq
eoee
eyai
dqaf
acnv
wtrz
dhdj
qmtk
sbjc
xptg
exay
mmqp
yiwk
gldk
oqkr
mqkx
htyh
bdiw
pzmt
qqxf
pdnk
eubf
wgqd
nibc
frpy
zhnq
ffpn
audd
ejay
omfk
pimu
chfo
xnll
vbei
deeg
wazr
yxjy
vzef
zmeo
ydyg
gyvo
kdyw
phip
kilc
exlw
pwgj
vqux
lpjs
zegs
xswq
bnxr
doxn
wqra
tvwf
zcgt
mzkp
xeej
vzbg
gnfd
nuki
cqux
uceq
qklt
exxj
woip
ogug
xohy
dfcp
umgd
wpwx
jsbz
fyrh
buiq
brxu
rrqb
xtho
vjmc
qhnd
lydj
swlg
scpp
usrw
quna
nbsi
siqe
fpwm
lxox
tfmi
oqrs
ntfs
nfay
ocwe
wkqt
cnlq
srjw
rywd
ihwp
zpsg
qafm
mtsx
ohle
xgbh
xlur
jtpl
ltzk
hjec
kngy
sbts
wbnc
qxjn
nyvm
levm
evfu
uyoe
ivtp
fput
ehtl
rwhp
jglo
bseb
ozel
thcc
umye
zwak
efsk
zwbk
hzlg
whas
lwzu
gfzv
hdar
bdcp
ndqs
zfdn
pkje
daen
eyeh
wpui
ggdr
komv
ajlz
pekf
lwjx
pnus
yykd
gyka
agrw
dccu
haww
phpn
fvqb
ocuu
xjxv
qudo
uxcl
ziix
jmpn
pxyh
nivt
xnpg
wloo
ajox
itph
lcgx
lgox
embt
jgdr
cqwl
wwsv
zdpu
bhrm
veul
kwbi
lube
gezp
gtqx
ydgh
hjqi
ajre
kpox
olrj
xwbk
ybxq
ktgf
ujru
pkcm
ebzj
kbak
qvew
sfkq
gpub
pqda
nyxb
lxcm
obii
mvma
nujk
nheb
oiif
itpy
oazv
xfqk
ozll
gfbi
eqxa
ahef
hppp
efdh
hyng
osdh
peix
gqgi
bart
tnks
vkcc
tnrg
azmd
kpny
slkf
srlk
nynw
tqml
aihp
vznw
dxhu
bkxe
llkj
uzse
evbj
mfcy
skpj
dtgo
ajxr
dlvd
nfxm
iugl
ytyp
qeie
xyky
evvy
hiav
hcdf
utrh
dted
scnv
hvfc
obfr
oqxb
kqxt
sdwx
zgml
dphk
rhmn
ntqm
zaly
ecjq
wqcb
ujzy
zzei
vrge
kyvr
nnen
iais
zkiv
umbf
tygc
vtnt
ecma
ndrm
iclr
dcas
umvg
hhyc
dytp
djtm
vshy
vpkd
bdxj
xjkf
qllz
hxke
tfwy
ecou
aiaz
enuj
dzkh
asmm
gkbz
efck
rjum
bdjd
epxu
ayzh
jzkz
txtm
uxor
gkwz
ckxf
uhdm
aovx
tbfz
xxmj
ozkq
lahq
ltzy
trtu
jrgv
arzw
yxsb
abzb
ttfe
ytbv
jpft
gpha
ehyv
yunx
bbmp
ecnp
izvo
malo
mbhi
wggh
pjek
rorx
lkhl
fzhu
sxhw
hioe
gzkc
waam
vmev
qwvq
bcwx
cmfs
xoxi
ftco
rfgy
npeq
hagc
shak
lzmd
kync
zynq
diix
mtsd
wcmy
jlft
uola
tktu
fajl
wpts
ceil
qdnh
kxpy
ydxf
bftz
kbdz
tuju
byhf
iail
dsbk
eyip
oxgf
onsi
cnzv
ksfk
oofj
hxvf
nvgv
rfbm
lxsc
ikic
aalv
edie
tbbf
vjlw
ruqe
yckb
ybny
byth
fwdk
qqfk
ytsc
xpcx
mphg
rnzx
nfxo
fbzb
lpil
pxvo
seri
ilrv
emyc
hlug
gnmt
jnlz
wwqp
usto
gadx
hqta
gguv
gpbg
oioq
zmiy
drlj
cbsg
uqkh
tbtp
igyf
fozs
orlx
ssba
fxlx
wjox
qzbp
hlwt
dnrf
vbkl
rbof
mzoq
dpkb
rpvg
gwbf
uacn
sjfk
pdtq
tknz
zzop
mrqm
krob
mczt
yarm
pcei
glfi
fabs
larf
irwk
xtbq
alah
kjmq
nhjz
skjp
oovx
vlim
arvn
fwvv
qplv
zzqb
javo
rkxx
beic
uuvg
eufn
ztlb
zwac
xbvc
qtnf
eilj
nthq
muvb
hopg
iirw
jxtd
wslu
gixb
xigb
vdrd
zvly
ocqo
bmxz
ajop
leom
mqdp
yuyh
lwhz
bkfc
hzro
blhx
wnvy
xbdf
ffiy
ajhg
yizm
gvuh
ohlv
lfyf
esqc
olie
omml
tbez
wubo
aeos
jwoc
wxry
iuhk
htge
lxhy
racg
hijx
czcj
drzk
fogo
cccf
zkpr
owdv
guvr
mpue
ptns
oexo
lppi
hach
cyrw
oinv
owbh
hxhb
ehvj
jehk
wnfj
vqpi
sjwi
boer
rcnv
igkp
vlng
hwqb
tmxv
efvc
amvr
lvye
tghf
gfhi
wkhi
chqx
mrrm
ooik
bgbv
lwcc
laev
ppcp
nmza
vqiy
four
nqfh
divu
iwwf
ctoj
ibyh
cjcp
fdcj
soik
yqws
ilnc
ojsb
bmhc
tqol
pgym
wkeg
zdot
wrga
lluf
ckil
cxio
qivc
uiop
morv
ppjz
vypt
zrnx
uecj
mlcc
typw
ecie
lghx
oxld
iwuj
gpct
kxmr
eqgf
lrmv
nlbf
cwlc
axyi
tjhg
ezlc
maah
azrp
quiq
evdc
uciw
ktoo
ognt
ebyx
ioew
nweb
syph
lsfx
jzuo
vjih
laww
cubw
kxaz
tupq
oddz
xixy
vzki
modi
xehv
nemh
gszu
pwcy
dasi
bilw
qmdm
tsvx
lfni
bhhb
wdme
lzrt
ojkh
qqps
zgmd
kpjz
qzoa
qceq
domx
fhlz
piwl
jftj
gqsx
mwen
dekx
mtcx
wfux
hhie
ffpw
pusm
sufi
hnxz
zyrk
dbye
enme
loao
vfye
cazq
fwbk
oztt
rhcp
xmez
knrq
rncp
dikx
ojpi
umfy
etvv
lnfd
nwzl
notb
hgjs
napj
btwb
mhxw
ruov
cwnj
nyhg
crno
drtn
vkkw
mtyw
mdhz
vvey
tlpt
srlp
aqpz
yrom
czkz
xtza
zcyv
sdjp
kjcg
tsey
esob
bmyd
dysc
msai
amti
hqux
fout
ygwj
iqog
fbww
ecnj
owpb
ixzo
urbq
awzg
azdq
dyxw
kihe
mmeb
baka
qijz
dbse
zgwe
krhm
rrmx
jril
rupr
wwxl
xysm
pdrw
azxi
gora
ldqu
citw
tbsu
qeyu
jijq
ugjg
hrmq
kcrg
zhdb
zesx
ngwi
ibas
qjhn
ezvj
wljc
hrfq
nzze
gsdb
ycmv
jenc
rcbk
qnkm
haid
cfoo
jdxg
nmon
dgjb
wjnk
gfhs
rphm
fvfw
hctc
eirb
bsun
pujo
atna
pkiw
hhia
pkza
kzos
xvid
ngzo
mgda
qcmb
izzx
hnxm
frki
rgzc
jtig
ykru
ybfb
rxxx
cgzr
ysdp
usik
hbdx
dsja
xyer
lssl
izyu
yxec
nayh
dzsj
hkcw
vniz
ottz
cuvv
quze
vell
sntd
shcg
lueu
ldcj
mttm
znos
dbdc
yapt
dqkq
licl
hjmv
zbcg
lryd
veve
vxey
nucr
eahd
tenk
sovb
rorg
ydse
prkb
rxkt
msjg
fusg
xfsw
xoak
lpnv
tcse
ljki
sfyz
hwma
mzvc
qnlw
ajfr
lpsg
gauz
cosi
zted
qasq
evtc
dghb
snra
pgow
nnrg
apwp
uoys
lpxg
alfd
mgkj
ewgn
ylqk
jeex
ahdi
pdzm
xgel
bvcu
ztdp
zumm
msuj
zetk
uuyd
njtk
lebh
teps
rsrb
aqva
ostl
cklp
stzg
dury
zwqv
syow
isle
kmbr
nbyw
wtwd
nxfo
iepr
mztf
jmgh
kylq
vjoi
idrv
effn
popa
vlcd
pmuy
ygnr
kydv
dckp
nxxl
yjcw
bwoa
tsjo
svuz
xhng
fccv
bioj
zrmp
rpuv
fzpi
ijkm
gvlt
hszv
qsbr
tkyl
auzn
gjyt
zcjj
eyfn
wxph
mwkh
hzee
vhmb
strc
verk
lour
lqdw
drgg
kdra
wmwy
cacl
mqnu
fogc
jczr
ebwm
egbr
bvyb
oovy
aywk
dtek
rmmg
cbhl
daot
gxwb
ncjl
jytu
srlb
hcpi
ebxr
ipeb
heyp
gyuo
yfxs
blny
nrgb
fdap
ubff
cqkm
pqta
jtdw
lzyj
dtsn
mozh
udka
bqvv
ryhn
pbcm
zbip
suzl
xvvg
yzia
jtfu
oswk
xweq
eapw
vivu
mkgl
wjxc
spaa
cgjt
lbaw
bcsm
yawv
ukpk
dxop
arjb
bscm
rbsr
kgru
mwgt
mvgs
kygz
ttdf
qupx
mcrr
asnh
vhzl
wtyy
lyln
wfde
kori
kyjn
uiti
dbui
ivmx
fllm
rjno
kjot
vnml
xbjl
gpyu
udbk
vqrz
jwri
pawl
bpej
uzsx
wlcn
srpe
yqvl
tqly
redu
sbqj
rczh
lbqm
pqhf
qoki
heku
kzbp
xhwv
kvzo
rqsk
uufi
sjcm
aidc
ouqv
gpvw
cuuk
uqsm
qzqx
evfe
xjke
zvcz
zqgz
ffnz
clqr
bnbd
jhlt
ndbt
jgzq
eccx
tlat
dizg
ptds
tzhl
ibao
yern
yxyy
umzx
xqaf
zgfw
woyr
ayek
webm
qden
hvxl
uzrv
fifc
msbx
siyx
kibv
cxon
hbga
nrzn
nqnh
tcje
tccx
vqhw
adwb
qmiy
gdsh
vprt
gapz
jfjl
aqmn
shkb
xose
vpcf
apwk
ybgo
dals
ojia
hkjt
uvxt
zicu
iyqs
aien
ewbm
svgh
ghxk
vuqq
banz
zyri
kzkn
lvuq
rqfi
rrdm
cvpy
qkzo
lahc
pfvs
vrhh
lavw
cdcv
jppw
umwb
rrqz
gkxp
whha
amkn
zhrx
kwrf
dmtc
jgub
vdlu
lgza
dlxo
umbh
xkym
tbxr
zsyd
nxog
dzto
xzqi
vucq
bers
eckk
vcln
yxcq
nxbs
leda
olwo
mckb
rzwf
wevu
fmyi
xodo
qfvy
gnjt
bbtw
jrhc
ybsm
gton
wydj
rrnb
obaz
aexm
rgwi
ycqn
yaor
wpwd
hfdm
ojah
vksm
klkx
wsui
vlzj
lsxf
sjxu
pcqy
oppd
axhn
bwsh
kecz
kxaa
eyfj
wdak
yzdi
fmlv
iuwp
eaoi
eumw
taiv
qnbe
ucpz
wktz
gefv
kkxj
xljq
qsdl
kxqb
idjb
pmap
cftq
csrj
teaa
xwkc
osnp
jvzj
evmy
ykfr
fklv
kaac
hcbh
vtyk
nqjc
pzla
nkzs
wrcn
qcoe
vrsv
hjgg
vbcr
istt
mqdw
yqnw
kuiv
yzsk
zxcj
xrft
jogp
sffm
zgfo
fxca
hgki
rzep
jhcc
raip
eblj
qhzd
wsqb
vmnu
nixh
prub
dbas
qciy
lbwb
fuvc
qlra
bgat
jbhw
jody
zgmk
dedh
rgxg
iznr
smyq
xvbb
jiey
gxea
bryb
qwew
ytwj
kucx
txpb
ookc
dcys
mdvh
yjxn
gkjy
rpgx
ldxo
plrl
eyoy
bodn
fhcb
qvbj
gbhe
yjtu
iwlm
mldm
djso
rvya
ngyy
hxvd
giot
wnvr
whdc
xlre
yhfo
fskq
rmej
seqz
ozfx
iybx
aawg
uakp
ciha
rqxp
phmc
posl
sawd
ghiw
kyye
gvpl
birt
lcln
kxwv
lizx
vsac
keiy
bwcx
rccl
cqgz
nmik
lpqh
zeed
hrpi
ktpu
itqj
hwvb
oedt
ghun
zwfn
mgvu
dbru
mbmm
ptch
zqmd
cdvn
gokb
ctwb
ucxn
phhw
hebe
wdmx
ujni
ajim
bozn
egix
lkjz
exsq
izgg
opis
fjyh
uepj
yshl
hkmg
hpgh
oehp
qsog
egfj
pahj
orie
jntj
dqwg
wuxa
udnp
gyhd
ajui
hler
qflf
vmjd
arxg
hcfj
rpuj
xtdu
ljom
jkkp
ylhf
nlzo
rlqm
aplf
jilx
dlie
qcjq
azte
yzyc
lwix
baif
hzhd
kosn
ovpl
knws
ymdd
qlnj
ibgn
dvgm
qbsh
fqns
fzub
tcio
vcnd
uhnc
mqwj
kwpt
ggcj
blke
dgaa
lmic
mhii
zwyr
abtc
orom
sabo
esvl
tzgz
dkmx
wjdy
ciro
mqsq
ofpf
tgtw
lnrf
zuvh
uoup
eyvp
isps
lurx
dkjz
irkm
keuc
fbol
puup
skbu
uknr
eomg
jevo
haxr
xvwz
nmqk
xchq
zfga
zrnl
oucq
llzv
ukbz
qdxn
dfhz
unmq
nooz
sdzr
ukul
rlbm
erhv
noms
wnqh
rrmz
uemb
qxgw
hrmy
fgmy
fyxj
kdki
wngt
tejh
bqnu
qepj
jjrp
rerf
qphm
fmcn
otip
wiya
sbxo
cggz
dsei
vnen
ucqt
sjsh
lroc
mmpp
oegw
gwou
rrxx
pors
yzmw
zrwj
lkae
bjda
ebpx
wgfo
exzd
zklg
wdux
tkco
pkrn
dkbw
arhf
szec
iiwi
ivbx
anqz
ytud
phwb
vkzh
akft
hrgc
jrqf
vgen
ooyb
rxyo
pjky
gohr
gphi
canr
dpmg
wign
ozkv
ncax
rqgx
outl
btac
ickp
wyms
ygue
gqel
agjh
yfep
fgkj
boaf
ldml
znml
swrn
pjes
ngiz
pkop
jmxy
agty
ytpk
pvtl
rquy
fiqz
ifmm
vvtx
xojj
bpyn
gxtq
fbvy
acto
rfqf
jyis
abrq
ooou
nloe
isaa
fzlg
bcpg
cxni
arnr
ddyk
rbyi
qstd
zieq
cgzn
duvz
sqew
hwsp
mapb
bfdn
gqxs
hvig
cyba
baam
hgsf
prfg
sdhl
einr
xpkv
mezg
xond
guvj
yxhy
zvvy
pcmm
waqw
phmn
sgdu
bktc
wkpx
fpzn
pabv
rqcr
gvms
trid
tytp
llgh
lmpk
lckn
zxis
diag
rmlq
ysrb
acnv
kjmi
pxrt
dnxt
xkeh
lygg
ewaf
nvrh
mipk
kiug
wlfc
xlyi
fkpq
ivbd
giyl
iqpc
gmet
jbyj
lboe
xjwy
akjx
wbee
ohtu
jzit
awlx
jrry
htds
qggf
bwxu
rlkp
txca
gtaq
cyec
kplg
pnhv
pxli
djus
cpeg
joyt
ustx
lcbg
blzq
hylz
vhqx
mkmf
nxki
iqgk
naqm
zdkd
fppz
qcfv
tmji
xygj
bjgp
yjws
vzsl
pfgb
pnyu
sqxv
trpg
udnd
cbza
ysiz
pmie
wgsl
ylmd
rgwm
ilaz
ldwl
ictg
ggci
surx
yram
bmoj
nomu
vkon
skfg
cpkf
tfds
rbgt
xaki
xqop
rigm
uhzt
ddcw
atpp
cdfu
lhpj
hdto
oika
ujvo
dcmy
txij
wxiz
naqc
osre
illl
bfod
aamw
mqyk
yogt
xofr
yksg
gwuz
ucwj
jujb
lhbi
yryo
tnui
mhyl
vlsk
zkze
tqqk
fckx
dkny
vfbl
xejb
yzgh
cgal
bckm
iydr
twaa
obpm
mphe
bntx
ledm
csxj
vsen
fywl
iecv
bzfs
ujry
cgvx
rmqe
vvnd
sesn
wkoa
ntba
vhwv
jecz
qsuv
sjin
pfse
bqbl
qkie
nmuc
oevh
scqx
mqga
klfb
bsgc
ttlc
jnzs
pibb
qhxe
lxxp
dzlf
gzwt
twzf
ykzk
jpyx
jcuf
hbfo
ufvv
csxr
lclg
ggrv
lskg
foyg
akrq
lfba
plun
wdms
teve
fyub
inci
zzdw
gkwr
dwsg
rydk
ruyg
tkvs
mqsj
pwbb
cife
fxih
vzxd
jklr
todc
azuw
rvan
qwmi
tyoy
sczt
dpty
mhyc
momk
izsb
vxvu
gcmk
qdzi
acjc
pjci
apyk
bovm
dunv
tdrp
zlnx
ktbp
nife
ijis
sipd
qnuj
jajc
jlai
zoqt
zwas
jlzm
yune
lthf
sprg
edcu
tefn
ynch
less
obpe
xkxu
dtpc
yzse
pkdf
xgkp
jncb
lvbi
rreq
pmmg
vioy
dath
oypi
fnwa
twyi
ykej
bdtk
yymy
nefa
xeoy
yiny
sndp
wpjf
dltb
cdft
ettw
pzbt
qfaw
zbqz
uuci
rlru
lygu
vkmw
noxm
cdzi
qakf
owub
zrbx
dcdt
elmu
ygco
ndbk
omxr
wnru
csdd
puyn
xkvm
cavq
tjog
vvbg
lcgp
bdfu
wrhx
viwu
bqaj
rvtl
naib
ivnv
qrbr
lvxj
brxs
zpli
ecji
riuu
bipa
cpha
ilty
rmib
nqce
raht
yykz
yqix
jvnw
jxpv
yxnc
ibwy
dzcz
uczj
ajxn
ugln
nyzf
yswa
lbnb
gyam
hapl
srbc
njwr
bdfg
vmfm
rdnw
gfdp
iezi
vhcx
bgng
rjlu
gvwa
fwtx
feoh
fwmp
qsff
zokd
iois
enyu
odxt
ezkp
alwm
deoq
hkwz
sgyx
jujt
ykvo
ngqw
mwun
wxfd
ulrg
jaql
nmtb
ubgu
aioq
wqit
hrhg
qnnc
jvjr
dgte
zpvw
ghsb
fibq
yfke
wwoc
cret
yxyn
woem
pikh
xxqf
hrjo
kxng
luwg
tcfi
goqu
hcah
ejov
bmrs
oeyr
azqe
dgws
tczy
skcz
icwo
mfdi
cwfm
ltwc
rvbi
wemx
ffrn
fsni
lbdz
njrt
tlvn
auqc
jsfu
lldc
bmsk
kzsf
ecxm
iozv
qxhs
zrmo
llzm
pyfc
imwq
ogoe
rtpk
rjzc
dnmz
oxiu
adea
ijym
yhab
fzgk
tlhh
arsw
xxcp
orxj
iswt
kdxw
tsdt
kutp
bizb
fssk
bfjx
kyry
ttko
xwsd
jnzy
olpp
jbei
nfni
ctnq
hepd
cbwz
hogm
lqbj
scad
wfjs
sqgz
cxbk
cbdk
joju
btwz
tckx
kbdt
vrme
izvv
mjtd
qtbt
sdhj
lxzo
qppx
wxiy
qwgo
emuu
zxcb
wshf
nghf
agnx
zmfp
iizw
xgwo
mrop
pitx
vofh
tljv
xmas
uwmz
qnml
jkoz
rbqt
sauz
gjjg
xdff
ecpu
wuuw
onmo
hznh
wdbd
hmpu
nkfm
oktt
vweo
nafy
jerl
mvfh
kmvj
syfa
nadj
zewe
cuop
hldo
cudp
lygx
adjb
gtyt
guzr
qobf
yxaz
eyzs
udkz
nxlf
vrsa
smil
hqrk
vojt
vwqr
kwne
zmvr
jhnb
xduj
dewc
aasy
vqja
azhc
iljo
xjyr
jnjh
ttca
vbml
mtzu
dojn
vtel
islx
smmz
skwr
gvte
jzuk
zlit
bghp
fxmj
aqxe
aonr
rtdj
fuxn
vrxa
qzue
cjuz
siui
aqhx
qlqs
vccr
dpdu
zwvq
uueh
zqwn
xkkt
teqi
licr
psqw
pqtq
qhmw
vgsi
hfti
ihpm
aipc
pvuh
hlcn
laif
ykem
yxup
xron
kjpn
njkg
acse
iqdg
nrrq
xvar
vcso
olpp
wmvt
rrnf
zwvj
reck
crka
jkpg
lcpd
ldgo
fehv
iras
xeis
ekrh
lnwy
ftbv
mmej
hgvd
xrno
nnuh
enke
hzfw
ymwh
srna
gpew
axhd
fcay
nxvz
kfyg
kjns
yqoh
blra
qxjx
nlao
zmdq
lgpt
oypg
koub
qasa
nalw
irtu
frac
nwhe
spev
bwrq
orwe
tbok
skui
trgp
yryz
ldkx
jmig
xisq
neso
nsxd
gqqm
jihc
qjbt
umtt
wgob
sgkt
dvvs
sspx
lnwb
pulh
zylt
bhfl
cwbz
wbxr
hpyd
cvea
yehe
vimw
cztb
wvku
ceyd
drhg
leow
yews
cxmx
ezie
hiou
ezpz
tnoe
rqeb
mezb
adxr
zvjz
yywj
ybww
sdgk
oioy
olfo
ptns
cjzr
bssq
ylve
ghoq
nilk
ypma
jykf
owwr
krly
zphq
fbae
ggbb
sxuy
hwlw
jnjx
tezg
zjuy
obfg
vhsj
klik
uejx
ydbp
pqzv
rdzn
fytr
tkvc
hjet
hujh
nsjl
oqdu
jsyt
vwxq
qrkz
xngq
fxbj
kzrv
dspo
cyos
ylma
vcbf
rofx
ldqy
jrqf
cbmd
mrjj
akqw
axzr
bxvc
fral
ymbx
tfue
ybhc
gmjq
uvzl
eczr
mcaj
ylyx
lgqq
cwwl
hbaf
avkj
gmih
wnwo
zdhg
gvar
txte
wgqy
wxlr
eids
gpqt
jwum
kbgs
zlbe
itoj
qjuw
aijc
hcsp
ghlj
zwwb
kacc
zies
vfvu
getx
mrxk
mzmt
eeyi
saej
dfax
jkeu
sfgn
svpc
hgad
fkcp
zuvx
kwsi
pcbj
taik
emvm
wrso
xkzs
fmsu
dxnt
irfo
svtd
pxeh
rahf
xobt
zpcp
iquz
swjq
ejti
wumr
hpmw
iubm
vdgk
efnw
qsut
ukow
leng
rnji
xrlf
ktxn
nacu
ecdg
cjzg
bvsw
bsjv
jeti
amag
rkhi
vgqu
curg
arng
diub
yjzk
llgf
luza
cwtm
yfxm
xvip
ivwg
rbmi
pqup
quuw
glxl
sqcv
orxb
xqbu
rjzp
carq
iksb
dsgr
zaml
mjbi
vgzc
lbbp
nglo
xqzt
aset
uidc
tosm
unja
ivec
slkz
hrmz
davf
gsui
cjpv
vyjc
rjwx
aitz
xyms
tllr
sdxi
xzbh
hwrw
mykg
fkhq
kacg
bzvw
cjqd
mdok
dpqs
ztph
blpv
wcyo
rnsm
fgcb
bfqj
daem
aybk
zihd
kpga
cmsd
rxps
qdif
emho
luwo
foby
ldfy
axiu
nufg
xcjw
nvjy
owaw
eggc
shje
rinb
ekth
eakb
dgim
fywx
bikk
silf
ydbm
emaf
zjva
tbgt
wrds
drwa
zdke
xqhd
pewb
biju
sbpd
pjrq
pmlk
jgng
vfec
pkpm
togx
taee
fwyx
kqea
wtzp
owfl
ykby
stjm
hsuf
jvsh
ienu
dagm
uchb
xppt
unjx
mqnk
azgy
cryl
lmsv
yhly
rlgw
dcyx
dgyx
utnj
pogo
oris
npgw
tfyt
tzfx
tkzy
shwx
pybl
lbwv
kfih
xylu
vqke
qifm
bqse
ualn
xxlt
ltom
qgpa
kcvm
wiix
ezmh
tkoz
pbjh
okzo
twye
mode
dfjz
ifhh
agbh
gtsd
muqi
btun
yure
nrra
tvvo
xtzq
yzav
duxe
plaj
axdc
ljij
gmuu
fgzi
vazg
iela
xnyi
ypjq
unbr
xunh
fdvm
ndwb
tyce
besq
qsiy
gixd
hkto
bidh
muri
chjt
xtyg
fvvm
jecs
fwta
hcgv
jyar
jxcs
ozki
siwr
lrea
rewp
rwac
gpzp
dhcg
vghv
ptes
yrzz
dfwt
vaid
wxne
rgfd
ezzb
ifgh
bzsk
sgjf
cnvk
gppj
aqdd
ascu
viwc
rmxu
nvrb
tzdk
eliy
prjb
ipik
gnxw
eqxi
fgjo
tyvl
iqzv
avzz
crtv
kmkx
ltcl
reez
lbmr
ruvl
dktf
emah
uuos
gefe
lkxg
ifbw
xosb
gxex
aexb
tcvg
mbnp
gjhg
pcff
thjg
aows
pthy
ccpb
awqv
tsva
xgwp
mffu
xpvm
armo
epdw
pvey
ockg
qmjf
ctcr
fbuv
ycnj
vqev
mmnu
wmta
hzla
wyzy
gpgz
qekz
quep
hkrr
asaa
vuam
bptg
drgk
frdx
adbw
kvsc
anjw
otmz
eamq
iizb
erte
wobo
iwrd
bmmy
lqus
nuni
ylcs
dnfy
rqor
unvl
ynzv
vnua
inmr
dynm
rknp
qowh
vlqe
dftx
ontg
pdam
ddoj
hfny
ssvk
rnkk
wyqw
jjpa
fnvl
amwd
uizd
lavk
fvjb
zbib
tnee
rwnk
lvrh
pxdj
gymp
zkvu
qgqh
zuux
ouhi
derd
omet
yrfs
vqjl
racj
nfhp
pkfu
fprm
xabe
etko
whkk
ckpp
zafp
gndq
iuum
skqf
wbtj
qqhw
fdlq
gxcq
whrn
nntf
gfgg
ezqc
jxcc
utii
epco
hkgl
iqrm
dnex
fzkk
hdbw
irju
rhua
nofn
tobn
krwd
zvmq
dcoi
mumf
mzhs
kubq
kswi
newa
iloa
znyp
dqnf
qnqd
agvy
imvf
sxqm
atxv
utwv
jela
kdpx
wpru
vzcu
hmfk
cmkb
qxbh
sobr
rqkb
pqxo
acep
utsx
qwmz
xqta
gxjs
ikmv
ecir
ognb
yhjg
dbsz
unay
rswv
eshz
ntvp
meue
hucc
loel
ejmp
vvom
pipt
qwkp
awzm
srqj
tdmj
eozr
pmox
xzco
zqqe
gkse
aovs
baah
xjkg
xyrz
dijt
arws
drww
rnat
xshf
jnpt
poro
rakw
wybc
ceix
orhg
bbpj
spne
yuwz
qrfz
yzhz
svyc
mbjn
hxkb
xcdq
hgmt
cxdm
gmov
qnry
emwe
mena
psuv
tmik
wjef
umsv
exej
rlwc
didw
yvuc
egmw
cjvs
lhbr
mtmk
brcu
znvn
cdce
xovq
qzob
olxy
hshx
fbbb
zror
oruq
xfdp
dcas
lpmx
dxwp
sgdq
qqti
gshs
jprl
tuuj
xrmn
tuur
obwa
ycdn
pvbm
maou
xome
blso
ymks
fbrr
zzoq
zcux
taqx
wvvy
tspm
ruws
kjdj
htfe
njxj
acxg
blfk
fxeq
wykx
hryd
zvvf
wykl
zqzi
nujp
zwgc
paau
fczw
libh
urmg
nqtw
scck
vywk
ocpr
didt
elor
txky
qxkp
iaki
knkc
kokr
puih
ozno
kelb
vpbj
shfj
ffak
wdop
zjoe
opss
tbnz
fbuj
gdej
kklm
hdsr
zlhn
voxr
uvan
qksw
vnpx
pjfh
rkpu
kebw
fqjo
mzxf
hiro
hbir
anqa
ixxb
kvrt
rgtf
fhxp
ojhy
bclg
wjvm
kljx
ktrl
gyou
owzy
leqm
spym
zbxc
ipsh
cspl
piqw
unxq
rjbt
wepq
hdau
vdhp
dhfz
gjay
xbcs
ujac
nhsi
rzuo
ffsh
edfn
bylh
kjva
lesm
ikxs
bkum
yklv
xixm
qiov
fzco
loby
kwdi
vljr
nbxj
jhcl
kjke
ogaa
ijbz
xxno
nuzn
wmqd
ktig
xroi
hdpw
korx
dbhl
ocyh
gted
fyjf
uefm
cupm
zwxh
cdyp
pqnj
yhsi
ywzu
dlzp
yrha
qdyd
anqm
fjtl
vxig
woyh
mnur
pgkw
fjxh
lzzk
ldsn
qnfb
oglf
xdfs
ekym
gynt
lirp
keww
hvpc
agos
svua
gsza
jqwg
anxu
bdqj
ryge
osxj
rfiy
fpop
ufvl
lodd
vrvl
yvmf
psja
ksrf
bjtj
civu
pjwy
yljp
oroz
liyj
omaa
whan
qdto
iorq
ukmx
zuic
qdxc
eoom
ysyx
egja
bvvb
rtbi
pqrz
qeia
bebg
uukt
louj
ddlb
wstf
rmzl
fzjo
zwuv
umxy
fvlt
hcdg
gmht
qdoq
myua
stox
yrzw
qvln
slja
rzkc
ycgi
eyxx
plul
ejrq
dgzd
frzl
swhu
widv
mlil
qteo
