intergrading
uproars
gibbosity
prepunched
frizzle
peacoat
screenlands
cadaverine
addicted
meringues
brickle
subsocieties
harmonies
onetime
mangabies
knell
megalomaniacal
hymnists
shapeups
ligule
satanist
canonicities
buffoonery
probabilities
amphetamines
welfarism
braconid
doubleheader
hideaways
galingale
unchasteness
lantana
inclusion
charterer
grazes
eugenia
daubier
reverend
pillarless
closuring
degressively
paste
cupeling
inclinable
clouter
castrator
gourmandized
enormity
rotundly
unfenced
itchiness
tritheistic
redamaged
languages
medially
pyrrolic
preliminary
encampments
worksheets
obsessively
telethon
danseuses
fifteens
shuttlecock
pipages
aquifer
ironwork
apneic
outeats
duelling
alfaquin
electrophile
maziest
disremembering
crouton
deescalations
dildoes
gorge
nonlibrary
wont
antishock
satanic
calculatedly
knoll
wigeons
outcounted
piousnesses
groupable
smoothens
recitativos
shes
inextinguishably
beleaguerment
autoradiographic
hardstand
skeps
disseminule
ignores
bipartitely
sculpturally
solicitousnesses
sheds
reanointed
dynamiters
combinatorial
execrators
predaceousness
prognosis
jarina
sousaphones
swingbys
homestead
intromitters
dislodgement
crystallographer
amputee
puerile
quicks
cuddy
kidder
sigh
tzitzith
emperorship
boundaries
solenoids
slinging
concerning
thionates
defibrillates
physiques
umbra
regimenting
presaged
ivorybills
hobnobs
outdistancing
ochring
overbright
tug
modelist
backfits
cusp
airmailed
blurbs
meets
antinomian
strokes
typicalities
mailbombs
ghastliest
cordierites
humidifications
overplot
dominical
conscribing
opining
tellurium
attiring
gullible
garglers
redeveloping
livers
rectories
globalized
cataclysmal
gasolinic
repopulating
preschedule
palsies
auricula
lizard
superoxides
electabilities
losablenesses
bucktail
fluorouracils
lehua
crumbly
utopianism
retaliations
cities
cytokines
cacophonies
hijacked
physicals
gruelings
outshone
steeplebush
reefer
grave
presynaptic
knobbed
fosterages
catface
salpians
unworthinesses
grating
cisternae
outheard
troubled
findable
pseudocyesis
snowiness
whisting
peoplers
absinth
swipes
grizzles
passivities
agnostic
euphonic
bedrenching
brokenness
philadelphuses
spurge
podsol
henbit
lipoproteins
trainway
parasitologist
gin
reanimations
hung
houselessnesses
toon
lours
unavailingly
anelasticities
antitechnologies
tests
prudish
nakedest
oppositions
comeuppances
nonstop
noncollector
glycosidic
synereses
deathbeds
annealer
decriminalizing
upases
justifying
fattiest
wettings
glossarists
wimbling
reincurring
sinuously
poetized
shends
radioprotection
tamboured
outfoxing
ethions
parang
capsulizing
conominees
municipalizations
tango
redrafting
hightailed
abstractions
conventiclers
sneakiest
svelter
heroines
mycophagous
emissive
resectabilities
perusals
cerebrate
anenst
basinal
mutational
ethnohistorians
watchmakings
overpopulate
veneerings
gruff
skinks
overspreading
scarifiers
embarrassingly
blushed
maximization
overusing
hid
quince
plews
conscribe
wholesome
deterged
mon
rhodiums
dissuasive
saucepans
germanize
hematoporphyrins
redefecting
apriorities
revoke
outgrowing
ensanguines
uncoerced
fulfill
overcontrolled
soviet
tarmacs
prevaricating
foremanship
dolmans
dislimn
sublanguages
bedrid
aquaculturists
hardset
absolve
fieldpieces
holdup
institutionalizing
diverticulum
muggees
cauterizations
exhibitions
newcomer
cestus
cedulas
spruces
indefinabilities
undersupplies
concept
consumerists
epodes
existentialisms
orache
speak
peered
polysome
airsick
manuscripts
ravining
martello
sponsoring
briefest
beswarms
resumers
biflex
valuer
purins
overcivilized
diphtheritic
frapped
presifted
indispositions
calciferous
playboys
myoglobin
matriculants
damascening
condoms
disseisins
untidy
roughness
justled
erodes
melanoblast
noncommitment
maturational
mementoes
remelts
rarefier
unsunk
valid
lianas
archdukes
devaluates
starts
coneflower
helotages
scrimshawed
unrecognizable
equipoise
strafes
chauvinistic
pardonableness
meditative
educes
anticapitalism
surname
restaged
postern
schmooses
algicides
selenate
exurban
contusing
imperil
outboxing
enhancements
strewment
burgeon
prophase
godchildren
rebounders
uninitiates
transaction
waxer
betweennesses
kola
tipsier
engirdling
wire
prenumbered
geologize
hyperparasitism
disserve
badges
operability
maneuvers
palanquin
polyphenol
lamperses
circulatory
blazing
excessively
maestro
termitarium
geanticline
toothaches
ratoon
strobils
bullshits
yard
unsewing
rhatany
tooter
stainers
rushings
divergency
gamesmanship
soarer
contradistinguish
reidentifies
catholically
bending
advocation
feudalists
betattered
beakiest
treadle
imbricated
matchstick
philanthropoid
thacked
subtitle
grandchild
prominence
subcommissions
shantung
rampole
interbedding
grubs
fractionate
reimbursements
slipstreams
unverifiable
soundstage
seaweeds
hibakusha
psychotherapeutic
irretrievability
choir
cockshuts
subindices
patriarchy
knickerbocker
hoggs
sprites
collets
noncomposer
reenergize
dressmakings
dischargees
schoolfellows
ornithopter
outthrobbed
misemphasis
dressings
wannest
empathically
refurbish
fatuity
moors
deformalize
bemuddling
ibogaine
bombproof
austral
sectarianizing
