globalized
equipoise
antitechnologies
presifted
dolmans
preliminary
cestus
cuddy
consumerists
dislimn
crouton
ironwork
collets
clouter
remelts
reefer
agnostic
ignores
restaged
modelist
physiques
alfaquin
svelter
presynaptic
bedrid
rhodiums
pseudocyesis
yard
onetime
sousaphones
pseudocyesis
pipages
ibogaine
devaluates
betweennesses
uproars
inclusion
embarrassingly
moors
deescalations
conominees
enormity
fattiest
crumbly
noncomposer
contusing
cytokines
ivorybills
steeplebush
intromitters
skinks
cacophonies
betattered
exhibitions
dressmakings
hardstand
inclinable
shapeups
reincurring
preschedule
languages
hid
prognosis
exhibitions
anelasticities
peered
bullshits
alfaquin
dominical
rushings
prognosis
cacophonies
outeats
globalized
lamperses
emissive
seaweeds
austral
exurban
buffoonery
biflex
crystallographer
megalomaniacal
resectabilities
overplot
patriarchy
trainway
shes
superoxides
outgrowing
knell
waxer
lantana
quince
slipstreams
restaged
betattered
obsessively
untidy
itchiness
overpopulate
conscribe
erodes
podsol
addicted
polysome
steeplebush
trainway
knoll
epodes
screenlands
brokenness
fifteens
ironwork
catface
shantung
orache
collets
quince
catholically
orache
hardset
remelts
salpians
presaged
boundaries
calculatedly
gullible
soarer
ravining
hyperparasitism
austral
tug
tarmacs
chauvinistic
regimenting
biflex
matriculants
devaluates
quince
medially
hideaways
roughness
absinth
sousaphones
sigh
imperil
godchildren
gasolinic
deformalize
municipalizations
indispositions
wholesome
boundaries
cusp
fluorouracils
antishock
educes
noncomposer
encampments
helotages
cestus
scarifiers
kola
absolve
comeuppances
utopianism
disseminule
deescalations
fulfill
sprites
slinging
selenate
screenlands
upases
polysome
educes
houselessnesses
knickerbocker
crumbly
probabilities
shapeups
revoke
glycosidic
prevaricating
outfoxing
diverticulum
passivities
ethions
probabilities
advocation
ratoon
overspreading
schmooses
prudish
outboxing
comeuppances
garglers
conscribing
unverifiable
reverend
betattered
shantung
encampments
lizard
apriorities
anticapitalism
sneakiest
prudish
lipoproteins
playboys
gruff
dislodgement
tests
wimbling
reincurring
calculatedly
melanoblast
emperorship
physicals
manuscripts
nonstop
bombproof
indefinabilities
itchiness
strewment
newcomer
frizzle
feudalists
peoplers
preschedule
amphetamines
rampole
languages
amphetamines
rushings
knoll
frapped
mon
parang
uncoerced
educes
abstractions
smoothens
strokes
uproars
mycophagous
knobbed
erodes
knobbed
polyphenol
fractionate
maximization
solicitousnesses
mangabies
prenumbered
outcounted
embarrassingly
knoll
whisting
cusp
rotundly
electabilities
remelts
antinomian
uncoerced
comeuppances
embarrassingly
beswarms
reanimations
imbricated
fulfill
reefer
unchasteness
gorge
unsunk
catholically
gullible
galingale
worksheets
autoradiographic
preliminary
exhibitions
superoxides
hightailed
contusing
execrators
undersupplies
blushed
bemuddling
maneuvers
ligule
catface
electrophile
cusp
upases
mycophagous
sublanguages
prominence
itchiness
ornithopter
welfarism
subcommissions
purins
tests
heroines
execrators
unavailingly
diverticulum
undersupplies
slipstreams
dolmans
kola
myoglobin
reanimations
philanthropoid
martello
reincurring
catface
bedrenching
shantung
contusing
hymnists
starts
exhibitions
cacophonies
superoxides
conscribe
typicalities
shuttlecock
duelling
knoll
findable
ensanguines
gibbosity
indispositions
gourmandized
termitarium
nonstop
repopulating
valid
jarina
catholically
comeuppances
troubled
electabilities
preschedule
grating
satanist
wettings
henbit
sigh
jarina
soviet
cauterizations
regimenting
shapeups
welfarism
podsol
tritheistic
blushed
consumerists
peacoat
deterged
existentialisms
henbit
languages
educes
repopulating
mangabies
conscribe
rarefier
inextinguishably
uncoerced
trainway
sprites
valid
worksheets
restaged
absolve
mailbombs
philanthropoid
trainway
purins
gasolinic
mailbombs
rushings
stainers
mycophagous
quince
slinging
overusing
fractionate
inextinguishably
findable
rhodiums
skinks
condoms
imperil
unrecognizable
condoms
mon
hid
noncommitment
buffoonery
gamesmanship
sneakiest
unworthinesses
braconid
bucktail
ensanguines
recitativos
palsies
itchiness
untidy
inclusion
bemuddling
outheard
purins
presynaptic
puerile
geologize
grizzles
danseuses
reanointed
educes
attiring
sneakiest
hibakusha
shuttlecock
seaweeds
bipartitely
enhancements
physicals
apneic
garglers
disseisins
gruff
dissuasive
calculatedly
martello
grating
knell
remelts
cadaverine
itchiness
mailbombs
pillarless
cordierites
meringues
patriarchy
crumbly
rampole
consumerists
shantung
languages
redamaged
waxer
orache
prevaricating
hardset
retaliations
erodes
germanize
noncomposer
dildoes
radioprotection
disremembering
helotages
tamboured
shends
retaliations
gamesmanship
mailbombs
presynaptic
emperorship
indefinabilities
veneerings
watchmakings
rarefier
biflex
conventiclers
hematoporphyrins
divergency
cisternae
presynaptic
presynaptic
utopianism
conscribe
braconid
podsol
myoglobin
harmonies
anelasticities
anenst
presynaptic
jarina
sublanguages
aquaculturists
skeps
indispositions
cupeling
restaged
redefecting
uproars
troubled
fatuity
amputee
schmooses
empathically
patriarchy
outshone
amputee
choir
conominees
psychotherapeutic
sousaphones
unsewing
restaged
dischargees
helotages
germanize
umbra
tipsier
hideaways
muggees
duelling
preliminary
clouter
grubs
pardonableness
skinks
consumerists
misemphasis
subindices
trainway
regimenting
resumers
ensanguines
nonstop
outfoxing
blurbs
toon
choir
wannest
hibakusha
dissuasive
inclinable
badges
tests
maziest
modelist
encampments
stainers
mailbombs
cities
knobbed
apriorities
feudalists
subcommissions
hymnists
palanquin
danseuses
catholically
fluorouracils
fluorouracils
megalomaniacal
deterged
betweennesses
ignores
findable
overcontrolled
philanthropoid
beleaguerment
cadaverine
empathically
intergrading
maneuvers
groupable
noncollector
deescalations
prognosis
backfits
briefest
wire
parang
strokes
mailbombs
meringues
valid
burgeon
tritheistic
contusing
surname
ivorybills
onetime
daubier
comeuppances
overspreading
brokenness
wettings
houselessnesses
combinatorial
enhancements
termitarium
holdup
fractionate
peoplers
fractionate
newcomer
treadle
sousaphones
waxer
dildoes
tug
shuttlecock
oppositions
exurban
rotundly
existentialisms
newcomer
tritheistic
humidifications
annealer
bombproof
catholically
addicted
unworthinesses
valid
frapped
mycophagous
exurban
dressings
modelist
hymnists
contusing
rarefier
decriminalizing
hoggs
screenlands
amphetamines
brickle
emissive
amphetamines
lantana
disremembering
institutionalizing
synereses
saucepans
overcivilized
quicks
homestead
cisternae
irretrievability
repopulating
justled
purins
beswarms
parasitologist
empathically
feudalists
lamperses
foremanship
dominical
pyrrolic
redefecting
shends
revoke
blurbs
hardset
basinal
cadaverine
swingbys
knobbed
cadaverine
subtitle
speak
conominees
languages
airmailed
dischargees
cedulas
onetime
trainway
rampole
outheard
telethon
defibrillates
rampole
airmailed
resumers
existentialisms
megalomaniacal
meets
veneerings
sponsoring
sheds
deathbeds
peoplers
steeplebush
toon
skinks
findable
pardonableness
watchmakings
rampole
conscribe
galingale
grave
patriarchy
pipages
harmonies
reanointed
hid
postern
jarina
reanimations
moors
interbedding
physiques
rhatany
thionates
toon
sigh
antinomian
garglers
helotages
maximization
canonicities
existentialisms
overcivilized
ethions
combinatorial
reverend
absinth
pyrrolic
bending
execrators
newcomer
disremembering
absolve
annealer
grubs
knell
wettings
wholesome
puerile
bemuddling
homestead
degressively
satanist
reanointed
hardstand
grandchild
newcomer
roughness
passivities
surname
telethon
umbra
tooter
shantung
glycosidic
newcomer
termitarium
strafes
imperil
cauterizations
aquaculturists
doubleheader
tooter
cities
mutational
anticapitalism
troubled
auricula
betattered
addicted
blurbs
fieldpieces
solicitousnesses
gullible
crumbly
fosterages
sneakiest
ghastliest
satanic
dildoes
tzitzith
emperorship
disserve
reimbursements
existentialisms
pillarless
quicks
steeplebush
quince
cuddy
irretrievability
erodes
overspreading
absolve
prevaricating
fatuity
execrators
crumbly
resumers
knobbed
gin
valuer
scarifiers
aquifer
wire
peoplers
dolmans
piousnesses
tug
defibrillates
brokenness
contradistinguish
upases
archdukes
concerning
garglers
fifteens
selenate
reidentifies
bipartitely
maturational
anenst
feudalists
dislimn
blushed
dynamiters
knell
anelasticities
dominical
advocation
overplot
saucepans
snowiness
shantung
grubs
wannest
hung
mutational
wire
subtitle
deescalations
capsulizing
refurbish
catface
catholically
outeats
screenlands
bullshits
calciferous
lizard
ivorybills
hardstand
divergency
cisternae
calciferous
justled
engirdling
gourmandized
inclusion
catface
rhatany
hoggs
selenate
blurbs
wimbling
blazing
advocation
beswarms
ratoon
treadle
catholically
bemuddling
tests
imbricated
kidder
hardset
disserve
unsewing
operability
schoolfellows
fulfill
megalomaniacal
presaged
uncoerced
selenate
selenate
aquaculturists
scarifiers
clouter
enhancements
mementoes
newcomer
hideaways
fieldpieces
presynaptic
bullshits
termitarium
ensanguines
calculatedly
overcivilized
newcomer
mutational
rarefier
tipsier
retaliations
unsunk
valid
condoms
lours
languages
dressings
basinal
closuring
kidder
hibakusha
interbedding
resectabilities
exhibitions
unchasteness
treadle
telethon
deterged
indefinabilities
findable
prevaricating
attiring
peacoat
tritheistic
divergency
rhatany
sprites
thacked
biflex
castrator
termitarium
circulatory
biflex
unworthinesses
overplot
perusals
unverifiable
radioprotection
conominees
chauvinistic
collets
calculatedly
typicalities
transaction
hymnists
rhodiums
seaweeds
tug
epodes
excessively
disremembering
reincurring
fattiest
unchasteness
psychotherapeutic
bullshits
patriarchy
tests
prenumbered
cedulas
conscribing
plews
toothaches
harmonies
peacoat
playboys
ensanguines
puerile
galingale
opining
rhodiums
decriminalizing
subcommissions
globalized
institutionalizing
valuer
dressmakings
erodes
crouton
cuddy
outfoxing
annealer
sublanguages
calculatedly
emperorship
languages
cockshuts
reefer
