curfs
eons
mauls
kues
slurs
force
foci
bronc
wifty
seal
buds
bylaw
gyrus
spank
coop
tyin
mow
dizzy
sou
vasty
kilts
welts
oaks
mell
serif
hight
spear
loyal
skees
roc
jurel
defi
cuppy
brim
omega
hypha
tombs
clews
moos
puck
aggro
lingo
swoun
joyed
duomo
herds
late
sonic
an
chirp
aedes
hyla
lis
jesse
eaten
calfs
knur
teel
spat
wop
vault
ore
avo
urd
diode
liger
skag
galax
bows
kaon
yum
goopy
tidy
zarf
crap
lists
darb
poxes
mesas
ryot
afar
lobe
preps
skin
skiff
pow
ducky
ameer
daks
oxes
cad
joule
moats
laird
espy
detox
bunk
denar
kaons
ducal
agony
lyres
welds
lager
abbas
limby
tugs
loo
omit
guess
jutes
luged
owes
venom
sophs
typey
pews
lain
leady
horde
whips
hon
flak
kops
arb
weeps
curia
durum
mice
charr
bluet
plate
glyph
deedy
wombs
hamza
rotos
als
audio
curfs
azoic
slams
empty
brat
uveal
wites
fowl
hoagy
tazza
docks
tater
bury
clons
burd
mires
belga
busby
coude
fetch
bayou
scape
best
feds
bhuts
yoni
omens
thee
imbue
laari
bani
aceta
lope
naif
bard
gussy
wyns
duple
trend
grams
icon
ziti
deeps
tachs
duddy
myoid
honed
great
frizz
dulse
caff
abri
sild
sober
digs
tardy
lour
cosec
scop
ketol
abuts
wee
anted
moron
limbi
nix
pipy
dinks
pony
lapel
holm
briar
few
cones
pawls
luna
snogs
mow
perp
weary
riven
moves
lingy
rete
mambo
gane
centu
obe
enter
supe
zoon
ohmic
wingy
stint
twaes
roost
holla
henry
unau
bump
ne
clef
aboma
helix
ponce
ill
vats
lweis
vase
due
mimic
razz
ares
utile
gyved
bosky
equid
crane
raver
cowed
eyrie
boff
pith
ulvas
ebbed
mako
gooey
upend
thump
gest
tutti
prod
dazes
torc
clam
holp
acyls
court
skint
glads
visor
weary
champ
eclat
luny
payor
squib
migg
sunk
garb
torcs
nib
wyns
laws
reg
cress
ditch
sift
feme
bo
it
gusts
kills
rho
edict
rover
woken
rites
usual
pinch
enemy
lobar
dauby
gears
daman
babu
now
skats
ranis
clons
puces
sowar
nadas
spahi
siped
tools
pacer
wrens
rap
animi
jot
price
taiga
vain
lubed
linac
moss
snuck
zonks
carol
abbas
slaws
espy
brag
among
hazes
pus
harsh
satem
qanat
lunch
dicey
orc
squat
arson
gloam
grads
wetly
lemon
taws
bowl
webs
roily
shred
might
tufas
aril
nurds
gigs
xylol
aloe
ended
casks
ornis
oes
roue
check
congo
axed
denes
cues
flams
taut
pupal
espy
coho
dingy
fable
dumka
pomp
dryad
hins
round
latex
teeny
delly
reb
lien
aroma
flux
bisk
puja
abos
wheel
tret
icon
tsks
full
sadhu
eve
plum
blip
know
vaus
anga
holm
pee
mumm
nevi
dago
stake
nous
argon
yegg
pecs
veers
vined
foil
jives
epha
zesty
scree
lap
buzz
peril
fino
duads
villi
moles
piss
annoy
rid
guvs
wave
ways
triac
haar
plead
plier
shag
poxes
soap
canoe
ngwee
manus
hi
craft
tibia
nodal
buran
ihram
remap
etui
welch
renig
ancon
river
oared
lints
acari
tophs
vert
zaire
zincs
curn
list
snib
sew
yechs
women
plops
kanes
hemal
soldi
writ
pips
pond
dingo
wed
yetts
amens
chugs
eth
fovea
suing
hoods
vital
weeks
idea
plops
swive
spik
rums
jujus
sizar
raias
toyo
path
shore
roles
gats
tome
strip
unbid
pula
okay
mons
chafe
hacks
crepy
abris
count
pied
benne
mulch
duck
sell
chez
sonde
slums
bred
bade
etch
of
veto
bury
wye
zaire
tests
trims
filed
loco
swiss
ilium
sewan
luny
indol
dhak
dire
ash
hulky
veal
ecus
godet
wreak
gulag
coxes
jazzy
deice
rune
on
lupin
tizzy
mope
hafts
dwarf
mock
opts
frass
soys
ramet
nomes
jutty
pirog
wools
fritt
egis
faro
eyas
metes
swots
cuppa
towny
beets
caul
lour
torn
clipt
gybe
farer
birle
kobs
webby
ursa
gluon
tansy
thief
flour
prism
laps
kame
dhuti
piss
she
baric
reign
lases
cunts
tenth
kob
auris
lore
stare
tort
monk
hell
pfft
poke
helms
alias
morts
plumy
plier
kink
fjeld
basic
meted
gong
loups
haler
trave
uncoy
avens
vista
front
flows
prion
nils
noils
dying
zein
sugar
chard
ollas
aquae
creak
yeuky
baps
quod
push
exons
kinos
vest
dura
frost
vanda
glass
ebon
grams
carb
kurta
love
chili
nitro
khis
aped
fatwa
guvs
cuppy
pyic
grave
moat
path
bluet
isles
pelf
loon
dope
uncoy
acme
added
typed
kames
nubs
gox
zoned
wean
pro
neat
ninja
pams
minis
gyms
ulu
gluon
icing
taps
flunk
pop
conte
gem
towed
skits
gory
crude
bags
yobs
gybe
agate
toons
prat
smarm
imp
hydro
bels
neif
atop
down
auris
scatt
nival
bonds
oven
worn
tabla
volt
loran
iliad
mizen
fists
sizer
jail
nail
latch
kain
bran
chest
greek
proxy
ulnae
bergs
steep
nabe
woman
radon
air
nene
zappy
bight
hanks
guck
jow
moped
airn
using
hyp
pommy
quirt
boart
skies
plane
yoke
maize
comix
built
argue
grove
laxly
oleos
caves
japer
bows
celom
sabra
fiord
toffy
trot
drama
aping
orach
glary
wees
stay
piper
gents
intis
elite
docs
kibei
retie
gut
unmix
knurl
glans
etnas
salal
salpa
odist
elain
gales
learn
luge
meres
ahold
momma
bias
passe
gland
cools
tares
crimp
wars
tail
squeg
lode
tines
loup
chill
coxed
zeta
sows
amice
kiddy
steel
here
varna
surd
sirra
baker
slunk
seven
wilds
poler
carts
rushy
roms
posy
betta
hewed
puss
myoma
casky
splat
lased
luce
lobo
tires
fou
dhak
uncap
elver
prier
hones
boffo
knees
leach
write
durra
silt
salve
arcs
puny
froth
culch
grace
orbed
cony
migs
jades
prays
palpi
alans
phono
reded
bout
fling
mho
bocks
folly
rif
luff
adept
bod
staff
makar
esses
dial
ark
varix
ugh
mead
debt
slams
funk
stuns
sic
pfui
papal
kaon
daces
paws
sorts
duce
pushy
fake
leery
downs
ilks
slobs
abort
gape
meats
dwarf
vatic
croze
fetid
fry
soyuz
septa
ease
atman
blots
ay
crops
caner
debts
oses
moste
ope
coder
wurst
elves
adeem
teloi
sords
janty
livre
tat
loss
pshaw
worts
aggro
derat
renew
poop
plop
cumin
ramps
fadge
veery
bruin
mick
wuss
snag
toile
cedis
ains
rearm
irids
leman
while
trave
holms
darts
resid
tenty
topic
terne
lief
vaus
life
throb
pumps
deads
bield
apple
nurd
hunks
gaga
ecu
embed
wyles
sun
place
hoe
stork
ramp
hid
scads
jambs
mayas
babul
nomoi
brio
laver
scion
plane
futon
flit
tumps
coly
