yell
wolfer
wapping
walleyes
verso
vernacle
tar
steer
stats
stack
spritsail
spiky
snoot
ska
shool
setons
roc
riff
rev
reflow
redevelofping
ratsbane
oxo
noon
nabs
mullets
mucor
madam
loof
loci
krill
imagine
hotel
hop
honan
holla
heh
gig
gamed
gamboges
gag
fleet
fled
eyra
elf
deviled
demander
demand
delfs
deked
bulb
blub
avow
avoid
ail
ilia
ova
named
lived
rifle
rye
mag
oh
ami
irk
nicol
befool
cum
rostellum
ban
foleveder
glover
kaffir
notes
oohs
peaks
ratoons
kips
stirps
cats
afreets
frat
sprat
aw
paw
alley
irotcers
ism
iuesglobalized
email
livevrjsrector
firms
olgseu
zilab
fade
lcatacde
side
node
cataclytsqkmal
one
orrice
epee
knife
garage
dirge
lie
rale
pipe
encore
rase
rostrate
cite
tote
dove
cirrose
dissed
finks
grided
ilk
larded
nohow
nonacid
nosed
sarsar
tics
vodka
dak
yak
dost
draped
yet
yon
ablate
llano
tye
renig
repack
rook
rubaboo
tall
tees
thoria
tiki
trapeze
trekker
twat
tetra
resee
oversee
piki
veto
par
ebon
poon
beg
bewared
optic
illicit
arctic
cranial
posh
bimahs
mush
umping
jrvevilgnip
bani
bekissed
bod
vina
fledge
sike
tondo
pulse
areae
aryls
lupo
pulis
pullet
psi
daces
almuces
aedes
engages
barges
takes
dames
nones
crapes
tsores
rises
arrises
viroses
cadres
dead
gob
grabs
kata
madder
sirras
sori
tondi
can
vair
venire
atria
serine
anserine
seep
setter
stolen
swamy
snag
porting
reporting
nixing
amyls
nitro
percin
gasolinic
ozonic
ilosagla
repopulatxing
repro
mortgagor
trompe
neep
kep
end
endopod
enrapt
eft
rant
eyne
eyrir
feyly
narwal
nestle
welts
wed
whosis
wynn
penny
bargee
pear
pele
tael
tetras
mell
sill
exoderm
grum
redoxes
urged
haded
ohed
liked
maned
creped
derated
orated
geek
egis
egress
amasser
ogress
gemot
genial
gored
lader
alary
alma
edema
elain
barrette
lot
gym
genoa
gyral
mambo
elmy
gemmy
clary
aal
alleys
amuck
atom
awol
call
calla
cete
chalah
cost
fatso
kilim
flow
femme
floc
inlaid
inlay
inverses
praedial
arrayal
manses
orthoses
opposes
erses
curses
ruck
reck
dawk
cape
ceros
curf
curr
linable
liras
lirot
rive
wady
aby
destiny
bas
nits
hame
hebe
hwan
azan
siphon
marathon
barn
firn
popcorn
abs
rabat
lear
akene
kaffirs
kane
albas
dahlias
docs
megs
doms
rostellums
platans
tarlatans
millimhos
corps
trovers
nows
coda
hooping
modally
natal
proctor
wonned
ridden
dirl
anal
dill
latke
lidar
ginned
phoned
nighty
pallets
pgnixta
phonon
preschedule
psis
rostella
slapeludehcser
tamis
matres
spues
glove
cuckoo
babu
psylla
user
samaras
uke
fake
palswiesauricula
luciruaseiw
orle
myth
minable
mynah
any
tosh
soth
referees
error
selflessly
beryls
rebegan
pawnage
attain
pissed
eased
muff
ajar
earphone
job
atap
roar
jagg
mkqsty
tannable
lobo
parterre
mumping
dodos
recede
