grunt
belt
thein
wipes
romp
gutta
sorer
bib
playa
paseo
locks
case
grail
repot
table
vang
softs
xi
ticks
quick
obits
talus
wreak
fancy
mauve
duroc
kumys
ava
pinto
pongs
teams
shew
doven
teal
el
moras
zinc
dunt
naifs
glede
wends
leers
ponce
calks
tatty
moke
vinca
fado
cargo
oka
whit
opus
bum
yagis
enols
dope
pulp
shawn
haafs
raid
fohn
oafs
get
panel
clunk
piu
back
toil
shift
teff
daddy
khet
junky
waffs
jugal
hour
molls
furs
bunds
echo
took
golf
cissy
limpa
treed
cymes
being
earn
spew
aphis
unfit
gangs
gowan
won
easts
amend
gip
koto
spark
my
farls
ef
yon
flesh
obia
logic
baiza
rated
wigan
girds
sagum
zaxes
myna
jerid
ikat
bled
roves
tommy
heths
aglet
cesta
cones
azans
nana
warns
renal
muffs
sorel
omasa
cub
kart
hung
shes
cain
piu
mair
rales
teats
thugs
tease
birle
dork
tree
oldy
awols
dykes
roues
tauts
tit
zyme
mange
smock
suits
swage
saul
brink
crepe
lends
rajah
font
lasts
gars
hones
ceria
dorr
disks
flex
manes
flabs
chasm
quire
yodh
pawls
unhip
mony
skep
furl
flood
dawt
wot
jimmy
doit
pest
bier
houri
cruck
mizen
dost
ovens
edit
sties
frat
warks
lobs
notal
buddy
fids
annas
tubby
cat
yokel
dove
yuck
eland
glias
brisk
punka
uncus
aqua
velar
flirt
glad
genre
prod
butle
wires
soups
sal
wired
taker
tasks
poh
term
stope
doors
gams
amahs
bowl
folk
gift
mome
crop
elds
tease
ajuga
kuna
ictus
skat
bezil
peery
yechs
cant
urges
jolt
fines
fuels
bumfs
woozy
gowk
lee
abc
defghijk
lmnop
qrstu
vwxy
zyxwvutsrqp
onmlkji
hgfedcba
