ceros
senor
typal
yucca
goad
eater
pec
chase
foxy
mauls
beryl
puli
globs
expos
bin
darer
lend
sole
sanes
there
spare
jerry
glare
sigh
fur
hub
cent
spick
slued
flags
runny
solar
trapt
kohls
lunt
hasp
ben
opsin
neist
alow
comix
outer
miche
mamba
aba
admix
krill
oak
trets
ninny
nixes
coyed
engs
tondo
axal
basks
wynd
ogees
odium
lays
stela
rest
mow
trots
yokel
alifs
payor
ken
fells
wales
disci
hosta
tuck
falls
daffy
tiff
paca
minx
flake
nosy
sheds
ala
middy
raki
slick
anlas
sneak
rees
stane
dunts
yappy
fixit
kaput
dolts
igloo
fichu
doat
drive
enzym
detox
canst
credo
runt
damns
apron
dhow
paris
soaks
draws
dunks
match
emir
jams
lets
glyph
alky
toes
bumf
base
homy
nick
reoil
pee
bolus
fenny
if
huge
warks
buzz
opal
leis
beamy
meta
clasp
deys
mirza
zit
shoo
anvil
strip
poms
matin
sots
cork
forts
yam
nills
rutty
tau
feral
belga
maze
nona
favas
bosks
twit
top
lyres
maw
almug
trot
tass
crack
hoy
eft
brews
kalif
souks
boffs
jugal
kore
thud
tabid
byes
batty
tides
daft
text
puns
goose
lunts
lotas
spud
getup
dolci
rimy
mural
naive
alkyl
toms
morts
tet
spays
phiz
cepe
tried
bosom
whets
tares
odyl
widow
hinny
wave
soupy
mikra
jows
sonic
oases
roost
tows
coxes
vivid
whoof
jalop
salmi
glues
wards
toddy
piped
duo
hilts
thigh
danio
fanes
bents
musty
graze
hippo
kiang
yecch
shade
snuff
tuna
dears
logia
stain
mumms
toric
cutey
mails
clip
lusty
hales
birks
lop
rapes
lying
deism
zerks
redip
clay
ergo
amnio
yare
wars
vires
ant
dally
emyds
cory
brows
truck
eves
baffs
tills
canto
awn
ged
daws
soppy
thunk
ulva
pipy
brank
heder
reign
freer
brans
tuber
pint
digit
grubs
whisk
redos
enemy
spats
tack
diwan
motor
stopt
triol
swale
teas
scow
rile
jane
crown
hand
fards
taels
texas
salvo
kinky
squaw
waw
dom
putts
biffs
told
weft
peat
bares
jubas
arcs
scape
ryot
naiad
voes
cola
duck
egis
fique
skene
hound
upend
rekey
orlop
yangs
dial
duper
done
hocus
vitae
curdy
peed
rete
tuber
bales
ergs
sards
alps
buhrs
peh
rally
embed
pints
spiky
pyin
pride
redly
seeps
dhows
cusec
scour
soy
xenic
hongs
nyala
fundi
hotly
awned
hug
paeon
ataps
dub
lauds
donga
gore
snack
thorn
brave
tarot
kick
anise
yah
rosy
izar
giant
hemps
balmy
fille
orbit
poked
kists
dairy
half
deign
borne
ebon
prize
babul
muras
goof
silts
ted
help
blebs
cepe
fugue
droit
exam
avion
spuds
off
balk
tass
pinko
tired
wino
miler
toed
pest
ouzos
mists
mazed
sol
yucch
magma
age
crews
monte
atoms
tamal
age
white
molts
cosec
acted
torc
zoo
redye
heuch
boded
sums
woods
bield
skied
plows
winze
calo
hoses
lota
doggy
knoll
jokey
lippy
tharm
speir
viol
tahr
tory
gussy
nexus
heart
perm
inked
gusty
cords
octet
lumps
palet
axed
twat
ahem
yare
fob
seize
cyme
seat
wick
shops
pome
hon
cite
lezzy
ridgy
helix
oses
cycad
kings
flora
coxa
busty
stats
guid
gamer
negus
obeli
biff
yogee
ulnas
hams
vinyl
bidet
babe
prim
rinks
alary
stork
gipsy
vill
crazy
texts
gombo
datos
umiaq
ode
felly
picot
prize
pekin
sling
benni
etape
fuds
oboe
dekko
malt
magus
booed
noils
draff
ska
maths
yodh
whys
mm
aids
want
lats
check
limes
ivies
laps
fond
glout
bras
dumbs
ort
algas
schul
male
vapor
stubs
gall
pats
futon
dried
gramp
trust
bloc
bines
czar
almah
barer
dotal
wawls
ruins
trios
bites
nema
moc
typy
bush
tamp
aims
decaf
blow
bees
taka
wend
aahs
cribs
retie
tush
yegg
depth
roads
cinch
axles
milts
rayon
birl
dang
calm
cower
besom
crowd
tides
bursa
plan
slosh
peags
stets
zincs
need
chunk
alps
soys
clapt
curt
funds
obols
fiber
snoop
chaos
spew
inky
true
kiang
birds
graal
inner
beams
yelps
pical
bans
homer
bendy
did
matza
pleas
mazer
hurt
skelm
pocks
yaps
sides
bonze
plied
abeam
slay
taffy
ryots
tae
achy
milos
dobie
vasty
carle
madam
sarky
fritt
duple
smaze
kid
lunch
vexed
vine
orb
olios
trave
yank
tangy
hobos
flits
puja
koto
ganof
helps
benny
paces
puton
roes
rusts
jut
birth
vault
som
spahi
owsen
yocks
bunds
aviso
samba
sauls
emery
dazes
defis
rifer
abbas
apish
pea
offs
scot
cist
burns
vogue
vizir
stag
exile
basts
via
sober
bake
ropey
burst
kyats
quale
slam
pat
semis
lists
fease
lisps
bohea
anti
wecht
skirt
scut
hotch
buff
cebid
shott
pads
dawt
canoe
kibla
yeah
pungs
loads
erase
nome
fondu
glim
ixias
parks
rand
crust
sacks
ropes
model
eruct
couch
jill
facts
pirns
bales
amir
purge
brava
genie
coupe
debye
jerks
gnats
bee
acmic
abbes
scart
swage
tense
spumy
click
bipod
luted
ambry
storm
roles
derms
blob
cover
shays
dolor
mafic
djinn
cosy
yechs
tolls
pricy
lutz
cowls
wynns
foods
lowse
lax
etic
share
gripy
hang
joint
ids
nylon
cokes
ens
hoyas
herb
haute
latte
nicol
massa
drape
taos
birle
feces
kusso
weedy
dons
gar
pima
title
kendo
kinos
tapis
carps
gleam
wove
stony
young
triad
aced
jake
swan
kiva
yells
shahs
crook
prays
potto
brut
calms
sewed
bubo
tazza
frap
doter
crown
scaly
proem
tithe
crops
tikis
pep
ad
idle
vena
ruffs
suck
pan
pele
media
ball
aider
flam
hyson
skit
palmy
boart
mack
line
mute
clubs
obis
beast
ripes
zoea
tsuba
linty
yowl
jabot
cent
fro
cepe
wytes
hart
dub
welsh
ivies
zooid
kvas
faxed
ports
hooky
shoat
kroon
cymar
pups
pouff
tent
grey
bonze
piing
hyte
toyo
eyed
letup
morts
filo
baton
jams
kotow
rente
plumb
ferns
volts
jujus
twaes
dream
yeast
seams
exact
jaw
ghyll
acing
short
debar
puny
trews
fards
atoll
aunt
wrick
leers
jewel
ernes
sneer
jun
ozone
pub
skit
perch
kiwi
colza
owse
trust
phuts
oms
khafs
fino
kiter
teach
iced
matey
dung
jay
kaki
dura
file
tahr
norms
jews
zig
skink
cecum
lac
yager
ennui
deem
kanas
heel
east
jeon
iambi
quirk
plan
filed
hotch
nova
abuzz
sherd
cafe
gouty
melt
tasks
dotal
moira
shily
kaka
eggy
culch
sente
grub
vegie
kae
just
chard
culls
maths
holed
agama
cants
cymar
lyse
bubs
daffs
disco
loges
beset
wheel
leone
jins
omega
easts
khets
chi
matza
nenes
oozes
las
dean
noway
zappy
finis
guru
pint
yarns
stoat
voted
hauls
sent
vav
filly
boric
huffs
godet
med
apsis
miffs
clog
tax
lilts
lunet
dandy
ice
kinks
poohs
teloi
upend
roms
drown
gooks
funds
reges
deny
your
adept
nomad
prau
escar
wefts
jacks
hems
text
nouns
braw
wests
raja
wirra
husk
kames
soya
nitro
hurls
spued
conns
thou
pois
ar
lawns
gopik
send
krona
river
muter
pelon
daily
fazed
ikat
cure
mews
jins
thein
skeet
edify
deeds
crew
segs
sybo
haha
mammy
yuca
lei
warps
lutea
diode
giro
rial
ouzo
sumo
beaut
din
too
quod
gravy
thigh
faze
toker
kayak
nomas
shove
togue
mazy
nook
link
gawsy
sculp
jaups
yikes
sacs
salon
dura
weak
smoky
wussy
momus
bayed
kilos
joys
skeen
dyne
lint
davit
first
omega
lye
impel
ag
woads
zig
azine
taels
man
dawks
twixt
gay
qursh
adeem
withe
mokes
spahi
epic
page
flak
nidal
molt
waff
mufti
silva
bowed
spode
jemmy
volti
seepy
cate
ills
bards
pelf
baser
coder
ohing
atrip
selva
rin
goat
seif
rates
ravin
kissy
grapy
reaps
roods
oxid
gnats
mure
genom
pyas
flyer
twirl
room
devon
mir
query
fizz
ax
brie
ology
stair
paca
un
sass
hussy
gook
recce
logo
plea
thug
purrs
polio
gnars
coset
verts
mazes
kbars
nori
met
gipsy
spent
adoze
vials
pein
janty
kalam
obi
moke
kits
basal
rumba
polio
amnio
amain
reeky
march
hunts
noil
goofs
cense
amus
cloth
beck
etyma
woos
hoist
tipsy
feal
frit
grebe
join
bows
nodal
biles
ekes
cards
drank
wauls
wants
opts
dung
fidos
girn
donne
leech
shogs
got
ohia
tups
bond
ape
poet
seeds
bevor
shrew
awry
uke
silly
burro
smerk
yoga
orang
plink
kiefs
yule
humor
dulia
tilde
reuse
boyos
yuga
keto
ray
samek
blows
minas
spur
sel
tondi
ones
echo
sabe
game
daubs
borer
gayer
yips
lepta
slip
ban
fifes
rep
chiel
want
dent
oxy
kegs
kists
colds
feuds
om
ref
poove
audit
dildo
gloam
ounce
oozy
huffy
ree
qursh
ghee
eikon
bills
yaff
tungs
geek
fatso
wogs
titi
neve
dobie
ovens
canny
wises
steps
blot
scowl
sunk
deter
malar
herd
napes
pegs
aper
lodge
tops
red
kines
lope
spud
booms
sonde
toits
thane
pimp
ovary
entia
ilka
skier
cues
baled
sext
mina
ah
shy
tits
yet
pokes
gamy
fino
mails
dooms
pial
maud
kench
er
kines
kadis
bowse
gnash
femes
riots
buff
mako
lamia
maya
cods
vills
dukes
hucks
chis
scoff
emits
wawl
bunko
her
furor
sane
carbs
inlay
kanes
lat
bins
jades
kef
dita
grope
clan
blate
bawty
kilns
koas
rem
palm
nonce
stubs
rid
priss
hent
rynds
sputa
khaf
saiga
lamia
frats
herbs
loped
mush
cones
guvs
sweet
mild
comma
essay
quips
brock
slurs
agog
nurls
unity
algin
peise
win
cusps
droop
been
alif
bide
misty
mosso
cart
yupon
mumm
rehem
lover
unci
pacas
posed
zonal
fifty
tels
moils
dock
at
ambit
drops
wilco
pye
laevo
bwana
aargh
saul
gismo
boite
moots
ba
nipa
plats
bough
peans
swab
foal
rue
leak
delly
retry
pudic
army
ansae
pima
sleep
tepa
isba
boys
bold
ens
size
toph
aorta
error
phony
flash
haj
orgic
rammy
icing
els
dries
craal
cools
tolar
owsen
elide
most
bogle
cow
sir
jowls
bimah
taxes
rumor
ganof
serum
proso
fiscs
scups
cedis
angry
comix
resid
would
abmho
doxy
bum
oxeye
muhly
poons
sty
smaze
pawed
noirs
panty
inkle
drug
skas
doux
adorn
kudus
mysid
samp
doux
wreck
fanon
pages
filch
edger
knack
pongs
riley
fluff
lowed
retem
orb
stubs
comte
maths
reeky
bundt
hinds
rug
upbow
jingo
reive
pets
belts
roams
pesos
zill
wrapt
seals
map
yaup
dupe
gland
belly
torte
rotes
bongo
ameer
idyl
ria
flows
agave
dunks
chang
fair
muck
mesic
sound
photo
hob
roily
misdo
tempo
stey
wry
opus
loggy
baser
stout
rime
clown
ensky
ogive
brown
nodes
gilt
junks
combo
dumps
whee
skin
troke
ace
pater
keet
etude
laari
mart
white
skep
rapes
matey
trapt
vise
wazoo
feint
levee
pend
isba
betel
taro
hive
ruff
bogus
speir
fetor
parve
tufty
kines
teuch
yod
will
cooks
jibb
goops
doit
urb
soars
raj
fuzed
whins
yetts
twa
games
genus
slier
odd
reeks
spans
heats
rolls
dusky
botel
owlet
gude
arm
oft
deets
seely
dawn
tabus
ammo
theme
lug
byes
tugs
rimy
fifed
tory
egers
guaco
stipe
tain
gombo
serge
mamba
tarre
traps
eyry
auger
appal
peppy
ego
meets
miens
sixes
pimp
neep
serge
clime
sprat
oxims
gismo
veery
mads
brome
total
devas
vis
man
gnat
usque
pee
gnus
mules
ilial
defer
frame
wore
ditto
yows
fain
fails
hut
flab
upas
ogre
blain
swath
pets
bolar
vimen
liang
icon
mulla
seam
promo
peeps
gemmy
iroko
moved
holk
sain
dado
nota
septa
umbel
opts
rift
waney
axiom
panga
sene
auger
argon
kore
byssi
allee
crowd
batty
dined
recur
hasty
tirls
emfs
log
mikra
vacs
leek
caber
teems
datum
pail
wynd
wich
laves
allay
clew
shent
coke
mood
mus
grays
poofs
yett
ways
koans
magic
feyer
drys
macs
amen
dyads
iring
garb
gigot
zanza
heths
evil
ambry
bads
lento
vims
zein
falls
tahrs
mew
zoeas
wyled
plica
mod
quail
razor
run
spica
keefs
bints
softy
laved
belts
tents
surfy
tryma
flaps
crumb
cub
seepy
sha
alga
saga
pelon
genro
stoa
calls
scall
amass
move
angas
ha
bong
swap
mucks
peise
sayer
proem
mock
tosh
downy
hitch
stymy
loll
asked
acold
trees
rye
snub
arses
baiza
wold
ama
cuffs
hwan
locum
pech
loris
mack
cine
joes
quais
chao
moral
feres
teg
ruse
outer
dices
lez
toits
kevil
oud
tufas
cwms
faery
dip
vases
prier
glogg
senor
vext
finis
bony
neume
compo
farts
offs
manna
plan
exon
mor
culm
field
locos
whaps
bider
fez
cutty
allow
thuja
cunt
plie
very
cash
folk
otto
roam
peed
kines
balky
abaca
aphis
trams
took
wasts
neist
arise
find
fen
luffa
wive
tragi
rugby
zorch
gnus
logos
limn
rax
neums
ghee
giver
raias
wides
dorty
sen
cheer
sene
lass
brays
sooks
odic
cobia
kneed
cully
trays
nobs
aggie
ocean
teels
galea
ducks
maybe
dato
rynds
tokay
popsy
very
tease
bocks
areas
recut
yays
swoun
yang
yokes
nicol
linos
anele
over
lit
asset
naos
stud
crept
poise
donee
culti
zori
mind
parse
baize
vexer
quays
ick
abc
defghijk
lmnop
qrstu
vwxy
zyxwvutsrqp
onmlkji
hgfedcba
