electrotonically
negativist
uncleanliness
gingerbready
latinity
whitters
martyries
relieves
ataxia
paisley
forcedly
columellae
vuggy
tefillin
favellas
bisectional
palmerworms
spinet
guys
impalas
scouting
monoacids
blackbody
troilisms
myelomas
nonfinancial
codiscovered
peregrinates
touchstone
acciaccatura
stressors
lignifications
radiographic
urethans
heavy
vulcanizate
eradicating
hulloed
ascarid
discrowning
ruggedizations
circumjacent
indole
servitudes
insulter
valueless
equities
flittering
casettes
cowpie
shaitans
chemotaxis
suppliance
postfix
mezereon
posher
requirers
matchlock
respreading
privatives
arborizations
classicisms
immunogen
ordos
oversea
obituarists
supersedure
skewering
weighers
cockboat
fetishist
stepparentings
cirsoid
declassifies
draped
glassmakers
quaky
ferroelectric
multiage
alkalizing
ripsaws
closedown
cowards
horrified
whiprays
unreservedness
valpolicellas
lumpenproletariat
tux
superorganisms
shocker
argals
pioneer
fusileer
blowy
elusions
cockney
guzzled
stabled
alternation
apishness
marbleizing
latke
tankship
speculatively
courants
indoctrination
tostados
tacked
pertest
rollicky
basenesses
mammilla
chirre
liquation
elementary
babas
echocardiograms
fills
capitation
tsores
wharfingers
invalidates
edifies
counterargument
mileages
feigners
overdominances
chares
emotionlessly
spermatozoa
superorganisms
pectinations
optimizations
countersigned
ringneck
dove
degrees
pandemoniums
inflicters
grandiloquence
pusleys
gonged
dehorner
watchman
forester
coextensively
uninspected
magistrature
mortars
repursuing
cholate
cuisse
revving
prechilling
unliving
sapropels
sheafing
rehearings
voodooist
anorexias
aggies
ladlers
jubilantly
methylals
teems
plethysmography
disillusioned
courageous
intercom
ulsters
courageous
seel
eponymic
paviors
ilk
baritone
presoaked
aerobic
axils
uncut
inconclusively
jotters
roadworks
superspecialists
redistribute
caviars
calla
enfeeblement
solubilization
ptoses
boxwood
crossed
mercers
stomachs
reoutfits
appreciable
berseems
pedophilia
sideswipes
countians
genro
centai
outdazzled
courtly
dislodgements
imprecise
spews
monophthongs
strain
mirror
bordeaux
gaudies
stagnated
ail
evertors
activize
apexes
piroplasma
sextants
ensnarled
lecher
replating
chunky
exoderm
doblon
copurified
stack
transvalue
binocle
cantatrices
dowel
repliers
poshly
subtilins
hallucinogenic
tondo
maximizer
overidealistic
helminthology
gunrunning
germinating
indeterminisms
barrators
impaired
distinctivenesses
floc
idler
perfumery
azathioprine
trippy
tankship
compositely
cosmetologies
obeahs
blondest
mangey
courants
sallower
owe
stang
ship
cruised
shacklebone
uke
minuscules
syndicalisms
hornists
quadruplicate
chunks
betwixt
skimpily
hyalites
avow
buggeries
unmemorable
sporoid
logograph
interstimulus
reeds
concerning
sunward
perjure
reaper
recovering
rudesbies
aeronomists
euonymuses
whistling
moonlike
espionage
contrastive
parturient
mkqsty
upflinging
macrophotography
nautiloids
calla
unwishing
refutes
fromenties
monolayer
intermarriage
mutinously
nonhygroscopic
desands
vanquished
scarp
country
speculation
renegotiable
prefigures
emanating
anchorpersons
spews
unmown
picklock
dragnets
muntin
mellifluous
unwishing
sealants
insatiately
lingerie
sapropels
improvise
beggared
binocle
chimaerisms
imps
carriages
oxidoreductases
framings
toyer
lollygagged
defrosting
tonights
psammite
caws
oranges
ideational
pokeroot
escalloped
uncooked
walks
subnuclear
sacerdotally
botulinum
caviars
oots
sideswipes
beryls
stereoscope
reinfected
benchlands
palmlike
homonymously
grandiloquence
quarterfinal
wrigglier
anopias
sailboardings
timesaving
sadomasochistic
antishock
demagoging
impassiveness
yellowtails
emitted
relatedness
anaplasmosis
lacrimators
aboded
hemin
laryngals
pesewas
pinto
gonorrhea
prolonges
photically
centralities
impracticality
dottinesses
vair
cataclysms
cashiered
countertrades
brisknesses
sportfishermen
blearier
scrummages
dehydrogenation
portlier
thwarters
komatiks
moral
fronter
barquettes
dreaminess
accords
parasite
lightbulbs
calla
outpowered
aiolis
itself
controvertible
sewage
reuniter
stubble
intersubjectivity
trekker
extemporary
goldfields
warned
huddles
otalgies
semiraw
placid
ebon
salicins
porting
misplaced
corbicula
asininely
tunes
streamings
pitchpoles
fullers
quilter
neocolonialisms
monopodial
coagent
inaccessibilities
strumose
housepersons
mickler
wrigglier
ripsaws
rheumiest
emotionlessly
hyperglycemias
rushes
glasnosts
deprivers
usuries
mandarin
prepuberties
sagenesses
partizans
pristinely
cyanamids
moonlike
noncontinuous
confectioneries
liquored
braving
tidily
bicrons
acted
villadom
pregnancy
nonvanishing
hunnish
scurf
formatter
enlarging
mesmerising
peperomias
lingonberry
ferrite
surliest
eigenvalues
contemplatively
cleanse
antitrust
modulatory
lorgnette
remanence
rigorousness
ozonised
ovule
dysphasia
gendarme
reposed
zincite
cineraria
stats
pisiforms
bullterrier
pileup
gingerbready
hansa
diplopic
whispers
palest
pilaf
defeatist
terminology
punishment
renegotiates
begrimming
protohistorian
judicial
extincted
staffing
congregationalism
repliers
shortener
outlaw
heterogeneities
jiggered
alarmist
reforested
transferable
deity
combatted
calisayas
arecas
rehardens
hayseeds
vaporise
chammying
congregates
cabezone
entrepreneurs
testa
laryngals
mooniest
arabizing
babu
retentivenesses
decocts
rushes
outhunts
triturators
detergers
optically
dramaturgical
contradiction
neocolonialisms
osteoarthritides
uroliths
ototoxic
punctilios
consisted
nudger
breasting
spean
evictions
semiologist
sideswiping
protectory
staidnesses
bluewoods
dottinesses
quilter
internalizes
hooping
interconvert
friar
jolliest
libertines
parabioses
prolabor
sensualisms
zooplankton
rhymester
eugeosynclinal
biospheres
soddennesses
racketeers
lanolins
sagaman
coronated
additional
somatomedins
fieldworks
cavillers
roomful
manias
despoilers
gibbosity
replacement
unintelligibility
nostoc
scarfskins
pinto
scurf
conveniently
becarpeted
prosauropods
fearfully
exegesis
fuggiest
grandiflorae
mispositioned
missionization
megalopses
contempts
escalated
stouten
bugbane
enrapt
cumquat
vaccinator
disinviting
weepy
holocaust
intercorrelated
diplopic
swinking
reduction
galbanum
uproots
maximises
accounting
distinguishing
coquito
steeled
anticreative
endeavors
rhymester
magnetopause
vilifications
kaffirs
almude
paperboard
drivennesses
essentialize
pointmen
droughtiness
praseodymium
sorriest
transitively
outgivings
cirrose
flubbing
beg
asininely
wristy
misdialled
hydrazine
peskily
smiercase
accruing
quaternary
blastoma
woodiness
gradus
thumbkins
toilful
radiolabeled
sidestrokes
arteriosclerosis
solemnifies
bedeck
almuces
veneration
curbstone
wattages
tensors
overcapacity
steeked
bronchopneumonia
soundboards
saxophone
parallelogram
annular
sponged
reachers
iridosmines
trisoctahedra
restaurateurs
quaternary
embryon
convokers
becarpeted
utilidors
strewed
arteriosclerosis
geostrophically
pallettes
liquored
fruitlets
grandchildren
bonsai
idioms
beaming
halliards
akene
fluoridating
puree
prefigures
nonacid
castellans
psychically
endothelial
hyperboloidal
brigands
vibrators
coppra
vasodilations
apprenticing
closetful
immixtures
peevishnesses
origanums
teacup
bots
mellifluous
nazify
courtliness
impaired
agree
pussies
hypocoristically
syntactically
skimobile
rumpled
hypoxanthine
brevities
mausoleums
quarterage
needlessness
salmonelloses
gawper
heathier
blusteringly
larvicidal
extendible
thrills
mollie
student
sackings
thumbkins
ragtime
dimeter
peebeens
elbows
detergers
registries
proctodaea
madam
clinged
basinets
credulousnesses
inshore
thundered
mumping
gunrunning
jillions
wisted
noisily
macho
gingerliness
subthreshold
psychrometric
begrimming
looser
columella
thirdhand
governors
penetrated
punishment
lunchtime
decker
nohow
shopboys
gorgonize
camelback
terminology
reseizes
static
quarreling
dilatational
subpenaed
pachuco
understandability
endodontically
cabinetmakers
papulose
convulsion
ruminators
diagraming
speccing
microsporogeneses
worriment
xenophobic
inanity
mojoes
heh
skulkers
sheila
demobilizes
postmillennialist
demobilizes
conspiration
erica
elutriators
dunams
libs
misbelief
midrash
mesmerising
henotheist
ringneck
elephantine
bibliographer
claret
petered
spank
peasecods
fructified
chinoiserie
attaints
petsai
sparking
invitees
flutist
vignerons
bemire
convulsion
ballyhooing
apostleships
exchange
dimmest
unfossiliferous
daftly
tallied
board
normality
ignorant
remoteness
pitchpoles
mattress
upflinging
utilizing
embracive
sociables
arrhythmic
chinless
latinizations
ungratefully
paraprofessional
magnifications
gig
condylomata
ingrowing
unais
tilapia
afreets
stroyed
lear
scruffiest
skirred
valves
emphases
lignifications
electroscope
prize
uniqueness
pollen
pursuers
nonspeech
contestations
entresols
tubulins
turfless
scintilla
haut
accipiter
piggybacking
reprisals
counseling
extemporal
casebearers
antonymic
thecae
tangiblenesses
biotron
lowes
braved
repudiationist
webbiest
outgoes
frigates
nonmusician
nutter
prefigures
moonflowers
sickee
caitiff
yon
symptomatological
rehearsers
corral
eagerly
ginned
unthawed
potassium
subcults
aryls
lear
dimly
philoprogenitiveness
handing
decoders
incinerates
colins
cataclysms
beebread
nonkosher
larrup
pyknosis
bicarbonate
rootlets
dissections
faggots
whangees
seesawing
nonmedical
daftest
becarpeted
inelegance
kilim
savvy
allografting
yoked
curmudgeonly
virginalists
bivalents
effusions
parsable
anetholes
speakeasy
armaments
commensuration
villadom
yah
overissuance
overmannered
cheeriness
mightinesses
etalon
flannelettes
misspoken
upholsterer
forebody
forgetter
scripter
reputation
goldfields
yaups
garner
handing
deked
hawkbill
whortle
craftily
pertest
porterhouse
lopsidedness
mitred
coelenteron
garboils
rewakening
torqueses
chalybeates
subalar
imperishabilities
indubitablenesses
primavera
allotments
workday
disorientate
pelican
profanity
gemological
scarp
ensconced
cygnet
unionising
foregrounded
snashes
souaris
admix
hallucinatory
mothball
aquacades
mavie
sapropels
acciaccatura
metropolises
blearier
calamaries
controvertible
redden
admix
translatory
kermeses
bloodshed
reseizes
kilocycle
lofter
bemixed
potheen
customizations
ethanol
trimaran
lissomeness
streamier
overmanned
marting
indagates
clayey
unrooting
interconvertible
contextures
zorilla
vindicates
entresols
microtone
ruggedizations
baldrick
iodophors
asphyxiating
actinically
preconceives
grizzly
openest
hazels
pileworts
whinier
nutlike
yon
taxon
scyphistoma
reascends
loos
meaningful
trichite
photolyzing
satinpod
sacerdotally
scroops
atropisms
playfully
exudates
entamoebae
influences
aphorizing
promiscuousness
reflow
telencephalic
piles
flimflams
impassiveness
transplanter
larghetto
buhlworks
guanethidine
multistate
galivanted
bedbugs
fissiparousness
metamer
gunrunning
flashers
noncompatible
lidar
kaffirs
parachutes
sparking
professoriats
condoles
trespassed
dirigismes
humanest
benzol
equaled
drake
tricepses
multipronged
alarmist
intergradation
puninesses
nationalized
amerces
wattages
southwester
viler
chloasmata
erses
clupeoids
ocreae
diseases
feels
pharmacodynamically
crossbones
polyps
couthie
hasp
bifurcating
adoptive
millenarianisms
becowarding
transferable
beechdrops
scabbing
expediences
measuring
sill
scruffily
reengineer
purposively
allylic
controllable
stagestruck
applejacks
lupo
spumoni
gelatinously
explore
frequentative
owed
portlier
riffling
permittivities
substantials
gastral
meaner
hypoacid
faultless
triseme
colostral
homophobe
rarebits
rachitis
excursively
mamba
excurrent
broadened
hydrogenous
hereunder
racketeers
mysterious
overrides
epineuria
blithers
adrenergically
overbook
nutmeats
stencilers
plumbings
boatyards
overpersuade
halakist
oversales
startles
surds
commixt
involves
unexposed
gliadin
wherefrom
arrayal
packly
dovening
accomplishing
coagula
reveal
croaking
tsarist
pappooses
becudgel
brusk
sows
hisn
deuteranope
aquiline
interstratifying
armadas
aeciospore
russetting
apnea
claret
lobo
fuji
paphians
sensitivenesses
unclasp
muonic
reaving
pussley
platitudinizes
clogs
epinephrines
tchotchke
gay
hypereutectoid
engages
microfarad
dedifferentiates
cordilleran
outbluff
straddles
evaporators
drogues
duvetyne
jazzinesses
pokeroot
microtubule
creativity
rundown
clockworks
summerier
worriers
blacken
phylae
whangees
intromittent
millibar
atropisms
pinup
stibiums
forte
housekeepings
azathioprine
antifluoridationist
cysteamine
debauched
choicer
germinating
glossemes
archenemy
anxious
babyish
disjointed
bacterizes
bumpered
monotones
slates
reattributed
diastem
flimflams
snowplowed
ambulating
disrepair
hypnotherapies
giddiest
hunh
diving
paranoiacs
androgeneses
polychrome
revelry
portulacas
wagoning
multitalented
ideational
bibliophilisms
delivered
hypertexts
synchroneity
expenditure
phosphatization
ironmongers
profounds
wadders
humoured
expansively
hygrometric
preschedule
lightings
angiogenesis
gelatinously
treatises
recopies
hominids
eucalypts
sponged
stylizer
ebon
eiderdown
cogently
yapok
caulking
lepidopteran
millions
planishers
aestivations
bottles
saltboxes
paviors
villadom
vivacity
repatriates
enshrine
wonderment
mocs
indult
inshore
woodbins
termers
nationalized
boweling
email
kitchen
rudeness
fondnesses
unmined
scooter
xylophone
tusk
stagger
surfaced
sublicenses
nougat
amoxycillins
remarriage
faintish
tangibilities
tricotine
nuggety
implicate
protectresses
adscititious
thickety
seek
razeed
scurfs
unenthusiastically
laity
brakeless
detribalizes
interdigitating
halidom
unmanlinesses
superluxury
madder
nilled
incisions
linurons
oxazepam
forgets
lyophilizer
ensigncies
grayest
dyslogistically
salinizations
cyclostyle
tallest
lignifications
exchange
friendlier
entresols
resurveyed
dynamist
cognizers
figured
specialization
outrageousnesses
sentenced
disarmers
fizziest
dak
buddying
cloistering
bemaddened
unflatteringly
enframe
zoometry
purger
growthier
dumbing
unyoking
hyaenas
peregrinates
leglike
tuxedoes
sealants
accustoms
jesuit
sporoid
mummies
subcompact
zilab
yet
scaring
agleam
clippings
postrevolutionary
linocuts
princocks
pangenes
antisciences
ransoming
reaggregation
perjures
psychically
diagraming
blackjack
trompe
clings
cashaws
boost
batteaux
chafers
babushka
medicinals
coquetries
precipitously
treelawn
overdecorated
prepuberties
contingences
jarhead
sangers
prostrating
doweling
ellipsoidal
shallownesses
surprizes
treelawn
universalism
sporangia
maintain
woebegonenesses
phosphomonoesterases
analogy
fitches
interdigitating
mesomorphic
heartbeat
boson
defilade
osmosed
arteriographic
chickadees
reroller
wisses
weaponing
polychrome
smirch
osmol
forester
trilbies
theologizes
brakeless
enumerable
espy
benevolence
tuneful
abjectnesses
uninhabited
logbook
merchant
preshrunken
webbiest
lovemaking
rimrocks
fruiting
conk
kenafs
alphabetize
kvetching
fuss
peacher
peccancy
sympatric
indult
uncloak
prevail
impatiently
rhymesters
netsuke
submarkets
scar
valetudinarian
labdanum
oxtails
neutralize
osmolal
whereabout
agio
steeking
chares
jailer
crabmeats
hypophysial
trichite
scenarios
protonations
caprioles
villainous
dwarf
nonchalant
lot
timberdoodle
noncompatible
greeter
unjointing
mercers
recommending
compassed
dribbling
inaugurated
misanthrope
backfitted
infrastructures
soybean
whapping
gouaches
sackings
cooking
wieldy
perithecium
protohistorian
ecstatically
antechoir
espouse
shelve
tightfistednesses
brokered
clinged
latinizations
vergences
chemotherapy
scroops
honesties
playground
pastoralist
imperatorial
antineutrons
gulfy
guildhall
termtime
actomyosin
naturopath
forksful
tochering
impactor
missuiting
fictionalised
windpipe
unfading
reappointment
treelawn
regrate
boffing
roseries
oscillatory
unblocking
assassination
trench
recodify
crossnesses
amuck
solarium
oink
sicknesses
slotbacks
bluming
polygon
incontestability
fustinesses
fantasist
iridosmines
recorks
serotoninergic
girlishnesses
preshrunken
dimerizing
bioelectrical
terminology
replicas
circumcise
postinoculation
halloaed
misstyle
chiffonade
veratrines
liger
couthie
lot
wetbacks
undine
outsparkling
tall
supersoft
radials
praiseworthinesses
unenthusiastically
leaching
inscribing
salters
evoker
bloodbath
gaily
meager
conjunction
quaiches
tangle
choriocarcinomata
understandability
hoorayed
disconcertingly
soybean
gyrostats
moonshot
shamble
ectotrophic
chibouque
blobbing
somatomedins
boscages
dedifferentiates
womaned
revivalists
dieldrins
presbytery
pieceworkers
paperboard
papulose
poverties
videoconference
doling
reflying
trifurcation
racialistic
remated
enneagons
angiocardiographic
beautician
adherent
estaminet
mesquits
trepanned
carnality
anorthositic
ickier
bravados
gallivant
underlays
gegenschein
improperness
heehaws
intercountry
appositenesses
canities
bungs
sarsar
actomyosin
problematically
blandishes
recane
pensionary
morphing
entozoic
intercrosses
liked
girlishness
heartsick
shark
vertices
hypercivilized
subsidization
secularising
kestrel
speels
octane
trifurcation
multiprocessors
solemn
letterbombs
exegetist
shikaris
sayest
embryon
topping
makereadies
counterpane
wirelessing
crinkled
compositely
trapanning
headliner
unbelievably
restrengthen
bemean
aquatic
detickers
acrolects
peristomes
fuchsins
bedwarf
catechization
fourteener
subprojects
enrapturing
bestudded
stonecrop
cleric
siziest
planches
heteros
ocreae
activizing
dimly
seabed
pulsing
protectoral
lattice
crossed
corymbose
drainer
peristomes
phonier
polling
overdominances
concavities
plane
overbrief
conk
guildhall
impracticably
boffing
vesuvianites
rundown
cosied
grange
boondoggler
preprocess
sinicizes
fossas
corncob
quinines
riverfront
exodoi
wrigglier
overreach
drogues
blub
attempering
conservers
comedos
finest
semitonic
preponderate
fluorocarbon
mag
reseason
improvisatori
strangler
hypomorphic
mimickers
moisturising
radiographic
boules
coagulate
tritheistic
botanized
coughing
richen
periods
dovens
pallets
infrangibly
syllabary
drain
aspergilla
chaunting
racialistic
reinstates
lignifications
transcendentalisms
astronautic
gingerbready
kaffir
hypomorphic
erses
flawed
frigidity
caulks
rollicky
dimerizing
playback
gravida
sensualisms
wapping
board
guffaw
overlarge
mannose
stats
runic
eyra
inearth
pupils
salicine
surging
lathworks
uke
kinglets
amuck
lookalike
yellowtails
semitists
threnode
necromantically
gemot
faiths
isobutylenes
pudenda
outsmarting
magnetons
bipedalisms
pantywaists
ulva
stuntedness
airlessness
clubhauled
embryon
viseing
bakshished
eucalypts
robands
passible
oh
coliform
dunams
fuji
booing
quadrantal
porticoes
selvedges
whortle
conclusiveness
benedicts
milligram
culturally
tintinnabulary
infuriating
reproofs
selvedges
psychiatry
inexpiable
frothy
springtime
reciprocally
racialistic
posturer
quindecillions
eledoisins
roc
masculinise
unordered
miseducated
noontide
presumption
unifaces
praetorians
cleanse
atom
stoics
autotomize
instantiates
users
nonphysician
demineralized
counterfoil
decoding
melamines
subpenaed
reflowers
arctic
gravimetry
bounties
candlesnuffers
width
barn
deleteriousnesses
firelight
leaners
soland
fearfully
coronels
readapt
hidalgos
ricers
unslaked
bawdric
chasers
conjunctively
uncustomarily
polytonalities
eastward
frothy
poached
summon
biometeorological
ampleness
jaggeder
nonregulations
fluoresced
wormwood
aggression
hockshops
digressions
tumescence
superheat
subassembly
shower
ensconced
decadencies
satirist
makefast
defilade
crematoria
bevatrons
pretermission
prorogation
delicious
embryos
cognizers
windbags
negligibilities
maximized
yerba
christening
numerologists
rezoning
grieved
meagre
polychrome
printhead
myxoma
endodontically
sinters
unction
inelegance
saphena
fuchsin
uncloak
nicol
hutted
nohow
antireform
shredded
grandiloquences
discussant
homespun
groved
fuggiest
cockshut
roebucks
crinkled
epithelizes
trotlines
gulleys
additional
meritorious
delivered
sheltas
unhoused
imbody
condylomata
unclogging
ensigncies
pollinated
metamathematical
incommoding
sentenced
figured
postapocalyptic
obscurantism
deescalation
nixing
probability
drawerful
druggie
owe
postmodern
bladderlike
virologist
rheumatizes
plimsoles
stuntedness
euphenic
erect
pieceworkers
septicemia
tropically
proliferate
acanthi
substantiating
salivators
barrennesses
bicrons
simmers
adductors
leadoffs
chipmuck
undulates
invasivenesses
misinterpret
scantiest
kilts
fogyism
sirras
commensuration
cantatrices
gay
harvesters
phenomenalistically
valuated
darners
dollies
putz
wady
estoppels
interrogated
antistate
divinising
concerting
formate
dill
indagates
trets
sudatories
underlays
pristanes
thundering
circumcise
frizes
schizogonies
farts
unreasonablenesses
sclerite
implement
putrefying
wishless
straightbreds
brighten
phosphoglycerates
benzol
torpidly
waesuck
engrossments
biometeorological
paleoecologies
gonged
approbations
unmemorable
superadd
side
embow
ajar
gillyflowers
sublimenesses
viewlessly
demonstrated
gammoner
jibbed
lingonberry
spumoni
discussant
arraigned
cutups
modicum
cesarians
stupes
booziest
spurn
periphrasis
joyrides
genevas
orangeade
ototoxic
deked
specs
indult
permeate
ceros
penalization
oversolicitous
develops
tentatively
declassed
eledoisins
firms
embolic
ellipsoidal
dost
interdependently
immortalizations
dunams
specking
fromenties
sumptuousnesses
acoelomate
keeling
unapologetic
dezincing
grinded
steek
jaundice
unbelievably
enneagons
intermarried
prosauropods
mandarin
umiaks
canonesses
dissections
sartorius
triseme
amities
taxonomically
timeserver
bluming
splodging
dialectally
bravoing
stockfishes
microspectrophotometers
expeditiousnesses
sealing
truehearted
mummifies
speculation
pasties
spinelessly
arouser
plumply
elucidators
internalizes
dinkies
miscitation
deprivation
nontheist
ragtime
unslaked
nances
gimels
keeling
demagogues
footer
magnetization
spilths
privatives
horologe
eschatology
quillaias
uropygiums
tenebrist
grieved
coevality
reglossed
squabbler
tsores
dipsomaniac
misadd
decremented
triadisms
polymerism
gangrenous
cordilleran
vindicates
upwaft
mitigators
songfulnesses
chacmas
loyalist
aquacades
truehearted
semiabstraction
folkmoots
adorability
girandoles
cymbal
earn
eucalypts
iridosmines
disseminated
backspace
windowsills
fictionalised
frigidity
cockshut
purslane
staffing
heinously
renunciative
creeled
intrapreneur
masquer
dolefulnesses
fellmongery
bebopper
remilitarization
skeanes
valses
browridges
incinerator
engrossments
transferential
participate
impregnations
argosy
decagon
violablenesses
politicization
satyr
quickest
manageableness
syringomyelia
eutrophications
anchoret
hymenal
monophagy
felstones
advections
defibrillator
dueler
behooving
obviousnesses
rises
corgis
reassumptions
objurgates
divinising
presentient
mollie
burl
rehabilitative
fleers
persuasions
computerdom
locoweed
remounting
dogleg
withdraws
detribalizes
formate
poult
fetoproteins
orchestrations
mandamus
bengalines
gorgonize
nonkosher
overissuance
quippus
mechanochemical
deluged
methylals
semicolony
specking
revegetates
aftercare
ripples
sensualisms
balsaming
urticate
yakked
unfreedoms
tearoom
overdramatized
structuralizes
geminal
implode
pettifoggeries
repatriates
sachem
shikaris
bacteriophagy
antistate
depopulate
thyratrons
berrettas
lipolysis
racemism
outdream
leadwort
harmine
zoometry
vamoose
mannose
anecdotalists
rechewed
greatcoat
multiversities
sportfully
spunkiness
lithographed
terseness
gaudy
renig
entrench
professoriats
rhinoplasties
scorbutic
overdemanding
quells
oviducts
spermatozoid
erect
lactiferous
painter
exigency
additional
anticonservation
weensiest
girlishnesses
synaeresis
resuscitation
deuteranope
alum
fruiterer
synergetic
magpie
nones
evacuation
trimaran
impactor
fustinesses
grogginess
demobilizes
trefoil
metamer
turntable
hunnish
conscripting
quantizers
leglike
roubles
elasticity
corselettes
trusts
emblematize
histiocyte
daughters
osmics
treatises
glucuronides
hypersexualities
reeds
cooperator
urology
floriation
concretized
cramoisies
endostea
erections
keratins
cryolites
endocytosis
tholeiite
vetoers
grayness
purfle
floatplane
postdelivery
trespassed
slurp
suiciding
princocks
magniloquences
quatorzes
mollie
bemean
periblem
stillbirths
amylase
schmo
analogizes
groundling
senescences
postulates
misplant
syntactically
eternizes
persuading
blackbody
toughnesses
schmo
sensitivenesses
bowel
osteocytes
retransmission
sweatbox
supremeness
chlorobenzene
streptococcal
muts
pamphleteering
recrudescence
epididymal
eutrophications
contempts
ambeer
shipments
flimsies
drillabilities
striders
beechen
dhal
admonishingly
gunrunning
scurfier
mournful
dewinesses
stickler
heehaws
glister
ideational
birdwatchers
corporeal
flimsy
autoerotisms
wahine
scar
lawless
sori
saveable
makefast
openest
ceremoniousnesses
beans
futilely
boatsmen
militantly
amnesia
mettle
richen
audacious
outhunts
rummage
townfolk
staidnesses
worshipless
precleans
reck
dramatics
sleazeballs
subring
majesty
boules
skelps
bivinyl
juvenilia
fruitlets
oxazepam
penguins
soapworts
piaffe
queuer
dimly
coinsures
rereminded
dehorners
burl
concave
sugariest
varicosed
berrettas
thorning
isotopic
warking
conjunction
metamer
bioconversions
evolutionarily
genial
antievolutionists
eloiner
videoconference
trihedrons
pastoralist
innuendos
cytotechnology
airproofed
renegotiates
outercoats
bemean
cete
lithest
biomedical
crisper
perfervid
minifying
pileworts
blastemal
viviparous
syllabary
preprocess
foveate
hematoporphyrin
firn
urolith
bibliographer
revitalize
unworthy
tenancies
overorchestrated
lemmings
accompanying
egis
calesa
sensationalistic
reticencies
hiss
hardtack
latke
piggybacking
reprievals
scramble
dirl
eutrophications
pentarchs
refocussed
illuminati
hammier
unanticipatedly
hideosities
slappers
lagers
inauthenticities
bemaddened
tractor
sledge
paisa
overdecorated
nonenforcements
riling
compellable
douses
postulates
stride
emersions
tussores
tzarism
aquacultures
newbies
afoot
haul
stevedoring
richens
califate
antibacklash
faintish
radiometers
gaucher
azan
saturniids
downspouts
unthreading
overemote
termers
unhoused
warned
orthoses
impale
prostrating
beloveds
pudency
subtilins
misdirect
kersey
ruptures
loaner
removes
antimasks
revivified
prunelle
disconnections
honorariums
antinepotism
ensconced
bivalents
pleuston
cashiered
manageableness
cardiographies
haboobs
cleric
oscillators
belayed
evaluation
headache
swordtail
histiocyte
seventeen
magnetization
drabble
hyperglycemia
deracination
menhirs
brassiere
burgs
liegemen
conto
scariest
chinless
lot
openest
mannish
instantiates
forebody
waesuck
oilcup
epheboi
llano
dialectally
imperceptible
escalated
pignuts
biospheres
phagocytosis
racehorse
relator
missioners
noncommercials
dioptase
fiberboards
imps
porting
disconcertingly
satiations
miniscule
counterprotest
anapestics
outdodging
indirection
hooping
pozzolans
guylines
rostrate
passings
convulsion
perikaryon
curved
ail
cogently
necessitations
pyrometallurgies
killings
allelopathy
conscripting
larded
braze
palais
dueler
geminal
workroom
poppas
subcrustal
basions
colophon
fanes
shools
rearing
disfurnishment
smilingly
southernness
anthropomorphizing
parsable
homophobic
osteocytes
ranging
invigorator
undernourishment
placekicked
domiciliated
turfed
inference
notturno
vincibly
gasolinic
hagdons
contradictories
booboisies
dill
hylozoic
dragger
popcorn
otocystic
whinnies
feedlots
upbeats
bosons
thermoregulators
sacbut
hegumenies
conferrers
joyrides
ensnarled
supra
medulloblastomata
willower
axles
dataries
responsiveness
butyrous
sacraria
seemer
hoorayed
gradus
johnnies
complexion
centigrams
phycologies
practises
crueler
frays
diastases
protectory
gourmandisms
gasconader
clink
cabezone
hauteur
minefields
tar
flannelettes
wirelessing
diagonalizable
hypersusceptible
outsees
ginned
chemoautotrophic
subinfeudates
mineralization
notturno
gramas
fantast
fled
missions
calcimine
recanters
bediaper
earn
passbooks
jerry
finks
huffily
quadruplicities
crinites
outthrust
diastole
babas
overlearning
peaced
clings
predicating
fluffy
calumnies
wainscoted
consumption
sacraria
postmasters
mispoints
almsman
vaporizers
meliorating
aggrieved
multilevel
unpatriotic
accidies
prematureness
presweeten
posies
unmined
outfooling
shelve
dissimilarly
flushable
hiring
klephtic
jugular
imperators
uncleanliness
bota
enumerating
soapwort
grimace
regrettably
palais
unissued
pangenes
cite
termtime
shopboys
brickyards
raffling
sannup
converter
satinpod
nonuniformity
chicos
diffusenesses
piles
drouthy
ceros
dykes
scow
jotters
passbook
miners
thermoperiodicities
skitters
disavowable
prelatic
intrapreneur
aspergilla
saltires
skimo
rhabdomyosarcomas
magnetons
nefariously
limes
bothrium
martyries
brontosauruses
overpromised
heuchs
dichroscopes
randomization
chlorpromazine
confounding
memorization
greenmail
prosimians
unjust
shake
erupted
cocounsels
maned
disenfranchisements
tuneful
dalles
umlaut
phosphoglycerates
overlarge
godfathering
hypercalcemias
finagle
preconviction
overnear
rightful
dispatcher
buggeries
inimitable
fissions
ablution
calculator
rented
penuchi
comatik
halidom
decasyllabic
phlebographic
overdrove
noncorrosive
deiform
tremendousnesses
springiness
spews
albino
flagstaff
dangles
dovening
diffusible
buccaneers
blintz
hemoglobinopathy
idealists
brownfields
terebic
cloudlands
endodermis
phis
bothrium
hoppy
telencephalic
macrophotography
reprivatizing
bioconversions
clubhaul
sapiences
reseeks
hybridities
inthral
mezzo
saliencies
tillers
frenzy
synaeresis
nonbreeder
aggies
anserine
guzzle
sounded
mamba
counterpropagandas
overweight
portholes
colubrids
tapalo
generating
shlepps
emulsification
holla
regrettably
impracticabilities
excerpted
dialectally
inexorability
reporters
rancheros
seels
inelegance
hindmost
shipments
suppressibilities
hyperalert
coleseeds
porticoes
conceive
coryphees
aromatization
overnear
tefillin
atria
guzzle
immaterialisms
handblown
summerier
scrummages
symbiot
melanosomes
convexities
sheepshanks
benchlands
anarchist
impercipience
bint
agreeability
enravishes
swats
pronation
psyllium
billeting
plastic
crupper
rearing
stolons
blackbody
divinising
cordilleran
mojoes
magnetons
blobbing
shlepps
chalybeates
nitpicky
beg
digitately
reasonable
outrange
boscages
blandished
cockney
warlike
hypersusceptible
schmo
porter
diffusible
landgrab
ovarial
resembling
havening
sweetness
pinealectomized
crupper
quanta
barnacles
cladistically
rolfs
intellectualities
grandstander
conceptacle
vulgarizers
tooled
clinker
wipeouts
sirras
uninhabited
frothier
scunner
ogress
cetologies
sanatoriums
smegmas
scrapes
fills
coshers
polluting
selvedges
briar
chaunting
rhinestone
tunablenesses
quadriphonics
festooneries
subminiature
kenafs
drunken
chamises
hymenopteron
pleuston
airfreight
superexpensive
breezily
squeeze
coped
reflowers
galabiyas
cabezone
fluorides
intimidatingly
recallabilities
boscage
glasnosts
brakeage
loathsomeness
hurds
militantly
tamandua
muter
retransmission
foveate
retreats
dirndl
bramble
prepuberty
victory
glassmakers
unliving
provided
unkent
missionization
postsyncing
attaints
rumpled
sliced
flameouts
posturer
professoriat
conjunction
cog
dehorner
jinker
outcavils
menthenes
obelizing
osmoregulations
sublimenesses
poller
shools
hawthorn
solidified
appending
venturers
canities
examinations
guardian
dottinesses
mimer
bearishnesses
endoergic
propellents
briar
silicium
remoteness
beans
calender
ambeer
hayricks
ornerinesses
crystallography
quadrivia
endlessnesses
tabulis
dashpot
richest
peace
clodpole
bullterrier
dragnets
dietetics
domiciliated
shellacking
tsuris
deliriousness
electrolytes
muzziness
psychologise
codeina
technologized
kazatsky
gramaryes
cleanse
cliquishness
detract
email
cannibalism
preliterate
partners
anthocyanins
borshts
companionways
leadoffs
baldrick
daggle
accipiter
carrageens
demonisms
spittoon
attempt
ligatured
choicer
declarant
believe
cadaverously
fathead
fainer
snooping
mineralization
biomedical
job
cultivators
copurified
reviles
ravelly
wedelns
sudatories
erect
tenebrist
racer
mournful
walkingsticks
gibber
extemporize
libellers
sideswipes
welters
understudy
superstud
accusant
wolfberry
rightsizes
cadency
silverback
splendidness
undertaxed
bittern
jimp
overtiming
roughhewed
travel
deports
sapropels
gobos
anaerobe
lingonberry
deductibility
compliments
hisn
forgoes
ensanguined
anthelions
burin
straddles
disinviting
noncommutativities
waistings
kingfish
chally
gillnetter
culverts
anarchist
litotic
dunts
jading
propitiating
palest
hooping
rootage
miserliness
overcapitalizing
ricked
tannest
braze
bravados
choired
vicinages
miskals
gemot
formatter
photosensitizers
exhausters
oculars
lounging
primavera
gratinee
braving
bialys
retirements
sulphury
ovulates
congregates
nailhead
sacraria
irritable
radiating
litmus
doling
toothbrushings
killings
reinstitutes
neorealist
coronated
cajolements
damage
syphers
cockboat
amaryllises
cholate
reliance
domiciliation
nonconsuming
draped
blackamoors
sacbut
smilingly
ponderousnesses
glucokinase
expiators
binder
synthesize
worths
inlaid
waggles
technologized
kiwifruits
counterpropagandas
tracheitis
facilitating
cooky
bedlamp
conversaziones
disquantities
binder
estragon
petalodies
carates
bromize
lagging
erugos
mummery
hollowest
expeditiousnesses
rhymester
quadrangular
mortgagor
boobies
teeterboards
ingenuous
scutter
subversionary
zygodactyl
tincal
scissor
yecchs
authority
outkissed
guzzled
pirate
meting
neuropterous
beans
slavocracies
cabana
slaughterers
bittersweetness
teraphim
disambiguated
polemicist
pgnixta
overdrive
papyrologies
stonily
platans
embargo
octavos
numismatically
flogger
titrant
techie
preconceptions
ergometers
popsie
haptoglobins
ecraseur
drugget
fustian
lumens
acmic
barehead
madam
whapping
booziest
paviors
coproduce
subgovernments
scruffiest
sraddha
meting
haul
decoupaging
pudency
nonnitrogenous
huffily
cabestro
agglutinate
axils
purposively
octodecillion
claimer
extemporal
overstriding
taillights
iguanians
autoerotisms
whalebacks
facilitating
liger
fathead
recompense
enchantments
madhouses
scaring
helminthology
whapping
mechanoreceptive
crueler
conchoidal
schnozzle
archaizes
outsinned
retraces
ringtoss
moustachio
portamenti
semasiologies
convectors
provinciality
openmouthedly
bonsai
circulation
permittivities
subproblem
windthrow
biotron
throating
chubbiness
hindmost
punctilios
haphtarot
steelwork
rolfs
blackjack
takes
knights
kittlest
wishless
difficulty
sparking
elementary
anhedonia
toiletry
embraceable
lawnmower
belayed
grabs
albas
wardresses
reputation
inelasticities
ruck
kingfish
abductee
departing
mycorrhizae
pushfulnesses
phonogram
unkent
cooking
lot
convinced
polygon
kaffirs
flaunted
grubbiest
sheltas
hydrates
humoured
tommed
break
conjugational
misapprehensions
ejaculated
galabia
spermatozoa
metaphrases
retinted
metacenters
taillights
amasser
wipeouts
glycerinate
telocentric
valuates
pluton
unposted
vociferations
scruffily
parsable
calenderer
execrators
fruiting
foresees
purveyor
bustles
patinates
environing
nutter
krauts
intellectualities
sportfishermen
gemological
impatiens
draped
engarland
reroller
motionlessly
phytoplankter
sunbathing
lotos
repressible
corncob
glowfly
tailing
flow
underinvestments
picoting
fontanel
arousals
zeatin
interceder
breasting
indefensibilities
wends
outfall
seadromes
irk
aligned
arrival
dribbler
heldentenor
grabbled
oscillatory
deaconry
encashed
astrocytic
keratins
stonechats
calisayas
loveable
glasnosts
excurrent
impulsivenesses
branks
squadded
homotransplantations
syllabary
workroom
facilitations
relume
stainability
exigency
aw
photically
diacetyl
gomutis
syndication
perpendiculars
elephantine
tabulis
mellifluous
sonorous
landlady
operatively
feasibility
alembics
quinines
composited
angel
reroutes
taxonomically
kibble
withy
antinature
burgees
passbooks
blisteringly
banterers
misinterpret
lavendered
embargoed
mystery
weediness
midfielders
intemperatenesses
oversewing
blizzard
venisons
kingfish
eucaine
glutinously
gonorrhea
dalapons
antipolitics
adaptive
sill
dunts
bleacher
muddier
cooking
spectroheliographs
nonshrinkable
racemed
termers
desiderating
homophobic
jotters
parasite
neglectfulness
ballgame
aminoacidurias
outage
vasculitides
reinterpreted
guano
alphanumerical
depopulated
gliadin
libellers
goose
kermeses
asphyxiating
labour
roundabouts
swill
phenolic
diptyca
proselyte
methysergides
duolog
mademoiselle
sparging
dichroscopes
coauthorships
fraternalism
nunneries
conciliar
saponin
users
clambake
chronobiologic
hosepipe
mettled
cowbird
congelation
biospheres
matres
miners
emulsifications
phosphores
choanocyte
codeina
dopier
profiteer
gunsmithing
garrote
trumpeters
pyrolizes
bonsai
propitiating
prognathism
dietetics
crisper
syphering
crambes
philoprogenitiveness
peasantry
hovering
goldfields
courageous
barges
boffing
jetports
utilidors
portamenti
pasticcios
peskily
jarovizing
discrowning
poult
hydrocephaluses
limey
uninhabited
mazes
intubated
minify
firms
pilules
mussiness
feces
chamoising
inverses
fazing
stabiles
noncontinuous
secularises
quinoa
twitchers
drizzliest
pentarchs
assassinates
scaring
tidily
squeeze
hairstyling
nonshrinkable
scintillas
mollify
subjoins
judicially
propitiousnesses
overrides
puerility
bimethyls
boodler
females
strunting
karyotyped
neocolonialisms
steeking
throbber
teeterboards
resoling
poverties
inspectorate
analogizes
parterre
trashed
ozonic
passible
malaprops
cantatrices
fubbing
cabstand
coryphees
amplidyne
tiemannites
brantail
watcheyes
loofa
drank
surveillants
pseuds
flirtations
giraffish
yerba
kotowed
hitherward
disproportionates
ricinuses
gradates
homomorphism
slobbish
epiphytotic
reposed
pallets
fatigable
flashers
mottling
pecky
disillusioned
fusulinid
satyr
counterpose
moustachio
trepanned
librarian
quinic
headliner
postapocalyptic
antechoir
daily
endeavors
muddier
mag
guildhall
improvise
wainscots
reassembled
trapezoidal
crankiest
klatch
strongboxes
melamines
indign
suretyship
pissed
ebon
objectionablenesses
constative
postmasters
princocks
resends
preconviction
bemuzzles
influentially
subcuratives
cesarians
belayed
vociferations
pozzolans
tongue
illimitable
undoubling
quadruplicate
transferable
denticulated
caramels
designee
delfs
isthmoid
helminthology
kernels
rewakes
astronomical
convectors
eldership
miseducated
leisurelinesses
haptoglobins
difference
atropisms
loveable
ironmongers
lifesaver
impracticality
akene
valiantly
trapanning
judokas
email
coagulants
preservers
dizening
yeshivoth
scallop
urolith
archenemy
renegotiating
lofter
caulks
sumptuousnesses
backfilling
carbonizations
chickening
drawliest
fleet
countinghouses
asylums
heavy
gourmandisms
citrullines
boweling
choired
cowflap
tiemannites
langley
fenurons
hyperlinked
orchestrated
novelists
solacements
biathlons
mickeys
epineuria
accelerando
hanapers
mortars
kurtosises
polynyas
structuralizing
terraces
booziest
entertainments
topcrosses
kvetching
towed
typification
determines
flashboard
clunkiest
swaggered
professoriats
crisper
dribbled
torrefying
flagrances
unsoaked
mag
nebulousness
eutrophications
communistically
sassafras
cordilleran
landfill
summas
complexioned
superabsorbent
weediness
homeothermies
voguishness
doughtiest
eradicating
shorewards
nasally
eviller
bookstore
uncivil
cantatrices
pneumatically
convertibility
lignifications
heptagonal
galligaskins
marish
interferons
fearfully
apraxic
anthocyanins
recorks
inelastic
chiropteran
crabber
coda
pelargonium
abreaction
communist
bawdric
spittoon
gophers
entrench
memorising
distills
exegetist
crueler
flavorsome
dissimilarity
osmolal
felicitating
wrigglier
estovers
enciphering
bratty
timeserver
gaily
hantle
agleam
antinature
gangrenous
cervicitises
sympathizing
regear
rook
oculars
rumble
incantatory
coassumed
guylines
colonelcy
scabbing
jujuist
cooling
hyperalert
impracticably
struck
klatch
computerdom
shrinkable
windowsills
lalland
prolepses
leaching
eugeosynclinal
phosphoglycerates
synclines
riskless
professoriat
vestrymen
stonechats
overhuntings
metalmarks
phagocytosis
goldfields
detraction
dejectedly
deathlike
tael
aw
protrusible
candlesnuffers
overreaches
cabinetmakers
uroliths
rabbling
postmasters
thumbkin
scrappinesses
dehorner
autotroph
uncle
bedeck
spillways
theologizes
saprozoic
sapajou
glyceryl
instruction
hecatombs
sublimenesses
hyperkinesias
puree
banterers
termtime
stoats
effluvia
ruck
lapful
vetoers
precreases
solecistic
charlatans
comestibles
trochili
blarneys
heptagonal
daggle
outhunts
peril
healed
ultramarines
fuss
prohibitivenesses
antilabor
hetaeric
adores
undidactic
accomplices
brevities
caws
scariest
tenorist
sloppy
dowse
transubstantial
consul
friendlier
pseudomorphs
illicit
radiotherapist
subcrustal
butterweed
polymerism
tribesmen
flimflams
rhytons
stagnancies
unbelievably
masturbator
seasoning
vertices
skimo
overdecking
marquetry
chaufers
backfilling
albas
compony
requins
aphorists
splenia
hardpan
supermachos
sprat
organophosphorus
hypermedias
astrologically
skies
uplinks
quilter
accomplishing
kylikes
tics
blandishes
dockmaster
groved
nonmusician
subcrustal
nudger
osteoarthritides
jiggered
termers
departing
citrins
ineradicabilities
muter
intercorrelations
signer
factitive
intellectualities
immixtures
somebodies
candlesnuffers
ungratefulnesses
summoned
extincted
natal
mixable
bibliopegist
splendidness
heathier
tabulis
weak
preponderantly
alliaceous
wears
microlepidopterous
mudpuppies
archives
preenacts
crapes
fabric
vugg
tetanizations
roughhewed
funkier
weight
syphering
loathsomeness
dowel
incandesces
wurzels
parasite
rase
enterprising
liegemen
ultimately
lactiferous
palmerworms
constructionist
courters
expedience
splodging
sunfish
hebetudes
postulates
sinters
tabled
ironstones
ablate
boscages
eledoisins
alkalizing
boondoggler
clanking
maniocas
betoken
finagle
underpublicized
gonidic
closetful
archerfish
forties
iproniazids
yokel
chunks
courants
divas
bow
disconcertingly
breezily
implement
attributively
syllabary
poisonwoods
tameable
inoculated
servitude
unveined
engrossingly
genro
bioavailabilities
dandify
bipropellant
coitally
millimhos
groggily
argosy
streets
oversee
refired
huddles
fizzing
townfolk
gurshes
foreteller
autumnally
flubbing
forbiddances
berseems
lustfully
unmown
erupted
bluejay
warned
discerning
scrutinises
caprioles
immunocytochemical
unclogging
optimizations
merits
glycosylating
cleric
preenacts
unintelligible
disportments
stonecrop
befuddlements
gerrymanders
instruction
mickeys
neatest
sentimental
ambitiousnesses
ceros
assortative
boondoggler
motionlessly
shags
anaplasias
macrophotography
buccaneers
prod
opalescing
scenographies
precedent
ozocerites
neutralize
jerky
purported
emancipationists
pudency
activize
presumptuousness
coitus
ethnocentricities
interconvert
nidifications
feasibility
thanatoses
walkingsticks
consumption
digged
corticotropin
crinites
mobs
dorsel
littlish
anchoret
windowpane
defocus
eyrir
dissociates
wholism
brakeless
secret
suspiration
psychically
situational
forgather
overfatigues
interclan
promiscuousness
seadromes
videoconference
organoleptic
civilizer
ignominious
senescences
sequestrums
meow
disadvantageousness
student
dawk
dislodgements
factotum
gaily
acetyl
scrapheap
jerkinesses
affective
supersensitivity
precipe
sniffler
claimer
palest
firedamp
fortuitously
outgnaw
mystery
pensive
doughtiest
hypoxanthine
alphanumerical
jailbirds
leadings
demonstrated
subrogating
houselessness
scudo
knurl
parodying
gluiest
shapeless
storming
framings
guzzled
airfreighting
saliencies
lookalike
evertors
maharani
gypsydom
summersaults
booklore
multiprocessors
coastguardsmen
foiled
catholicoses
arpeggiates
pileworts
bediaper
bustlingly
perishing
dissimilarly
famishes
seventeen
tiki
jerkins
bobsledding
humorful
groundling
pujah
gleefully
naggers
sewage
ruinable
chemotherapy
scrapheap
skimo
galbanum
pudenda
limpsier
aestivations
rehearings
logbook
disparagement
quadrat
necropsy
colophon
objectively
psychometries
ringhalses
counseling
massacrers
sickled
gulfed
narwal
hayrack
subminiature
mels
erupted
laneway
hardstanding
lot
acceleration
peacher
gomutis
picoting
radiotelephonies
earphone
sperrylite
dunams
apraxic
gantlets
beginning
regrettably
nasally
revoltingly
pujah
naggers
terrane
brunches
passbook
chipmuck
basined
vugg
recorks
joists
haulier
riskless
tracheolar
decontaminates
shapeable
pennywhistle
thro
defenestrate
unhoused
acyclovir
unbelievably
beclowns
abhors
landfill
ginned
poached
ovisac
shrimpers
scrapheap
substratum
superbillionaire
psychologises
faqirs
grange
weepy
mineralogist
pummeling
aminophylline
electrotonically
obeahs
apophthegms
commodifications
kheth
cloddiest
residents
clach
disulfotons
swingletrees
geoscientists
caws
convulsion
escalated
scenographers
servitude
thickly
amoxicillin
guys
wonderment
imagine
justed
conniption
grig
hardpan
startling
carles
munched
philanderers
quells
tinderbox
toxoplasma
reentrants
sanitises
pinto
misdefine
optically
believe
determinism
sugariest
burgesses
bittersweetness
undernutrition
almsman
channeled
snorkelers
subclerks
lignifications
refolded
gypsy
dodgems
visualizers
incongruousnesses
waveshapes
pastiches
dextrin
shools
trilbies
collagenases
outplot
toluyls
tarradiddle
tintinnabulary
side
detest
sincere
quarreller
ghis
garter
outyelped
reekers
monosteles
hillocky
exhausters
speakerships
incongruousnesses
stepparentings
electroscope
tarantellas
nonconclusions
semioticists
isotopic
radials
nitroso
mulling
recommending
confederacies
myricas
comptrollers
oh
nonnovels
chubbiness
sensualisms
semantically
alarmist
pends
dodos
email
inoculants
licensable
logograph
deflowerers
simulcasts
gyral
fimbria
saffron
sprat
gay
soundboards
saphena
yoks
moonlighter
bargee
reconcentrate
corgis
conducive
reptilians
broomier
apomorphines
anathematizing
drabber
undermanned
recompilations
setter
cobalamins
intercensal
fustian
richens
pudency
gloxinia
unslaked
rondure
frail
placid
roaringly
teletypewriter
shikaris
prolonges
fructified
whinnies
fondle
inoculants
intrathecally
companionways
hazels
zanders
affricates
megohms
mitigators
noncompetitive
plaguing
fluviatile
pemicans
unelectable
collapsibility
spectrophotometry
rondure
moufflons
speakeasy
redden
daces
ickier
grabs
bifold
takas
toiletry
charr
subtilins
liked
silverback
snoozier
dashpot
manageableness
jauping
billeters
sculpturesque
repolarizes
lampblacks
unhoused
prestressing
discommended
barn
giraffish
nonincreasing
vampish
declassed
atheistically
thymols
constructionist
tersenesses
infantility
straplesses
unreasonablenesses
meager
snuck
underpublicized
phototube
glutinously
metacenters
refreshed
dahlias
hypomagnesemias
adultlike
mickler
immingles
corrective
raffling
sloughing
shools
disenfranchisements
chymotryptic
potbellies
oncogene
affective
targes
ovately
figured
flushable
pronuclei
microbial
miserliness
mauger
excommunicator
belleeks
exception
earthlier
superhighways
cotyledonary
impleaded
illogically
sightings
muggings
firerooms
droughtiness
dizziness
muonic
goethites
ocreae
copiousnesses
putz
slugs
insphering
satirically
pocketing
metastably
foveate
foppishnesses
astringed
rewakes
glutamate
jiviest
miseducated
wino
homonymously
iodophors
mesquits
attenuating
reposed
bubblies
veridic
orientalized
sympathectomized
incrustations
barges
convects
sarins
zincing
blams
utilidors
snoot
dehydrogenation
overemote
redolence
zecchini
outfoxed
artillerymen
skewed
exhausters
outrange
bimethyl
masturbator
honan
assemblies
dibblers
abhorrers
overissue
viscousness
limnetic
commiserating
streptococcal
reseizes
suicides
pointmen
requirers
perjures
drugged
unsubdued
interferometrically
agglutinate
piki
blistering
heteros
leavy
outfumbles
wolverines
enfeeblement
subassembly
mumping
soudans
snag
kvetching
allylic
undergirded
arpeggiates
transduce
hylozoism
vagina
phis
photometer
amortizable
longheaded
prepay
tramless
modems
corticotropin
manuscripts
streptomycin
abashes
operatively
scamp
excurrent
ecraseur
eagerly
skivvy
clang
eternizes
palynologist
causewaying
milligram
alkalizing
geostrophically
inconnu
tormenters
courageous
tonishly
trivialization
reputes
zephyr
playwrightings
insulter
seaborgium
discrowning
lustfulnesses
stepparentings
shelves
recognising
encephalomyelitides
pemicans
tetrafluoride
infarction
quadriphonics
plaudit
framings
intellectualities
wyliecoats
harnesses
misdialled
moral
synoptically
braxy
disintermediations
kinesiologies
leanly
jalapeno
anisogamous
combatted
mooniest
once
deftnesses
ependyma
quixotically
skirmisher
pice
persalts
depersonalization
indissoluble
eldership
comfortless
specify
saveable
unfound
globeflowers
regrettably
dotting
springtime
alighted
worriers
diptychs
palpal
richens
preponderantly
brisknesses
cucurbits
renographic
seaport
palmlike
disced
schoolfellows
jotters
uniparental
teraohms
brulzie
candour
untidy
actiniae
renegotiating
courtier
harmattan
scoriaceous
crocus
dramaturgical
locatable
browning
bouillabaisses
outfly
summerier
hydroxylamine
adeptness
muzzles
confounding
flaunted
kaffir
crystallography
soiree
rerigging
redshirts
encouragement
emanating
nidified
backhouses
glyceric
pokeroot
foreyards
reaper
sapremias
sagaman
nonpathogenic
microspectrophotometers
excepting
southwester
milligram
axles
welted
firerooms
bungs
skeletonizes
chewed
vainly
brattiness
netop
fingerpicked
gast
anthocyan
extremity
recommission
amiable
urbanologist
hard
colds
undesirablenesses
eobionts
nosed
boodlers
topsail
crinkled
boatsmen
enter
scandalize
vaporise
habu
augitic
cooking
winemaking
grinding
disfurnishment
dissipated
uncrosses
dramatics
earfuls
ultramarines
bradawls
chalah
machete
outsinned
microtone
befuddlements
skeletonise
necropsy
astronautic
certifications
remonstrate
retrogressions
sinters
krill
ventricle
highborn
floatplane
blackbody
jigsawn
massasauga
modems
summerier
otosclerosis
spurn
midtown
menhirs
whangees
scudo
miscoding
vetches
caloyer
excursively
disaggregating
lagers
cladistically
lecheries
valetudinarian
covert
preganglionic
mannose
soliloquize
nephrectomizes
assassination
waesuck
criticise
curmudgeonly
savvying
batteaux
cullis
guidances
tripped
focusable
paprika
calesa
phallists
unidiomatic
brighteners
elf
protoxylems
worriment
trifocals
madrepores
hypotonicity
selvedges
mismeeting
cosmist
benefit
autohypnosis
flutist
bankruptcy
reboil
quarterfinal
firefangs
wadders
multitudinously
shrivers
worriers
profanity
listels
sweating
quaternary
misadd
relying
bothy
kappas
proctor
millefiori
bramble
sightings
kibla
engining
tankship
crossnesses
centigrams
carrageens
hegemonic
outspoken
overidealistic
impaired
linalools
enumerating
oedipean
piassabas
operetta
evoker
racemed
fluviatile
dramatics
heartbroken
decury
cineraria
countercurrently
liked
reputation
coassumed
embowering
undiscussed
symmetrizing
nonregulations
surcoats
hydrazine
phagocyte
firms
cardiographies
trimaran
rynds
retreats
ransoming
automatable
bullterrier
mambo
abc
defghijk
lmnop
qrstu
vwxy
zyxwvutsrqp
onmlkji
hgfedcba